# BioSET profiling started 2026-07-15T03:55:22
03:57:16.733 [load] comp=6 ch=0 roi=(0:170,0:86) total=115.6ms | assemble=115.5ms | src=CHUNK bytes=85.7KB shape=(3, 86, 170) chunk=chunk-cache[hi:hits=0 miss=0 rate=0% evict=0 entries=0 size=0.0B | lo:entries=2 size=85.7KB evict=0] fetched=85.7KB] disk=disk-cache[hits=0 misses(remote)=6 rate=0% evict=0 size=52.9KB/8.0GB keys=5]
03:57:16.733 [vtk-image] view=main total=0.3ms | ascontiguous=0.0ms numpy_to_vtk=0.3ms | shape=(3, 86, 170) bytes=85.7KB downsampled=False
03:57:16.771 [load] comp=6 ch=0 roi=(0:170,0:86) total=0.5ms | assemble=0.4ms | src=CHUNK bytes=85.7KB shape=(3, 86, 170) chunk=chunk-cache[hi:hits=0 miss=0 rate=0% evict=0 entries=0 size=0.0B | lo:entries=2 size=85.7KB evict=0] fetched=85.7KB] disk=disk-cache[hits=0 misses(remote)=6 rate=0% evict=0 size=52.9KB/8.0GB keys=5]
03:57:16.772 [vtk-image] view=main total=0.3ms | ascontiguous=0.0ms numpy_to_vtk=0.3ms | shape=(3, 86, 170) bytes=85.7KB downsampled=False
03:57:24.761 [background-load] comp=4 gen=4 total=5.0ms |  | channels=1 stage=1/1 queue_wait=223ms chunk=chunk-cache[hi:hits=0 miss=0 rate=0% evict=0 entries=0 size=0.0B | lo:entries=2 size=85.7KB evict=0] fetched=85.7KB]
03:57:25.098 [render] kind=still total=14.0ms | gpu=3.6ms | 
03:57:28.246 [background-load] comp=5 gen=8 total=1.5ms |  | channels=1 stage=1/1 queue_wait=179ms chunk=chunk-cache[hi:hits=0 miss=0 rate=0% evict=0 entries=0 size=0.0B | lo:entries=2 size=85.7KB evict=0] fetched=85.7KB]
03:57:28.589 [render] kind=still total=17.8ms | gpu=11.2ms | 
03:57:29.050 [render] kind=still total=11.8ms | gpu=3.9ms | 
03:57:30.046 [render] kind=still total=11.6ms | gpu=3.1ms | 
03:57:33.231 [render] kind=still total=9.7ms | gpu=2.0ms | 
03:57:34.449 [render] kind=still total=13.0ms | gpu=4.3ms | 
03:57:34.998 [background-load] comp=5 gen=15 total=1.2ms |  | channels=1 stage=1/2 queue_wait=223ms chunk=chunk-cache[hi:hits=0 miss=0 rate=0% evict=0 entries=0 size=0.0B | lo:entries=2 size=85.7KB evict=0] fetched=85.7KB]
03:57:35.000 [background-load] comp=3 gen=15 total=2.0ms |  | channels=1 stage=2/2 queue_wait=224ms chunk=chunk-cache[hi:hits=0 miss=0 rate=0% evict=0 entries=0 size=0.0B | lo:entries=2 size=85.7KB evict=0] fetched=85.7KB]
03:57:35.335 [render] kind=still total=12.0ms | gpu=3.6ms | 
03:57:37.736 [background-load] comp=4 gen=18 total=2.8ms |  | channels=1 stage=1/2 queue_wait=175ms chunk=chunk-cache[hi:hits=0 miss=0 rate=0% evict=0 entries=0 size=0.0B | lo:entries=2 size=85.7KB evict=0] fetched=85.7KB]
03:57:37.744 [background-load] comp=2 gen=18 total=8.0ms |  | channels=1 stage=2/2 queue_wait=178ms chunk=chunk-cache[hi:hits=0 miss=0 rate=0% evict=0 entries=0 size=0.0B | lo:entries=2 size=85.7KB evict=0] fetched=85.7KB]
03:57:38.068 [render] kind=still total=12.4ms | gpu=3.6ms | 
03:57:47.791 [background-load] comp=3 gen=21 total=4.3ms |  | channels=1 stage=1/2 queue_wait=160ms chunk=chunk-cache[hi:hits=0 miss=0 rate=0% evict=0 entries=0 size=0.0B | lo:entries=2 size=85.7KB evict=0] fetched=85.7KB]
03:57:47.810 [background-load] comp=1 gen=21 total=19.0ms |  | channels=1 stage=2/2 queue_wait=165ms chunk=chunk-cache[hi:hits=0 miss=0 rate=0% evict=0 entries=0 size=0.0B | lo:entries=2 size=85.7KB evict=0] fetched=85.7KB]
03:57:48.132 [render] kind=still total=13.2ms | gpu=4.9ms | 
03:57:49.456 [background-load] comp=5 gen=27 total=1.4ms |  | channels=1 stage=1/2 queue_wait=240ms chunk=chunk-cache[hi:hits=0 miss=0 rate=0% evict=0 entries=0 size=0.0B | lo:entries=2 size=85.7KB evict=0] fetched=85.7KB]
03:57:49.458 [background-load] comp=3 gen=27 total=1.7ms |  | channels=1 stage=2/2 queue_wait=241ms chunk=chunk-cache[hi:hits=0 miss=0 rate=0% evict=0 entries=0 size=0.0B | lo:entries=2 size=85.7KB evict=0] fetched=85.7KB]
03:57:50.004 [background-load] comp=4 gen=32 total=1.8ms |  | channels=1 stage=1/1 queue_wait=258ms chunk=chunk-cache[hi:hits=0 miss=0 rate=0% evict=0 entries=0 size=0.0B | lo:entries=2 size=85.7KB evict=0] fetched=85.7KB]
03:57:50.342 [render] kind=still total=11.1ms | gpu=2.5ms | 
03:57:51.331 [background-load] comp=4 gen=34 total=1.4ms |  | channels=1 stage=1/1 queue_wait=171ms chunk=chunk-cache[hi:hits=0 miss=0 rate=0% evict=0 entries=0 size=0.0B | lo:entries=2 size=85.7KB evict=0] fetched=85.7KB]
03:57:51.670 [render] kind=still total=12.0ms | gpu=4.3ms | 
03:57:53.001 [background-load] comp=4 gen=35 total=3.0ms |  | channels=1 stage=1/1 queue_wait=239ms chunk=chunk-cache[hi:hits=0 miss=0 rate=0% evict=0 entries=0 size=0.0B | lo:entries=2 size=85.7KB evict=0] fetched=85.7KB]
03:57:53.338 [render] kind=still total=11.9ms | gpu=3.8ms | 
03:57:54.762 [background-load] comp=4 gen=36 total=1.7ms |  | channels=1 stage=1/1 queue_wait=165ms chunk=chunk-cache[hi:hits=0 miss=0 rate=0% evict=0 entries=0 size=0.0B | lo:entries=2 size=85.7KB evict=0] fetched=85.7KB]
03:57:55.104 [render] kind=still total=16.4ms | gpu=3.5ms | 
03:57:57.103 [background-load] comp=4 gen=37 total=1.8ms |  | channels=1 stage=1/1 queue_wait=155ms chunk=chunk-cache[hi:hits=0 miss=0 rate=0% evict=0 entries=0 size=0.0B | lo:entries=2 size=85.7KB evict=0] fetched=85.7KB]
03:57:57.445 [render] kind=still total=14.5ms | gpu=5.4ms | 
03:58:02.536 [load] comp=6 ch=1 roi=(0:170,0:86) total=565.1ms | assemble=565.0ms | src=CHUNK bytes=85.7KB shape=(3, 86, 170) chunk=chunk-cache[hi:hits=0 miss=0 rate=0% evict=0 entries=0 size=0.0B | lo:entries=4 size=171.3KB evict=0] fetched=171.3KB] disk=disk-cache[hits=0 misses(remote)=8 rate=0% evict=0 size=84.1KB/8.0GB keys=7]
03:58:02.537 [vtk-image] view=main total=0.2ms | ascontiguous=0.0ms numpy_to_vtk=0.2ms | shape=(3, 86, 170) bytes=85.7KB downsampled=False
03:58:02.571 [load] comp=6 ch=1 roi=(0:170,0:86) total=0.4ms | assemble=0.3ms | src=CHUNK bytes=85.7KB shape=(3, 86, 170) chunk=chunk-cache[hi:hits=0 miss=0 rate=0% evict=0 entries=0 size=0.0B | lo:entries=4 size=171.3KB evict=0] fetched=171.3KB] disk=disk-cache[hits=0 misses(remote)=8 rate=0% evict=0 size=84.1KB/8.0GB keys=7]
03:58:02.572 [vtk-image] view=main total=0.2ms | ascontiguous=0.0ms numpy_to_vtk=0.2ms | shape=(3, 86, 170) bytes=85.7KB downsampled=False
03:58:02.804 [background-load] comp=4 gen=38 total=3.2ms |  | channels=2 stage=1/1 queue_wait=230ms chunk=chunk-cache[hi:hits=0 miss=0 rate=0% evict=0 entries=0 size=0.0B | lo:entries=4 size=171.3KB evict=0] fetched=171.3KB]
03:58:08.830 [background-load] comp=4 gen=45 total=3.2ms |  | channels=2 stage=1/2 queue_wait=215ms chunk=chunk-cache[hi:hits=0 miss=0 rate=0% evict=0 entries=0 size=0.0B | lo:entries=4 size=171.3KB evict=0] fetched=171.3KB]
03:58:08.839 [background-load] comp=2 gen=45 total=9.4ms |  | channels=2 stage=2/2 queue_wait=218ms chunk=chunk-cache[hi:hits=0 miss=0 rate=0% evict=0 entries=0 size=0.0B | lo:entries=4 size=171.3KB evict=0] fetched=171.3KB]
03:58:09.178 [render] kind=still total=19.7ms | gpu=8.7ms | 
03:58:11.940 [background-load] comp=5 gen=50 total=2.1ms |  | channels=2 stage=1/2 queue_wait=215ms chunk=chunk-cache[hi:hits=0 miss=0 rate=0% evict=0 entries=0 size=0.0B | lo:entries=4 size=171.3KB evict=0] fetched=171.3KB]
03:58:11.943 [background-load] comp=3 gen=50 total=3.4ms |  | channels=2 stage=2/2 queue_wait=217ms chunk=chunk-cache[hi:hits=0 miss=0 rate=0% evict=0 entries=0 size=0.0B | lo:entries=4 size=171.3KB evict=0] fetched=171.3KB]
03:58:12.381 [background-load] comp=5 gen=55 total=1.9ms |  | channels=2 stage=1/1 queue_wait=154ms chunk=chunk-cache[hi:hits=0 miss=0 rate=0% evict=0 entries=0 size=0.0B | lo:entries=4 size=171.3KB evict=0] fetched=171.3KB]
03:58:13.051 [render] kind=still total=11.9ms | gpu=5.1ms | 
03:58:13.926 [background-load] comp=5 gen=61 total=2.3ms |  | channels=2 stage=1/2 queue_wait=201ms chunk=chunk-cache[hi:hits=0 miss=0 rate=0% evict=0 entries=0 size=0.0B | lo:entries=4 size=171.3KB evict=0] fetched=171.3KB]
03:58:13.929 [background-load] comp=3 gen=61 total=3.6ms |  | channels=2 stage=2/2 queue_wait=203ms chunk=chunk-cache[hi:hits=0 miss=0 rate=0% evict=0 entries=0 size=0.0B | lo:entries=4 size=171.3KB evict=0] fetched=171.3KB]
03:58:14.471 [background-load] comp=4 gen=65 total=2.7ms |  | channels=2 stage=1/2 queue_wait=178ms chunk=chunk-cache[hi:hits=0 miss=0 rate=0% evict=0 entries=0 size=0.0B | lo:entries=4 size=171.3KB evict=0] fetched=171.3KB]
03:58:14.483 [background-load] comp=2 gen=65 total=12.0ms |  | channels=2 stage=2/2 queue_wait=181ms chunk=chunk-cache[hi:hits=0 miss=0 rate=0% evict=0 entries=0 size=0.0B | lo:entries=4 size=171.3KB evict=0] fetched=171.3KB]
03:58:14.822 [render] kind=still total=20.1ms | gpu=9.3ms | 
03:58:24.506 [background-load] comp=4 gen=66 total=10.9ms |  | channels=1 stage=1/2 queue_wait=191ms chunk=chunk-cache[hi:hits=0 miss=0 rate=0% evict=0 entries=0 size=0.0B | lo:entries=4 size=171.3KB evict=0] fetched=171.3KB]
03:58:24.516 [background-load] comp=2 gen=66 total=9.2ms |  | channels=1 stage=2/2 queue_wait=203ms chunk=chunk-cache[hi:hits=0 miss=0 rate=0% evict=0 entries=0 size=0.0B | lo:entries=4 size=171.3KB evict=0] fetched=171.3KB]
03:58:24.821 [render] kind=still total=14.6ms | gpu=5.1ms | 
03:58:33.935 [background-load] comp=4 gen=68 total=1.7ms |  | channels=1 stage=1/2 queue_wait=194ms chunk=chunk-cache[hi:hits=0 miss=0 rate=0% evict=0 entries=0 size=0.0B | lo:entries=4 size=171.3KB evict=0] fetched=171.3KB]
03:58:33.940 [background-load] comp=2 gen=68 total=5.0ms |  | channels=1 stage=2/2 queue_wait=196ms chunk=chunk-cache[hi:hits=0 miss=0 rate=0% evict=0 entries=0 size=0.0B | lo:entries=4 size=171.3KB evict=0] fetched=171.3KB]
03:58:34.275 [render] kind=still total=13.4ms | gpu=4.6ms | 
03:58:35.244 [background-load] comp=4 gen=72 total=1.6ms |  | channels=1 stage=1/1 queue_wait=249ms chunk=chunk-cache[hi:hits=0 miss=0 rate=0% evict=0 entries=0 size=0.0B | lo:entries=4 size=171.3KB evict=0] fetched=171.3KB]
03:58:35.583 [render] kind=still total=13.7ms | gpu=5.3ms | 
03:58:36.679 [background-load] comp=4 gen=73 total=2.1ms |  | channels=1 stage=1/1 queue_wait=155ms chunk=chunk-cache[hi:hits=0 miss=0 rate=0% evict=0 entries=0 size=0.0B | lo:entries=4 size=171.3KB evict=0] fetched=171.3KB]
03:58:37.016 [render] kind=still total=12.5ms | gpu=3.5ms | 
03:58:37.373 [background-load] comp=4 gen=74 total=2.0ms |  | channels=1 stage=1/1 queue_wait=168ms chunk=chunk-cache[hi:hits=0 miss=0 rate=0% evict=0 entries=0 size=0.0B | lo:entries=4 size=171.3KB evict=0] fetched=171.3KB]
03:58:37.706 [render] kind=still total=1.8ms | gpu=1.7ms | 
03:58:38.246 [background-load] comp=4 gen=75 total=2.9ms |  | channels=1 stage=1/1 queue_wait=167ms chunk=chunk-cache[hi:hits=0 miss=0 rate=0% evict=0 entries=0 size=0.0B | lo:entries=4 size=171.3KB evict=0] fetched=171.3KB]
03:58:38.581 [render] kind=still total=12.3ms | gpu=4.2ms | 
03:58:46.569 [background-load] comp=5 gen=77 total=2.0ms |  | channels=1 stage=1/1 queue_wait=238ms chunk=chunk-cache[hi:hits=0 miss=0 rate=0% evict=0 entries=0 size=0.0B | lo:entries=4 size=171.3KB evict=0] fetched=171.3KB]
03:58:47.116 [render] kind=still total=12.4ms | gpu=4.4ms | 
03:58:48.114 [render] kind=still total=11.8ms | gpu=3.4ms | 
03:58:50.397 [load] comp=6 ch=1 roi=(0:170,0:86) total=0.4ms | assemble=0.3ms | src=CHUNK bytes=85.7KB shape=(3, 86, 170) chunk=chunk-cache[hi:hits=0 miss=0 rate=0% evict=0 entries=0 size=0.0B | lo:entries=4 size=171.3KB evict=0] fetched=171.3KB] disk=disk-cache[hits=0 misses(remote)=8 rate=0% evict=0 size=84.1KB/8.0GB keys=7]
03:58:50.397 [vtk-image] view=main total=0.3ms | ascontiguous=0.0ms numpy_to_vtk=0.3ms | shape=(3, 86, 170) bytes=85.7KB downsampled=False
03:58:50.414 [load] comp=6 ch=1 roi=(0:170,0:86) total=0.4ms | assemble=0.3ms | src=CHUNK bytes=85.7KB shape=(3, 86, 170) chunk=chunk-cache[hi:hits=0 miss=0 rate=0% evict=0 entries=0 size=0.0B | lo:entries=4 size=171.3KB evict=0] fetched=171.3KB] disk=disk-cache[hits=0 misses(remote)=8 rate=0% evict=0 size=84.1KB/8.0GB keys=7]
03:58:50.414 [vtk-image] view=main total=0.2ms | ascontiguous=0.0ms numpy_to_vtk=0.2ms | shape=(3, 86, 170) bytes=85.7KB downsampled=False
03:58:52.949 [background-load] comp=5 gen=83 total=1.7ms |  | channels=1 stage=1/2 queue_wait=162ms chunk=chunk-cache[hi:hits=0 miss=0 rate=0% evict=0 entries=0 size=0.0B | lo:entries=4 size=171.3KB evict=0] fetched=171.3KB]
03:58:52.952 [background-load] comp=3 gen=83 total=2.2ms |  | channels=1 stage=2/2 queue_wait=164ms chunk=chunk-cache[hi:hits=0 miss=0 rate=0% evict=0 entries=0 size=0.0B | lo:entries=4 size=171.3KB evict=0] fetched=171.3KB]
03:58:53.286 [render] kind=still total=12.5ms | gpu=4.5ms | 
03:58:55.036 [background-load] comp=4 gen=87 total=1.4ms |  | channels=1 stage=1/2 queue_wait=256ms chunk=chunk-cache[hi:hits=0 miss=0 rate=0% evict=0 entries=0 size=0.0B | lo:entries=4 size=171.3KB evict=0] fetched=171.3KB]
03:58:55.041 [background-load] comp=2 gen=87 total=4.5ms |  | channels=1 stage=2/2 queue_wait=257ms chunk=chunk-cache[hi:hits=0 miss=0 rate=0% evict=0 entries=0 size=0.0B | lo:entries=4 size=171.3KB evict=0] fetched=171.3KB]
03:58:55.381 [render] kind=still total=13.6ms | gpu=5.1ms | 
03:58:57.247 [background-load] comp=4 gen=93 total=1.5ms |  | channels=1 stage=1/1 queue_wait=251ms chunk=chunk-cache[hi:hits=0 miss=0 rate=0% evict=0 entries=0 size=0.0B | lo:entries=4 size=171.3KB evict=0] fetched=171.3KB]
03:58:57.587 [render] kind=still total=12.9ms | gpu=4.3ms | 
03:58:57.809 [background-load] comp=5 gen=97 total=2.1ms |  | channels=1 stage=1/1 queue_wait=162ms chunk=chunk-cache[hi:hits=0 miss=0 rate=0% evict=0 entries=0 size=0.0B | lo:entries=4 size=171.3KB evict=0] fetched=171.3KB]
03:58:58.143 [render] kind=still total=8.8ms | gpu=2.9ms | 
03:58:58.816 [background-load] comp=4 gen=101 total=1.9ms |  | channels=1 stage=1/1 queue_wait=202ms chunk=chunk-cache[hi:hits=0 miss=0 rate=0% evict=0 entries=0 size=0.0B | lo:entries=4 size=171.3KB evict=0] fetched=171.3KB]
03:58:59.165 [render] kind=still total=11.3ms | gpu=3.1ms | 
03:59:02.787 [load] comp=6 ch=2 roi=(0:170,0:86) total=687.0ms | assemble=686.9ms | src=CHUNK bytes=85.7KB shape=(3, 86, 170) chunk=chunk-cache[hi:hits=0 miss=0 rate=0% evict=0 entries=0 size=0.0B | lo:entries=6 size=257.0KB evict=0] fetched=257.0KB] disk=disk-cache[hits=0 misses(remote)=10 rate=0% evict=0 size=109.2KB/8.0GB keys=9]
03:59:02.788 [vtk-image] view=main total=0.2ms | ascontiguous=0.0ms numpy_to_vtk=0.2ms | shape=(3, 86, 170) bytes=85.7KB downsampled=False
03:59:02.802 [load] comp=6 ch=2 roi=(0:170,0:86) total=0.4ms | assemble=0.3ms | src=CHUNK bytes=85.7KB shape=(3, 86, 170) chunk=chunk-cache[hi:hits=0 miss=0 rate=0% evict=0 entries=0 size=0.0B | lo:entries=6 size=257.0KB evict=0] fetched=257.0KB] disk=disk-cache[hits=0 misses(remote)=10 rate=0% evict=0 size=109.2KB/8.0GB keys=9]
03:59:02.802 [vtk-image] view=main total=0.2ms | ascontiguous=0.0ms numpy_to_vtk=0.2ms | shape=(3, 86, 170) bytes=85.7KB downsampled=False
