# BioSET profiling started 2026-07-15T00:39:37
00:39:44.849 [load] comp=6 ch=1 roi=(0:170,0:86) total=281.0ms | assemble=215.2ms | src=CHUNK bytes=5.4MB shape=(194, 86, 170) chunk=chunk-cache[hits=0 misses=1 rate=0% evict=0 entries=1 size=5.4MB fetched=5.4MB] disk=disk-cache[hits=198 misses(remote)=6 rate=97% evict=0 size=0.0B/8.0GB keys=0]
00:39:44.850 [vtk-image] view=main total=1.0ms | ascontiguous=0.0ms numpy_to_vtk=0.9ms | shape=(194, 86, 170) bytes=5.4MB downsampled=False
00:39:48.334 [vtk-image] view=main total=2.5ms | ascontiguous=0.0ms numpy_to_vtk=2.4ms | shape=(194, 172, 340) bytes=21.6MB downsampled=False
00:39:48.371 [apply-main] comp=5 channels=1 total=0.2ms | gpu-upload[ch1]=0.2ms | end_to_end_latency=390ms hires=False capped=False
00:39:48.483 [render] kind=interactive total=111.3ms | gpu=85.9ms | 
00:39:48.788 [vtk-image] view=main total=3.7ms | ascontiguous=0.0ms numpy_to_vtk=3.6ms | shape=(194, 172, 340) bytes=21.6MB downsampled=False
00:39:48.791 [vtk-image] view=main total=2.4ms | ascontiguous=0.0ms numpy_to_vtk=2.4ms | shape=(194, 172, 340) bytes=21.6MB downsampled=False
00:39:48.792 [background-load] comp=5 gen=5 total=480.9ms |  | channels=1 stage=1/2 queue_wait=330ms chunk=chunk-cache[hits=1 misses=3 rate=25% evict=0 entries=2 size=27.0MB fetched=27.0MB]
00:39:48.913 [apply-main] comp=5 channels=1 total=0.2ms | gpu-upload[ch1]=0.1ms | end_to_end_latency=931ms hires=False capped=False
00:39:48.970 [apply-main] comp=5 channels=1 total=0.8ms | gpu-upload[ch1]=0.7ms | end_to_end_latency=989ms hires=False capped=False
00:39:49.018 [render] kind=interactive total=45.3ms | gpu=29.9ms | 
00:39:49.064 [background-load] comp=3 gen=5 total=271.6ms |  | channels=1 stage=2/2 queue_wait=811ms chunk=chunk-cache[hits=2 misses=6 rate=25% evict=0 entries=2 size=27.0MB fetched=27.0MB]
00:39:49.600 [vtk-image] view=main total=57.4ms | ascontiguous=0.0ms downsample=53.3ms numpy_to_vtk=4.0ms | shape=(146, 259, 512) bytes=36.9MB downsampled=True
00:39:49.675 [apply-main] comp=4 channels=1 total=0.3ms | gpu-upload[ch1]=0.2ms | end_to_end_latency=436ms hires=False capped=True
00:39:49.798 [render] kind=interactive total=123.1ms | gpu=99.7ms | 
00:39:49.980 [vtk-image] view=main total=65.4ms | ascontiguous=0.0ms downsample=60.3ms numpy_to_vtk=5.0ms | shape=(146, 259, 512) bytes=36.9MB downsampled=True
00:39:50.033 [apply-main] comp=4 channels=1 total=0.2ms | gpu-upload[ch1]=0.2ms | end_to_end_latency=793ms hires=False capped=True
00:39:50.063 [vtk-image] view=main total=81.5ms | ascontiguous=0.0ms downsample=73.4ms numpy_to_vtk=8.0ms | shape=(146, 259, 512) bytes=36.9MB downsampled=True
00:39:50.068 [background-load] comp=4 gen=9 total=613.4ms |  | channels=1 stage=1/2 queue_wait=216ms chunk=chunk-cache[hits=3 misses=8 rate=27% evict=0 entries=3 size=113.7MB fetched=113.7MB]
00:39:50.734 [render] kind=interactive total=701.6ms | gpu=687.2ms | 
00:39:50.962 [background-load] comp=2 gen=9 total=893.6ms |  | channels=1 stage=2/2 queue_wait=829ms chunk=chunk-cache[hits=4 misses=11 rate=27% evict=0 entries=3 size=113.7MB fetched=113.7MB]
00:39:51.617 [vtk-image] view=main total=58.9ms | ascontiguous=0.0ms downsample=54.5ms numpy_to_vtk=4.2ms | shape=(97, 344, 512) bytes=32.6MB downsampled=True
00:39:51.717 [apply-main] comp=3 channels=1 total=0.2ms | gpu-upload[ch1]=0.1ms | end_to_end_latency=853ms hires=False capped=True
00:39:51.805 [render] kind=interactive total=87.8ms | gpu=70.2ms | 
00:39:52.238 [vtk-image] view=main total=56.2ms | ascontiguous=0.0ms downsample=52.0ms numpy_to_vtk=4.0ms | shape=(97, 344, 512) bytes=32.6MB downsampled=True
00:39:52.264 [apply-main] comp=3 channels=1 total=0.3ms | gpu-upload[ch1]=0.2ms | end_to_end_latency=1399ms hires=False capped=True
00:39:52.302 [vtk-image] view=main total=62.7ms | ascontiguous=0.0ms downsample=58.1ms numpy_to_vtk=4.5ms | shape=(97, 344, 512) bytes=32.6MB downsampled=True
00:39:52.309 [background-load] comp=3 gen=12 total=1190.0ms |  | channels=1 stage=1/2 queue_wait=255ms chunk=chunk-cache[hits=5 misses=13 rate=28% evict=0 entries=4 size=374.4MB fetched=374.4MB]
00:39:54.451 [render] kind=interactive total=2187.0ms | gpu=2127.9ms | 
00:39:54.793 [apply-main] comp=3 channels=1 total=0.2ms | gpu-upload[ch1]=0.2ms | end_to_end_latency=3929ms hires=False capped=True
00:39:54.823 [vtk-image] view=main total=30.4ms | ascontiguous=0.0ms downsample=28.3ms numpy_to_vtk=2.0ms | shape=(48, 256, 512) bytes=12.0MB downsampled=True
00:39:54.862 [render] kind=interactive total=68.6ms | gpu=52.0ms | 
00:39:54.987 [apply-main] comp=1 channels=1 total=0.5ms | gpu-upload[ch1]=0.4ms | end_to_end_latency=4122ms hires=False capped=True
00:39:55.025 [render] kind=interactive total=37.5ms | gpu=27.0ms | 
00:39:55.763 [vtk-image] view=main total=22.5ms | ascontiguous=0.0ms downsample=21.0ms numpy_to_vtk=1.5ms | shape=(48, 256, 512) bytes=12.0MB downsampled=True
00:39:55.793 [apply-main] comp=1 channels=1 total=0.4ms | gpu-upload[ch1]=0.2ms | end_to_end_latency=4928ms hires=False capped=True
00:39:55.832 [render] kind=interactive total=38.6ms | gpu=22.0ms | 
00:39:55.845 [vtk-image] view=main total=33.5ms | ascontiguous=0.0ms downsample=31.4ms numpy_to_vtk=1.9ms | shape=(48, 256, 512) bytes=12.0MB downsampled=True
00:39:55.884 [vtk-image] view=main total=33.4ms | ascontiguous=0.0ms downsample=31.4ms numpy_to_vtk=1.8ms | shape=(48, 256, 512) bytes=12.0MB downsampled=True
00:39:55.916 [background-load] comp=1 gen=12 total=3606.7ms |  | channels=1 stage=2/2 queue_wait=1445ms chunk=chunk-cache[hits=6 misses=18 rate=25% evict=4 entries=2 size=776.0MB fetched=1.1GB]
00:39:55.965 [apply-main] comp=1 channels=1 total=0.4ms | gpu-upload[ch1]=0.3ms | end_to_end_latency=5101ms hires=False capped=True
00:39:55.966 [apply-main] comp=1 channels=1 total=0.9ms | gpu-upload[ch1]=0.8ms | end_to_end_latency=5102ms hires=False capped=True
00:39:56.004 [render] kind=interactive total=37.7ms | gpu=20.7ms | 
00:39:56.428 [vtk-image] view=main total=93.7ms | ascontiguous=0.0ms numpy_to_vtk=93.6ms | shape=(194, 1024, 2048) bytes=776.0MB downsampled=False
00:39:56.572 [apply-main] comp=1 channels=1 total=0.2ms | gpu-upload[ch1]=0.1ms | end_to_end_latency=144ms hires=True capped=False
00:39:56.572 [vtk-image] view=main total=90.2ms | ascontiguous=0.0ms numpy_to_vtk=90.2ms | shape=(194, 1024, 2048) bytes=776.0MB downsampled=False
00:39:57.365 [render] kind=interactive total=792.4ms | gpu=777.4ms | 
00:39:57.488 [apply-main] comp=1 channels=1 total=0.4ms | gpu-upload[ch1]=0.3ms | end_to_end_latency=915ms hires=True capped=False
00:39:58.030 [render] kind=interactive total=541.8ms | gpu=529.0ms | 
00:39:58.372 [render] kind=still total=120.9ms | gpu=74.7ms | 
00:40:06.462 [vtk-image] view=main total=56.7ms | ascontiguous=0.0ms downsample=55.1ms numpy_to_vtk=1.5ms | shape=(48, 256, 512) bytes=12.0MB downsampled=True
00:40:06.514 [apply-main] comp=2 channels=1 total=0.2ms | gpu-upload[ch1]=0.2ms | end_to_end_latency=277ms hires=False capped=True
00:40:06.582 [render] kind=interactive total=67.1ms | gpu=58.2ms | 
00:40:07.206 [vtk-image] view=main total=27.4ms | ascontiguous=0.0ms downsample=25.1ms numpy_to_vtk=2.2ms | shape=(48, 256, 512) bytes=12.0MB downsampled=True
00:40:07.248 [apply-main] comp=2 channels=1 total=0.3ms | gpu-upload[ch1]=0.2ms | end_to_end_latency=1011ms hires=False capped=True
00:40:07.281 [render] kind=interactive total=32.6ms | gpu=32.5ms | 
00:40:07.300 [vtk-image] view=main total=26.4ms | ascontiguous=0.0ms downsample=24.2ms numpy_to_vtk=2.1ms | shape=(48, 256, 512) bytes=12.0MB downsampled=True
00:40:07.331 [vtk-image] view=main total=30.5ms | ascontiguous=0.0ms downsample=28.4ms numpy_to_vtk=2.0ms | shape=(48, 256, 512) bytes=12.0MB downsampled=True
00:40:07.375 [background-load] comp=2 gen=14 total=970.1ms |  | channels=1 stage=1/1 queue_wait=168ms chunk=chunk-cache[hits=8 misses=31 rate=21% evict=6 entries=2 size=776.0MB fetched=1.9GB]
00:40:07.388 [apply-main] comp=2 channels=1 total=0.3ms | gpu-upload[ch1]=0.2ms | end_to_end_latency=1151ms hires=False capped=True
00:40:07.388 [apply-main] comp=2 channels=1 total=0.5ms | gpu-upload[ch1]=0.5ms | end_to_end_latency=1152ms hires=False capped=True
00:40:07.427 [render] kind=interactive total=38.3ms | gpu=22.2ms | 
00:40:07.849 [vtk-image] view=main total=91.8ms | ascontiguous=0.0ms numpy_to_vtk=91.6ms | shape=(194, 1024, 2048) bytes=776.0MB downsampled=False
00:40:08.036 [vtk-image] view=main total=97.2ms | ascontiguous=0.0ms numpy_to_vtk=97.1ms | shape=(194, 1024, 2048) bytes=776.0MB downsampled=False
00:40:08.037 [apply-main] comp=2 channels=1 total=0.1ms | gpu-upload[ch1]=0.1ms | end_to_end_latency=187ms hires=True capped=False
00:40:08.095 [apply-main] comp=2 channels=1 total=24.7ms | gpu-upload[ch1]=24.6ms | end_to_end_latency=58ms hires=True capped=False
00:40:08.973 [render] kind=interactive total=877.6ms | gpu=867.9ms | 
00:40:09.272 [vtk-image] view=main total=72.4ms | ascontiguous=0.0ms downsample=70.1ms numpy_to_vtk=2.2ms | shape=(73, 258, 512) bytes=18.4MB downsampled=True
00:40:09.308 [apply-main] comp=3 channels=1 total=0.2ms | gpu-upload[ch1]=0.2ms | end_to_end_latency=303ms hires=False capped=True
00:40:09.389 [render] kind=interactive total=80.1ms | gpu=68.8ms | 
00:40:09.804 [vtk-image] view=main total=37.1ms | ascontiguous=0.0ms downsample=34.3ms numpy_to_vtk=2.7ms | shape=(73, 258, 512) bytes=18.4MB downsampled=True
00:40:09.838 [apply-main] comp=3 channels=1 total=0.3ms | gpu-upload[ch1]=0.2ms | end_to_end_latency=832ms hires=False capped=True
00:40:09.866 [vtk-image] view=main total=41.1ms | ascontiguous=0.0ms downsample=38.3ms numpy_to_vtk=2.7ms | shape=(73, 258, 512) bytes=18.4MB downsampled=True
00:40:09.904 [render] kind=interactive total=65.7ms | gpu=45.3ms | 
00:40:09.907 [vtk-image] view=main total=39.9ms | ascontiguous=0.0ms downsample=36.6ms numpy_to_vtk=3.2ms | shape=(73, 258, 512) bytes=18.4MB downsampled=True
00:40:09.944 [background-load] comp=3 gen=15 total=744.3ms |  | channels=1 stage=1/1 queue_wait=194ms chunk=chunk-cache[hits=10 misses=42 rate=19% evict=7 entries=3 size=735.0MB fetched=2.2GB]
00:40:10.040 [apply-main] comp=3 channels=1 total=0.2ms | gpu-upload[ch1]=0.2ms | end_to_end_latency=1035ms hires=False capped=True
00:40:10.041 [apply-main] comp=3 channels=1 total=0.7ms | gpu-upload[ch1]=0.7ms | end_to_end_latency=1036ms hires=False capped=True
00:40:10.142 [render] kind=interactive total=100.4ms | gpu=88.2ms | 
00:40:10.453 [vtk-image] view=main total=85.8ms | ascontiguous=0.0ms downsample=80.8ms numpy_to_vtk=4.9ms | shape=(146, 259, 512) bytes=36.9MB downsampled=True
00:40:10.476 [apply-main] comp=4 channels=1 total=0.4ms | gpu-upload[ch1]=0.2ms | end_to_end_latency=321ms hires=False capped=True
00:40:10.612 [render] kind=interactive total=134.9ms | gpu=119.6ms | 
00:40:10.721 [vtk-image] view=main total=84.0ms | ascontiguous=0.0ms downsample=77.1ms numpy_to_vtk=6.8ms | shape=(146, 259, 512) bytes=36.9MB downsampled=True
00:40:10.743 [apply-main] comp=4 channels=1 total=0.4ms | gpu-upload[ch1]=0.3ms | end_to_end_latency=587ms hires=False capped=True
00:40:10.798 [vtk-image] view=main total=74.8ms | ascontiguous=0.0ms downsample=69.6ms numpy_to_vtk=5.2ms | shape=(146, 259, 512) bytes=36.9MB downsampled=True
00:40:10.803 [background-load] comp=4 gen=16 total=435.5ms |  | channels=1 stage=1/1 queue_wait=212ms chunk=chunk-cache[hits=10 misses=46 rate=18% evict=7 entries=4 size=821.7MB fetched=2.3GB]
00:40:10.820 [render] kind=interactive total=76.7ms | gpu=59.8ms | 
00:40:10.945 [apply-main] comp=4 channels=1 total=0.4ms | gpu-upload[ch1]=0.3ms | end_to_end_latency=790ms hires=False capped=True
00:40:11.008 [render] kind=interactive total=62.1ms | gpu=50.7ms | 
00:40:11.611 [vtk-image] view=main total=13.0ms | ascontiguous=0.0ms numpy_to_vtk=12.9ms | shape=(194, 344, 681) bytes=86.7MB downsampled=False
00:40:11.697 [apply-main] comp=4 channels=1 total=0.3ms | gpu-upload[ch1]=0.2ms | end_to_end_latency=86ms hires=True capped=False
00:40:11.872 [render] kind=interactive total=171.9ms | gpu=149.5ms | 
00:40:12.110 [vtk-image] view=main total=3.2ms | ascontiguous=0.0ms numpy_to_vtk=3.1ms | shape=(194, 86, 170) bytes=5.4MB downsampled=False
00:40:12.200 [vtk-image] view=main total=0.8ms | ascontiguous=0.0ms numpy_to_vtk=0.8ms | shape=(194, 86, 170) bytes=5.4MB downsampled=False
00:40:12.201 [vtk-image] view=main total=0.6ms | ascontiguous=0.0ms numpy_to_vtk=0.6ms | shape=(194, 86, 170) bytes=5.4MB downsampled=False
00:40:12.201 [background-load] comp=6 gen=18 total=94.9ms |  | channels=1 stage=1/1 queue_wait=191ms chunk=chunk-cache[hits=11 misses=50 rate=18% evict=7 entries=5 size=827.1MB fetched=2.3GB]
00:40:12.214 [apply-main] comp=6 channels=1 total=0.4ms | gpu-upload[ch1]=0.2ms | end_to_end_latency=298ms hires=False capped=False
00:40:12.215 [apply-main] comp=6 channels=1 total=0.4ms | gpu-upload[ch1]=0.4ms | end_to_end_latency=299ms hires=False capped=False
00:40:12.215 [apply-main] comp=6 channels=1 total=0.3ms | gpu-upload[ch1]=0.3ms | end_to_end_latency=299ms hires=False capped=False
00:40:12.260 [render] kind=interactive total=45.0ms | gpu=29.4ms | 
00:40:12.539 [render] kind=still total=43.6ms | gpu=19.4ms | 
00:40:13.803 [vtk-image] view=main total=82.5ms | ascontiguous=0.0ms downsample=77.3ms numpy_to_vtk=5.0ms | shape=(146, 259, 512) bytes=36.9MB downsampled=True
00:40:13.808 [background-load] comp=4 gen=20 total=159.9ms |  | channels=1 stage=1/1 queue_wait=223ms chunk=chunk-cache[hits=13 misses=51 rate=20% evict=7 entries=5 size=827.1MB fetched=2.3GB]
00:40:13.868 [apply-main] comp=4 channels=1 total=0.2ms | gpu-upload[ch1]=0.2ms | end_to_end_latency=443ms hires=False capped=True
00:40:13.954 [render] kind=interactive total=86.0ms | gpu=67.6ms | 
00:40:14.276 [vtk-image] view=main total=9.7ms | ascontiguous=0.0ms numpy_to_vtk=9.6ms | shape=(194, 344, 681) bytes=86.7MB downsampled=False
00:40:14.303 [apply-main] comp=4 channels=1 total=0.4ms | gpu-upload[ch1]=0.2ms | end_to_end_latency=26ms hires=True capped=False
00:40:14.443 [render] kind=interactive total=139.5ms | gpu=127.0ms | 
00:40:14.770 [render] kind=still total=78.7ms | gpu=43.0ms | 
00:40:16.030 [vtk-image] view=main total=37.2ms | ascontiguous=0.0ms downsample=34.8ms numpy_to_vtk=2.3ms | shape=(73, 258, 512) bytes=18.4MB downsampled=True
00:40:16.038 [background-load] comp=3 gen=22 total=552.9ms |  | channels=1 stage=1/1 queue_wait=163ms chunk=chunk-cache[hits=18 misses=52 rate=26% evict=7 entries=5 size=827.1MB fetched=2.3GB]
00:40:16.130 [apply-main] comp=3 channels=1 total=0.2ms | gpu-upload[ch1]=0.1ms | end_to_end_latency=807ms hires=False capped=True
00:40:16.207 [render] kind=interactive total=76.6ms | gpu=58.5ms | 
00:40:18.661 [vtk-image] view=main total=24.3ms | ascontiguous=0.0ms downsample=22.6ms numpy_to_vtk=1.5ms | shape=(48, 256, 512) bytes=12.0MB downsampled=True
00:40:18.686 [apply-main] comp=1 channels=1 total=0.2ms | gpu-upload[ch1]=0.2ms | end_to_end_latency=1873ms hires=False capped=True
00:40:18.741 [render] kind=interactive total=53.6ms | gpu=36.3ms | 
00:40:19.328 [vtk-image] view=main total=26.5ms | ascontiguous=0.0ms downsample=24.8ms numpy_to_vtk=1.6ms | shape=(48, 256, 512) bytes=12.0MB downsampled=True
00:40:19.407 [vtk-image] view=main total=21.5ms | ascontiguous=0.0ms downsample=19.7ms numpy_to_vtk=1.7ms | shape=(48, 256, 512) bytes=12.0MB downsampled=True
00:40:19.408 [apply-main] comp=1 channels=1 total=0.6ms | gpu-upload[ch1]=0.4ms | end_to_end_latency=2594ms hires=False capped=True
00:40:19.410 [apply-main] comp=1 channels=1 total=0.7ms | gpu-upload[ch1]=0.7ms | end_to_end_latency=2596ms hires=False capped=True
00:40:19.444 [render] kind=interactive total=34.7ms | gpu=24.4ms | 
00:40:19.447 [vtk-image] view=main total=38.0ms | ascontiguous=0.0ms downsample=35.9ms numpy_to_vtk=2.0ms | shape=(48, 256, 512) bytes=12.0MB downsampled=True
00:40:19.477 [background-load] comp=1 gen=29 total=2486.6ms |  | channels=1 stage=1/1 queue_wait=176ms chunk=chunk-cache[hits=19 misses=56 rate=25% evict=12 entries=2 size=776.0MB fetched=3.1GB]
00:40:19.560 [apply-main] comp=1 channels=1 total=0.2ms | gpu-upload[ch1]=0.1ms | end_to_end_latency=2746ms hires=False capped=True
00:40:19.597 [render] kind=interactive total=37.1ms | gpu=20.4ms | 
00:40:19.997 [vtk-image] view=main total=82.0ms | ascontiguous=0.0ms numpy_to_vtk=81.9ms | shape=(194, 1024, 2048) bytes=776.0MB downsampled=False
00:40:20.123 [apply-main] comp=1 channels=1 total=0.2ms | gpu-upload[ch1]=0.1ms | end_to_end_latency=126ms hires=True capped=False
00:40:20.123 [vtk-image] view=main total=83.2ms | ascontiguous=0.0ms numpy_to_vtk=83.1ms | shape=(194, 1024, 2048) bytes=776.0MB downsampled=False
00:40:20.835 [render] kind=interactive total=711.4ms | gpu=697.9ms | 
00:40:20.948 [apply-main] comp=1 channels=1 total=0.4ms | gpu-upload[ch1]=0.3ms | end_to_end_latency=825ms hires=True capped=False
00:40:21.479 [render] kind=interactive total=530.5ms | gpu=518.8ms | 
00:40:21.839 [render] kind=still total=110.8ms | gpu=66.5ms | 
00:40:37.299 [vtk-image] view=main total=74.5ms | ascontiguous=0.0ms downsample=71.0ms numpy_to_vtk=2.9ms | shape=(48, 256, 512) bytes=12.0MB downsampled=True
00:40:37.338 [apply-main] comp=2 channels=1 total=0.2ms | gpu-upload[ch1]=0.2ms | end_to_end_latency=352ms hires=False capped=True
00:40:37.404 [render] kind=interactive total=65.7ms | gpu=53.6ms | 
00:40:37.986 [background-load] comp=2 gen=32 total=762.0ms |  | channels=1 stage=1/1 queue_wait=238ms chunk=chunk-cache[hits=21 misses=69 rate=23% evict=14 entries=2 size=776.0MB fetched=3.8GB]
00:40:38.181 [vtk-image] view=main total=97.7ms | ascontiguous=0.0ms downsample=88.1ms numpy_to_vtk=9.4ms | shape=(146, 259, 512) bytes=36.9MB downsampled=True
00:40:38.193 [apply-main] comp=4 channels=1 total=0.4ms | gpu-upload[ch1]=0.3ms | end_to_end_latency=721ms hires=False capped=True
00:40:38.272 [render] kind=interactive total=78.5ms | gpu=62.2ms | 
00:40:38.598 [vtk-image] view=main total=148.4ms | ascontiguous=0.0ms downsample=139.0ms numpy_to_vtk=5.0ms | shape=(146, 259, 512) bytes=36.9MB downsampled=True
00:40:38.624 [apply-main] comp=4 channels=1 total=0.2ms | gpu-upload[ch1]=0.1ms | end_to_end_latency=1152ms hires=False capped=True
00:40:38.680 [vtk-image] view=main total=80.3ms | ascontiguous=0.0ms downsample=75.1ms numpy_to_vtk=5.1ms | shape=(146, 259, 512) bytes=36.9MB downsampled=True
00:40:38.683 [background-load] comp=4 gen=36 total=599.8ms |  | channels=1 stage=1/1 queue_wait=611ms chunk=chunk-cache[hits=21 misses=73 rate=22% evict=14 entries=3 size=862.7MB fetched=3.9GB]
00:40:38.690 [render] kind=interactive total=65.9ms | gpu=65.8ms | 
00:40:38.798 [apply-main] comp=4 channels=1 total=0.3ms | gpu-upload[ch1]=0.2ms | end_to_end_latency=1326ms hires=False capped=True
00:40:38.856 [render] kind=interactive total=57.0ms | gpu=45.6ms | 
00:40:39.099 [vtk-image] view=main total=9.5ms | ascontiguous=0.0ms numpy_to_vtk=9.4ms | shape=(194, 344, 681) bytes=86.7MB downsampled=False
00:40:39.186 [apply-main] comp=4 channels=1 total=0.4ms | gpu-upload[ch1]=0.3ms | end_to_end_latency=87ms hires=True capped=False
00:40:39.315 [render] kind=interactive total=128.1ms | gpu=115.3ms | 
00:40:39.648 [render] kind=still total=104.8ms | gpu=61.9ms | 
00:40:40.013 [vtk-image] view=main total=1.7ms | ascontiguous=0.0ms numpy_to_vtk=1.7ms | shape=(194, 86, 170) bytes=5.4MB downsampled=False
00:40:40.102 [vtk-image] view=main total=0.8ms | ascontiguous=0.0ms numpy_to_vtk=0.8ms | shape=(194, 86, 170) bytes=5.4MB downsampled=False
00:40:40.103 [vtk-image] view=main total=0.7ms | ascontiguous=0.0ms numpy_to_vtk=0.7ms | shape=(194, 86, 170) bytes=5.4MB downsampled=False
00:40:40.103 [background-load] comp=6 gen=38 total=91.9ms |  | channels=1 stage=1/1 queue_wait=243ms chunk=chunk-cache[hits=22 misses=77 rate=22% evict=14 entries=4 size=868.1MB fetched=3.9GB]
00:40:40.119 [apply-main] comp=6 channels=1 total=0.3ms | gpu-upload[ch1]=0.2ms | end_to_end_latency=351ms hires=False capped=False
00:40:40.120 [apply-main] comp=6 channels=1 total=0.3ms | gpu-upload[ch1]=0.3ms | end_to_end_latency=351ms hires=False capped=False
00:40:40.120 [apply-main] comp=6 channels=1 total=0.2ms | gpu-upload[ch1]=0.2ms | end_to_end_latency=352ms hires=False capped=False
00:40:40.164 [render] kind=interactive total=44.3ms | gpu=28.8ms | 
00:40:40.447 [render] kind=still total=45.3ms | gpu=21.1ms | 
00:40:45.592 [render] kind=still total=43.9ms | gpu=19.9ms | 
00:40:49.806 [load] comp=6 ch=0 roi=(0:170,0:86) total=78.8ms | assemble=78.7ms | src=CHUNK bytes=5.4MB shape=(194, 86, 170) chunk=chunk-cache[hits=22 misses=78 rate=22% evict=14 entries=5 size=873.5MB fetched=3.9GB] disk=disk-cache[hits=3710 misses(remote)=36 rate=99% evict=0 size=0.0B/8.0GB keys=0]
00:40:49.807 [vtk-image] view=main total=1.0ms | ascontiguous=0.0ms numpy_to_vtk=0.9ms | shape=(194, 86, 170) bytes=5.4MB downsampled=False
00:40:55.705 [load] comp=6 ch=2 roi=(0:170,0:86) total=185.7ms | assemble=185.6ms | src=CHUNK bytes=5.4MB shape=(194, 86, 170) chunk=chunk-cache[hits=22 misses=79 rate=22% evict=14 entries=6 size=878.9MB fetched=3.9GB] disk=disk-cache[hits=3904 misses(remote)=36 rate=99% evict=0 size=0.0B/8.0GB keys=0]
00:40:55.706 [vtk-image] view=main total=0.9ms | ascontiguous=0.0ms numpy_to_vtk=0.9ms | shape=(194, 86, 170) bytes=5.4MB downsampled=False
00:40:59.423 [vtk-image] view=main total=3.1ms | ascontiguous=0.0ms numpy_to_vtk=3.0ms | shape=(194, 172, 340) bytes=21.6MB downsampled=False
00:40:59.433 [vtk-image] view=main total=4.5ms | ascontiguous=0.0ms numpy_to_vtk=4.4ms | shape=(194, 172, 340) bytes=21.6MB downsampled=False
00:40:59.437 [vtk-image] view=main total=3.2ms | ascontiguous=0.0ms numpy_to_vtk=3.1ms | shape=(194, 172, 340) bytes=21.6MB downsampled=False
00:40:59.469 [apply-main] comp=5 channels=1 total=0.2ms | gpu-upload[ch0]=0.1ms | end_to_end_latency=324ms hires=False capped=False
00:40:59.469 [apply-main] comp=5 channels=1 total=0.1ms | gpu-upload[ch1]=0.1ms | end_to_end_latency=324ms hires=False capped=False
00:40:59.470 [apply-main] comp=5 channels=1 total=0.1ms | gpu-upload[ch2]=0.1ms | end_to_end_latency=325ms hires=False capped=False
00:40:59.676 [render] kind=interactive total=205.9ms | gpu=170.2ms | 
00:40:59.820 [vtk-image] view=main total=2.5ms | ascontiguous=0.0ms numpy_to_vtk=2.5ms | shape=(194, 172, 340) bytes=21.6MB downsampled=False
00:40:59.826 [vtk-image] view=main total=2.6ms | ascontiguous=0.0ms numpy_to_vtk=2.5ms | shape=(194, 172, 340) bytes=21.6MB downsampled=False
00:40:59.823 [vtk-image] view=main total=2.4ms | ascontiguous=0.0ms numpy_to_vtk=2.4ms | shape=(194, 172, 340) bytes=21.6MB downsampled=False
00:40:59.831 [vtk-image] view=main total=3.0ms | ascontiguous=0.0ms numpy_to_vtk=2.9ms | shape=(194, 172, 340) bytes=21.6MB downsampled=False
00:40:59.943 [apply-main] comp=5 channels=1 total=0.2ms | gpu-upload[ch0]=0.2ms | end_to_end_latency=799ms hires=False capped=False
00:40:59.944 [apply-main] comp=5 channels=1 total=0.7ms | gpu-upload[ch0]=0.7ms | end_to_end_latency=800ms hires=False capped=False
00:40:59.945 [apply-main] comp=5 channels=1 total=0.1ms | gpu-upload[ch1]=0.1ms | end_to_end_latency=800ms hires=False capped=False
00:40:59.945 [apply-main] comp=5 channels=1 total=0.6ms | gpu-upload[ch1]=0.5ms | end_to_end_latency=801ms hires=False capped=False
00:40:59.958 [vtk-image] view=main total=3.1ms | ascontiguous=0.0ms numpy_to_vtk=3.0ms | shape=(194, 172, 340) bytes=21.6MB downsampled=False
00:40:59.966 [vtk-image] view=main total=7.5ms | ascontiguous=0.0ms numpy_to_vtk=7.4ms | shape=(194, 172, 340) bytes=21.6MB downsampled=False
00:40:59.967 [background-load] comp=5 gen=45 total=611.6ms |  | channels=3 stage=1/2 queue_wait=210ms chunk=chunk-cache[hits=25 misses=85 rate=23% evict=14 entries=9 size=943.8MB fetched=4.0GB]
00:41:00.518 [render] kind=interactive total=571.9ms | gpu=480.1ms | 
00:41:00.768 [vtk-image] view=main total=146.6ms | ascontiguous=0.0ms downsample=142.3ms numpy_to_vtk=4.2ms | shape=(73, 258, 512) bytes=18.4MB downsampled=True
00:41:00.906 [vtk-image] view=main total=102.6ms | ascontiguous=0.0ms downsample=99.7ms numpy_to_vtk=2.8ms | shape=(73, 258, 512) bytes=18.4MB downsampled=True
00:41:00.935 [vtk-image] view=main total=94.2ms | ascontiguous=0.0ms downsample=91.5ms numpy_to_vtk=2.6ms | shape=(73, 258, 512) bytes=18.4MB downsampled=True
00:41:00.979 [apply-main] comp=5 channels=1 total=0.2ms | gpu-upload[ch2]=0.1ms | end_to_end_latency=1834ms hires=False capped=False
00:41:00.980 [apply-main] comp=5 channels=1 total=1.2ms | gpu-upload[ch2]=1.2ms | end_to_end_latency=1836ms hires=False capped=False
00:41:00.981 [apply-main] comp=3 channels=1 total=0.1ms | gpu-upload[ch1]=0.1ms | end_to_end_latency=1836ms hires=False capped=True
00:41:00.981 [apply-main] comp=3 channels=1 total=0.2ms | gpu-upload[ch0]=0.2ms | end_to_end_latency=1836ms hires=False capped=True
00:41:00.982 [apply-main] comp=3 channels=1 total=0.7ms | gpu-upload[ch2]=0.6ms | end_to_end_latency=1837ms hires=False capped=True
00:41:01.064 [render] kind=interactive total=82.3ms | gpu=65.6ms | 
00:41:02.053 [vtk-image] view=main total=54.8ms | ascontiguous=0.0ms downsample=52.2ms numpy_to_vtk=2.5ms | shape=(73, 258, 512) bytes=18.4MB downsampled=True
00:41:02.055 [vtk-image] view=main total=54.2ms | ascontiguous=0.0ms downsample=51.5ms numpy_to_vtk=2.6ms | shape=(73, 258, 512) bytes=18.4MB downsampled=True
00:41:02.125 [apply-main] comp=3 channels=1 total=0.2ms | gpu-upload[ch1]=0.1ms | end_to_end_latency=2981ms hires=False capped=True
00:41:02.126 [apply-main] comp=3 channels=1 total=0.1ms | gpu-upload[ch0]=0.1ms | end_to_end_latency=2981ms hires=False capped=True
00:41:02.176 [vtk-image] view=main total=49.9ms | ascontiguous=0.0ms downsample=47.1ms numpy_to_vtk=2.7ms | shape=(73, 258, 512) bytes=18.4MB downsampled=True
00:41:02.180 [vtk-image] view=main total=54.5ms | ascontiguous=0.0ms downsample=51.6ms numpy_to_vtk=2.8ms | shape=(73, 258, 512) bytes=18.4MB downsampled=True
00:41:02.203 [render] kind=interactive total=76.4ms | gpu=55.8ms | 
00:41:02.225 [vtk-image] view=main total=57.0ms | ascontiguous=0.0ms downsample=54.1ms numpy_to_vtk=2.8ms | shape=(73, 258, 512) bytes=18.4MB downsampled=True
00:41:02.232 [vtk-image] view=main total=55.0ms | ascontiguous=0.0ms downsample=52.5ms numpy_to_vtk=2.4ms | shape=(73, 258, 512) bytes=18.4MB downsampled=True
00:41:02.228 [vtk-image] view=main total=46.2ms | ascontiguous=0.0ms downsample=43.5ms numpy_to_vtk=2.6ms | shape=(73, 258, 512) bytes=18.4MB downsampled=True
00:41:02.345 [apply-main] comp=3 channels=1 total=0.2ms | gpu-upload[ch0]=0.1ms | end_to_end_latency=3200ms hires=False capped=True
00:41:02.345 [apply-main] comp=3 channels=1 total=0.1ms | gpu-upload[ch1]=0.1ms | end_to_end_latency=3200ms hires=False capped=True
00:41:02.345 [apply-main] comp=3 channels=1 total=0.1ms | gpu-upload[ch2]=0.1ms | end_to_end_latency=3200ms hires=False capped=True
00:41:02.346 [apply-main] comp=3 channels=1 total=0.7ms | gpu-upload[ch0]=0.7ms | end_to_end_latency=3201ms hires=False capped=True
00:41:02.347 [apply-main] comp=3 channels=1 total=1.0ms | gpu-upload[ch1]=0.9ms | end_to_end_latency=3202ms hires=False capped=True
00:41:02.420 [render] kind=interactive total=73.2ms | gpu=56.5ms | 
00:41:04.853 [background-load] comp=3 gen=45 total=4885.8ms |  | channels=3 stage=2/2 queue_wait=822ms chunk=chunk-cache[hits=28 misses=99 rate=22% evict=24 entries=5 size=954.7MB fetched=5.0GB]
00:41:04.952 [vtk-image] view=main total=97.0ms | ascontiguous=0.0ms downsample=91.4ms numpy_to_vtk=5.5ms | shape=(146, 259, 512) bytes=36.9MB downsampled=True
00:41:04.963 [vtk-image] view=main total=107.6ms | ascontiguous=0.0ms downsample=101.9ms numpy_to_vtk=5.6ms | shape=(146, 259, 512) bytes=36.9MB downsampled=True
00:41:04.966 [apply-main] comp=4 channels=1 total=0.3ms | gpu-upload[ch2]=0.2ms | end_to_end_latency=524ms hires=False capped=True
00:41:04.973 [apply-main] comp=4 channels=1 total=0.2ms | gpu-upload[ch1]=0.1ms | end_to_end_latency=532ms hires=False capped=True
00:41:04.973 [vtk-image] view=main total=117.6ms | ascontiguous=0.0ms downsample=110.7ms numpy_to_vtk=6.8ms | shape=(146, 259, 512) bytes=36.9MB downsampled=True
00:41:05.135 [render] kind=interactive total=156.5ms | gpu=127.2ms | 
00:41:05.258 [apply-main] comp=4 channels=1 total=0.3ms | gpu-upload[ch0]=0.2ms | end_to_end_latency=816ms hires=False capped=True
00:41:05.331 [render] kind=interactive total=72.6ms | gpu=56.9ms | 
00:41:05.545 [vtk-image] view=main total=88.6ms | ascontiguous=0.0ms downsample=83.6ms numpy_to_vtk=4.9ms | shape=(146, 259, 512) bytes=36.9MB downsampled=True
00:41:05.549 [vtk-image] view=main total=93.4ms | ascontiguous=0.0ms downsample=88.9ms numpy_to_vtk=4.4ms | shape=(146, 259, 512) bytes=36.9MB downsampled=True
00:41:05.553 [apply-main] comp=4 channels=1 total=0.2ms | gpu-upload[ch0]=0.1ms | end_to_end_latency=1112ms hires=False capped=True
00:41:05.553 [apply-main] comp=4 channels=1 total=0.1ms | gpu-upload[ch1]=0.1ms | end_to_end_latency=1112ms hires=False capped=True
00:41:05.645 [vtk-image] view=main total=94.7ms | ascontiguous=0.0ms downsample=89.3ms numpy_to_vtk=5.3ms | shape=(146, 259, 512) bytes=36.9MB downsampled=True
00:41:05.670 [render] kind=interactive total=116.1ms | gpu=96.9ms | 
00:41:05.675 [vtk-image] view=main total=122.8ms | ascontiguous=0.0ms downsample=117.9ms numpy_to_vtk=4.8ms | shape=(146, 259, 512) bytes=36.9MB downsampled=True
00:41:05.698 [vtk-image] view=main total=90.8ms | ascontiguous=0.0ms downsample=85.1ms numpy_to_vtk=5.6ms | shape=(146, 259, 512) bytes=36.9MB downsampled=True
00:41:05.792 [vtk-image] view=main total=85.0ms | ascontiguous=0.0ms downsample=79.2ms numpy_to_vtk=5.3ms | shape=(146, 259, 512) bytes=36.9MB downsampled=True
00:41:05.793 [apply-main] comp=4 channels=1 total=0.2ms | gpu-upload[ch0]=0.1ms | end_to_end_latency=1351ms hires=False capped=True
00:41:05.798 [apply-main] comp=4 channels=1 total=0.2ms | gpu-upload[ch1]=0.1ms | end_to_end_latency=1357ms hires=False capped=True
00:41:05.798 [apply-main] comp=4 channels=1 total=0.1ms | gpu-upload[ch2]=0.1ms | end_to_end_latency=1357ms hires=False capped=True
00:41:05.800 [apply-main] comp=4 channels=1 total=1.8ms | gpu-upload[ch2]=1.8ms | end_to_end_latency=1359ms hires=False capped=True
00:41:05.798 [background-load] comp=4 gen=49 total=942.8ms |  | channels=3 stage=1/1 queue_wait=414ms chunk=chunk-cache[hits=28 misses=111 rate=20% evict=26 entries=6 size=867.7MB fetched=5.3GB]
00:41:05.930 [render] kind=interactive total=129.5ms | gpu=112.0ms | 
00:41:06.198 [vtk-image] view=main total=10.3ms | ascontiguous=0.0ms numpy_to_vtk=10.2ms | shape=(194, 344, 681) bytes=86.7MB downsampled=False
00:41:06.223 [vtk-image] view=main total=12.4ms | ascontiguous=0.0ms numpy_to_vtk=12.3ms | shape=(194, 344, 681) bytes=86.7MB downsampled=False
00:41:06.244 [vtk-image] view=main total=9.4ms | ascontiguous=0.0ms numpy_to_vtk=9.3ms | shape=(194, 344, 681) bytes=86.7MB downsampled=False
00:41:06.287 [apply-main] comp=4 channels=1 total=0.2ms | gpu-upload[ch0]=0.2ms | end_to_end_latency=89ms hires=True capped=False
00:41:06.287 [apply-main] comp=4 channels=1 total=0.1ms | gpu-upload[ch1]=0.1ms | end_to_end_latency=64ms hires=True capped=False
00:41:06.287 [apply-main] comp=4 channels=1 total=0.1ms | gpu-upload[ch2]=0.0ms | end_to_end_latency=43ms hires=True capped=False
00:41:06.599 [render] kind=interactive total=311.1ms | gpu=290.0ms | 
00:41:06.989 [render] kind=still total=156.5ms | gpu=97.6ms | 
00:41:12.087 [vtk-image] view=main total=71.7ms | ascontiguous=0.0ms downsample=68.2ms numpy_to_vtk=3.1ms | shape=(73, 258, 512) bytes=18.4MB downsampled=True
00:41:12.141 [vtk-image] view=main total=125.8ms | ascontiguous=0.0ms downsample=68.1ms numpy_to_vtk=3.2ms | shape=(73, 258, 512) bytes=18.4MB downsampled=True
00:41:12.748 [apply-main] comp=3 channels=1 total=0.3ms | gpu-upload[ch1]=0.2ms | end_to_end_latency=1856ms hires=False capped=True
00:41:12.749 [apply-main] comp=3 channels=1 total=0.1ms | gpu-upload[ch0]=0.1ms | end_to_end_latency=1856ms hires=False capped=True
00:41:12.857 [render] kind=interactive total=107.1ms | gpu=85.2ms | 
00:41:13.396 [background-load] comp=3 gen=50 total=2303.0ms |  | channels=2 stage=1/1 queue_wait=201ms chunk=chunk-cache[hits=34 misses=123 rate=22% evict=27 entries=7 size=779.6MB fetched=5.4GB]
00:41:19.650 [vtk-image] view=main total=100.6ms | ascontiguous=0.0ms downsample=98.2ms numpy_to_vtk=2.2ms | shape=(48, 256, 512) bytes=12.0MB downsampled=True
00:41:19.746 [vtk-image] view=main total=138.5ms | ascontiguous=0.0ms downsample=136.0ms numpy_to_vtk=2.3ms | shape=(48, 256, 512) bytes=12.0MB downsampled=True
00:41:21.203 [background-load] comp=1 gen=55 total=7778.4ms |  | channels=2 stage=1/1 queue_wait=381ms chunk=chunk-cache[hits=36 misses=134 rate=21% evict=37 entries=2 size=776.0MB fetched=7.2GB]
00:41:21.290 [vtk-image] view=main total=62.5ms | ascontiguous=0.0ms downsample=60.7ms numpy_to_vtk=1.7ms | shape=(48, 256, 512) bytes=12.0MB downsampled=True
00:41:21.292 [vtk-image] view=main total=64.4ms | ascontiguous=0.0ms downsample=62.4ms numpy_to_vtk=1.5ms | shape=(48, 256, 512) bytes=12.0MB downsampled=True
00:41:21.329 [apply-main] comp=2 channels=1 total=0.3ms | gpu-upload[ch0]=0.2ms | end_to_end_latency=1206ms hires=False capped=True
00:41:21.330 [apply-main] comp=2 channels=1 total=0.2ms | gpu-upload[ch1]=0.1ms | end_to_end_latency=1207ms hires=False capped=True
00:41:21.389 [render] kind=interactive total=59.1ms | gpu=43.9ms | 
00:41:22.389 [vtk-image] view=main total=31.5ms | ascontiguous=0.0ms downsample=29.8ms numpy_to_vtk=1.6ms | shape=(48, 256, 512) bytes=12.0MB downsampled=True
00:41:22.398 [vtk-image] view=main total=40.5ms | ascontiguous=0.0ms downsample=38.1ms numpy_to_vtk=2.3ms | shape=(48, 256, 512) bytes=12.0MB downsampled=True
00:41:22.516 [vtk-image] view=main total=35.9ms | ascontiguous=0.0ms downsample=34.0ms numpy_to_vtk=1.7ms | shape=(48, 256, 512) bytes=12.0MB downsampled=True
00:41:22.572 [vtk-image] view=main total=87.4ms | ascontiguous=0.0ms downsample=85.3ms numpy_to_vtk=1.9ms | shape=(48, 256, 512) bytes=12.0MB downsampled=True
00:41:22.573 [background-load] comp=2 gen=59 total=1346.3ms |  | channels=2 stage=1/1 queue_wait=1104ms chunk=chunk-cache[hits=36 misses=150 rate=19% evict=41 entries=2 size=776.0MB fetched=8.7GB]
00:41:22.783 [vtk-image] view=main total=52.7ms | ascontiguous=0.0ms downsample=51.2ms numpy_to_vtk=1.4ms | shape=(48, 256, 512) bytes=12.0MB downsampled=True
00:41:22.785 [vtk-image] view=main total=54.9ms | ascontiguous=0.0ms downsample=53.0ms numpy_to_vtk=1.4ms | shape=(48, 256, 512) bytes=12.0MB downsampled=True
00:41:22.840 [apply-main] comp=1 channels=1 total=0.2ms | gpu-upload[ch1]=0.2ms | end_to_end_latency=347ms hires=False capped=True
00:41:22.841 [apply-main] comp=1 channels=1 total=0.1ms | gpu-upload[ch0]=0.1ms | end_to_end_latency=348ms hires=False capped=True
00:41:22.890 [render] kind=interactive total=49.3ms | gpu=36.5ms | 
00:41:23.856 [vtk-image] view=main total=35.5ms | ascontiguous=0.0ms downsample=32.7ms numpy_to_vtk=2.5ms | shape=(48, 256, 512) bytes=12.0MB downsampled=True
00:41:23.863 [vtk-image] view=main total=39.1ms | ascontiguous=0.0ms downsample=35.6ms numpy_to_vtk=3.3ms | shape=(48, 256, 512) bytes=12.0MB downsampled=True
00:41:23.920 [apply-main] comp=1 channels=1 total=0.3ms | gpu-upload[ch0]=0.2ms | end_to_end_latency=1427ms hires=False capped=True
00:41:23.920 [apply-main] comp=1 channels=1 total=0.1ms | gpu-upload[ch1]=0.1ms | end_to_end_latency=1427ms hires=False capped=True
00:41:23.973 [render] kind=interactive total=52.5ms | gpu=38.8ms | 
00:41:23.986 [vtk-image] view=main total=38.7ms | ascontiguous=0.0ms downsample=25.6ms numpy_to_vtk=1.9ms | shape=(48, 256, 512) bytes=12.0MB downsampled=True
00:41:23.987 [vtk-image] view=main total=36.5ms | ascontiguous=0.0ms downsample=34.8ms numpy_to_vtk=1.6ms | shape=(48, 256, 512) bytes=12.0MB downsampled=True
00:41:24.022 [vtk-image] view=main total=32.8ms | ascontiguous=0.0ms downsample=31.0ms numpy_to_vtk=1.7ms | shape=(48, 256, 512) bytes=12.0MB downsampled=True
00:41:24.024 [vtk-image] view=main total=35.5ms | ascontiguous=0.0ms downsample=33.8ms numpy_to_vtk=1.6ms | shape=(48, 256, 512) bytes=12.0MB downsampled=True
00:41:24.124 [apply-main] comp=1 channels=1 total=0.3ms | gpu-upload[ch0]=0.2ms | end_to_end_latency=1631ms hires=False capped=True
00:41:24.125 [apply-main] comp=1 channels=1 total=0.1ms | gpu-upload[ch1]=0.1ms | end_to_end_latency=1632ms hires=False capped=True
00:41:24.125 [apply-main] comp=1 channels=1 total=0.6ms | gpu-upload[ch1]=0.6ms | end_to_end_latency=1632ms hires=False capped=True
00:41:24.126 [apply-main] comp=1 channels=1 total=0.6ms | gpu-upload[ch0]=0.5ms | end_to_end_latency=1633ms hires=False capped=True
00:41:24.124 [background-load] comp=1 gen=62 total=1395.1ms |  | channels=2 stage=1/1 queue_wait=236ms chunk=chunk-cache[hits=36 misses=168 rate=18% evict=45 entries=2 size=776.0MB fetched=10.2GB]
00:41:24.177 [render] kind=interactive total=51.3ms | gpu=38.4ms | 
00:41:24.909 [vtk-image] view=main total=95.7ms | ascontiguous=0.0ms numpy_to_vtk=95.6ms | shape=(194, 1024, 2048) bytes=776.0MB downsampled=False
00:41:25.022 [apply-main] comp=1 channels=1 total=0.3ms | gpu-upload[ch0]=0.2ms | end_to_end_latency=112ms hires=True capped=False
00:41:25.394 [vtk-image] view=main total=96.8ms | ascontiguous=0.0ms numpy_to_vtk=96.7ms | shape=(194, 1024, 2048) bytes=776.0MB downsampled=False
00:41:26.039 [vtk-image] view=main total=121.2ms | ascontiguous=0.0ms numpy_to_vtk=121.1ms | shape=(194, 1024, 2048) bytes=776.0MB downsampled=False
00:41:26.061 [render] kind=interactive total=1038.9ms | gpu=1016.5ms | 
00:41:26.286 [apply-main] comp=1 channels=1 total=0.3ms | gpu-upload[ch0]=0.2ms | end_to_end_latency=891ms hires=True capped=False
00:41:26.287 [apply-main] comp=1 channels=1 total=0.2ms | gpu-upload[ch1]=0.2ms | end_to_end_latency=232ms hires=True capped=False
00:41:26.670 [vtk-image] view=main total=91.9ms | ascontiguous=0.0ms numpy_to_vtk=91.8ms | shape=(194, 1024, 2048) bytes=776.0MB downsampled=False
00:41:27.594 [render] kind=interactive total=1306.2ms | gpu=1285.5ms | 
00:41:29.685 [vtk-image] view=main total=1398.6ms | ascontiguous=0.0ms downsample=1396.6ms numpy_to_vtk=1.8ms | shape=(48, 256, 512) bytes=12.0MB downsampled=True
00:41:29.939 [apply-main] comp=0 channels=1 total=0.2ms | gpu-upload[ch0]=0.1ms | end_to_end_latency=1907ms hires=False capped=True
00:41:30.227 [render] kind=interactive total=260.0ms | gpu=206.9ms | 
00:41:30.229 [vtk-image] view=main total=78.3ms | ascontiguous=0.0ms downsample=75.9ms numpy_to_vtk=2.3ms | shape=(48, 256, 512) bytes=12.0MB downsampled=True
00:41:30.368 [apply-main] comp=0 channels=1 total=0.3ms | gpu-upload[ch1]=0.2ms | end_to_end_latency=2336ms hires=False capped=True
00:41:30.470 [render] kind=interactive total=101.7ms | gpu=84.4ms | 
00:41:31.422 [vtk-image] view=main total=32.4ms | ascontiguous=0.0ms downsample=30.4ms numpy_to_vtk=1.8ms | shape=(48, 256, 512) bytes=12.0MB downsampled=True
00:41:31.477 [apply-main] comp=0 channels=1 total=0.3ms | gpu-upload[ch0]=0.2ms | end_to_end_latency=3445ms hires=False capped=True
00:41:31.531 [vtk-image] view=main total=30.7ms | ascontiguous=0.0ms downsample=28.6ms numpy_to_vtk=1.9ms | shape=(48, 256, 512) bytes=12.0MB downsampled=True
00:41:31.557 [vtk-image] view=main total=25.3ms | ascontiguous=0.0ms downsample=23.0ms numpy_to_vtk=2.2ms | shape=(48, 256, 512) bytes=12.0MB downsampled=True
00:41:31.627 [vtk-image] view=main total=79.8ms | ascontiguous=0.0ms downsample=77.0ms numpy_to_vtk=2.6ms | shape=(48, 256, 512) bytes=12.0MB downsampled=True
00:41:31.647 [render] kind=interactive total=153.2ms | gpu=136.1ms | 
00:41:31.722 [vtk-image] view=main total=31.4ms | ascontiguous=0.0ms downsample=28.8ms numpy_to_vtk=2.4ms | shape=(48, 256, 512) bytes=12.0MB downsampled=True
00:41:31.754 [vtk-image] view=main total=30.6ms | ascontiguous=0.0ms downsample=28.4ms numpy_to_vtk=2.1ms | shape=(48, 256, 512) bytes=12.0MB downsampled=True
00:41:31.790 [apply-main] comp=0 channels=1 total=0.3ms | gpu-upload[ch0]=0.2ms | end_to_end_latency=3758ms hires=False capped=True
00:41:31.791 [apply-main] comp=0 channels=1 total=0.8ms | gpu-upload[ch0]=0.7ms | end_to_end_latency=3759ms hires=False capped=True
00:41:31.791 [apply-main] comp=0 channels=1 total=0.1ms | gpu-upload[ch1]=0.1ms | end_to_end_latency=3759ms hires=False capped=True
00:41:31.790 [background-load] comp=0 gen=66 total=3504.0ms |  | channels=2 stage=1/1 queue_wait=254ms chunk=chunk-cache[hits=37 misses=196 rate=16% evict=53 entries=2 size=776.0MB fetched=13.3GB]
00:41:31.792 [apply-main] comp=0 channels=1 total=0.6ms | gpu-upload[ch1]=0.6ms | end_to_end_latency=3760ms hires=False capped=True
00:41:31.793 [apply-main] comp=0 channels=1 total=0.6ms | gpu-upload[ch1]=0.5ms | end_to_end_latency=3761ms hires=False capped=True
00:41:31.849 [render] kind=interactive total=55.8ms | gpu=41.4ms | 
00:41:32.585 [vtk-image] view=main total=89.2ms | ascontiguous=0.0ms numpy_to_vtk=89.1ms | shape=(194, 1024, 2048) bytes=776.0MB downsampled=False
00:41:32.700 [apply-main] comp=0 channels=1 total=0.3ms | gpu-upload[ch0]=0.2ms | end_to_end_latency=116ms hires=True capped=False
00:41:33.107 [vtk-image] view=main total=88.6ms | ascontiguous=0.0ms numpy_to_vtk=88.5ms | shape=(194, 1024, 2048) bytes=776.0MB downsampled=False
00:41:33.511 [render] kind=interactive total=809.8ms | gpu=797.1ms | 
00:41:33.638 [apply-main] comp=0 channels=1 total=0.3ms | gpu-upload[ch0]=0.2ms | end_to_end_latency=531ms hires=True capped=False
00:41:33.781 [vtk-image] view=main total=103.3ms | ascontiguous=0.0ms numpy_to_vtk=103.2ms | shape=(194, 1024, 2048) bytes=776.0MB downsampled=False
00:41:34.331 [vtk-image] view=main total=113.0ms | ascontiguous=0.0ms numpy_to_vtk=113.0ms | shape=(194, 1024, 2048) bytes=776.0MB downsampled=False
00:41:34.392 [render] kind=interactive total=754.1ms | gpu=692.9ms | 
00:41:34.828 [vtk-image] view=main total=71.4ms | ascontiguous=0.0ms downsample=68.2ms numpy_to_vtk=2.9ms | shape=(48, 256, 512) bytes=12.0MB downsampled=True
00:41:34.830 [vtk-image] view=main total=73.6ms | ascontiguous=0.0ms downsample=71.7ms numpy_to_vtk=1.7ms | shape=(48, 256, 512) bytes=12.0MB downsampled=True
00:41:34.870 [apply-main] comp=1 channels=1 total=0.2ms | gpu-upload[ch0]=0.1ms | end_to_end_latency=274ms hires=False capped=True
00:41:34.870 [apply-main] comp=1 channels=1 total=0.1ms | gpu-upload[ch1]=0.1ms | end_to_end_latency=275ms hires=False capped=True
00:41:34.945 [render] kind=interactive total=75.0ms | gpu=63.6ms | 
00:41:36.032 [vtk-image] view=main total=26.8ms | ascontiguous=0.0ms downsample=25.1ms numpy_to_vtk=1.5ms | shape=(48, 256, 512) bytes=12.0MB downsampled=True
00:41:36.057 [vtk-image] view=main total=35.6ms | ascontiguous=0.0ms downsample=32.7ms numpy_to_vtk=2.7ms | shape=(48, 256, 512) bytes=12.0MB downsampled=True
00:41:36.088 [apply-main] comp=1 channels=1 total=0.3ms | gpu-upload[ch0]=0.2ms | end_to_end_latency=1493ms hires=False capped=True
00:41:36.089 [apply-main] comp=1 channels=1 total=0.1ms | gpu-upload[ch1]=0.1ms | end_to_end_latency=1493ms hires=False capped=True
00:41:36.129 [vtk-image] view=main total=27.5ms | ascontiguous=0.0ms downsample=25.7ms numpy_to_vtk=1.7ms | shape=(48, 256, 512) bytes=12.0MB downsampled=True
00:41:36.151 [vtk-image] view=main total=25.7ms | ascontiguous=0.0ms downsample=23.8ms numpy_to_vtk=1.8ms | shape=(48, 256, 512) bytes=12.0MB downsampled=True
00:41:36.162 [vtk-image] view=main total=32.3ms | ascontiguous=0.0ms downsample=29.9ms numpy_to_vtk=2.3ms | shape=(48, 256, 512) bytes=12.0MB downsampled=True
00:41:36.216 [vtk-image] view=main total=64.1ms | ascontiguous=0.0ms downsample=62.3ms numpy_to_vtk=1.6ms | shape=(48, 256, 512) bytes=12.0MB downsampled=True
00:41:36.272 [render] kind=interactive total=183.5ms | gpu=126.9ms | 
00:41:36.283 [background-load] comp=1 gen=72 total=1526.5ms |  | channels=2 stage=1/1 queue_wait=161ms chunk=chunk-cache[hits=37 misses=230 rate=14% evict=61 entries=2 size=776.0MB fetched=16.3GB]
00:41:36.385 [apply-main] comp=1 channels=1 total=0.2ms | gpu-upload[ch0]=0.1ms | end_to_end_latency=1790ms hires=False capped=True
00:41:36.386 [apply-main] comp=1 channels=1 total=0.1ms | gpu-upload[ch1]=0.1ms | end_to_end_latency=1790ms hires=False capped=True
00:41:36.386 [apply-main] comp=1 channels=1 total=0.4ms | gpu-upload[ch0]=0.3ms | end_to_end_latency=1790ms hires=False capped=True
00:41:36.386 [apply-main] comp=1 channels=1 total=0.4ms | gpu-upload[ch1]=0.3ms | end_to_end_latency=1791ms hires=False capped=True
00:41:36.434 [render] kind=interactive total=48.1ms | gpu=34.5ms | 
00:41:36.917 [vtk-image] view=main total=103.2ms | ascontiguous=0.0ms numpy_to_vtk=103.2ms | shape=(194, 1024, 2048) bytes=776.0MB downsampled=False
00:41:37.026 [apply-main] comp=1 channels=1 total=0.4ms | gpu-upload[ch0]=0.3ms | end_to_end_latency=109ms hires=True capped=False
00:41:37.414 [vtk-image] view=main total=89.4ms | ascontiguous=0.0ms numpy_to_vtk=89.3ms | shape=(194, 1024, 2048) bytes=776.0MB downsampled=False
00:41:37.898 [render] kind=interactive total=871.9ms | gpu=857.2ms | 
00:41:38.249 [vtk-image] view=main total=52.2ms | ascontiguous=0.0ms downsample=50.6ms numpy_to_vtk=1.5ms | shape=(48, 256, 512) bytes=12.0MB downsampled=True
00:41:38.251 [vtk-image] view=main total=54.1ms | ascontiguous=0.0ms downsample=52.6ms numpy_to_vtk=1.4ms | shape=(48, 256, 512) bytes=12.0MB downsampled=True
00:41:38.306 [apply-main] comp=2 channels=1 total=0.5ms | gpu-upload[ch1]=0.3ms | end_to_end_latency=388ms hires=False capped=True
00:41:38.306 [apply-main] comp=2 channels=1 total=0.2ms | gpu-upload[ch0]=0.1ms | end_to_end_latency=389ms hires=False capped=True
00:41:38.402 [render] kind=interactive total=94.4ms | gpu=81.3ms | 
00:41:39.349 [vtk-image] view=main total=27.1ms | ascontiguous=0.0ms downsample=24.8ms numpy_to_vtk=2.1ms | shape=(48, 256, 512) bytes=12.0MB downsampled=True
00:41:39.369 [vtk-image] view=main total=31.4ms | ascontiguous=0.0ms downsample=28.7ms numpy_to_vtk=2.4ms | shape=(48, 256, 512) bytes=12.0MB downsampled=True
00:41:39.414 [apply-main] comp=2 channels=1 total=0.3ms | gpu-upload[ch0]=0.2ms | end_to_end_latency=1496ms hires=False capped=True
00:41:39.414 [apply-main] comp=2 channels=1 total=0.1ms | gpu-upload[ch1]=0.1ms | end_to_end_latency=1496ms hires=False capped=True
00:41:39.485 [vtk-image] view=main total=34.1ms | ascontiguous=0.0ms downsample=32.2ms numpy_to_vtk=1.7ms | shape=(48, 256, 512) bytes=12.0MB downsampled=True
00:41:39.493 [vtk-image] view=main total=35.6ms | ascontiguous=0.0ms downsample=33.4ms numpy_to_vtk=2.0ms | shape=(48, 256, 512) bytes=12.0MB downsampled=True
00:41:39.515 [vtk-image] view=main total=29.3ms | ascontiguous=0.0ms downsample=26.9ms numpy_to_vtk=2.3ms | shape=(48, 256, 512) bytes=12.0MB downsampled=True
00:41:39.567 [vtk-image] view=main total=72.4ms | ascontiguous=0.0ms downsample=69.4ms numpy_to_vtk=2.7ms | shape=(48, 256, 512) bytes=12.0MB downsampled=True
00:41:39.625 [background-load] comp=2 gen=75 total=1428.5ms |  | channels=2 stage=1/1 queue_wait=278ms chunk=chunk-cache[hits=38 misses=258 rate=13% evict=67 entries=2 size=776.0MB fetched=18.6GB]
00:41:39.630 [render] kind=interactive total=215.9ms | gpu=196.1ms | 
00:41:39.757 [apply-main] comp=2 channels=1 total=0.4ms | gpu-upload[ch0]=0.3ms | end_to_end_latency=1839ms hires=False capped=True
00:41:39.758 [apply-main] comp=2 channels=1 total=0.1ms | gpu-upload[ch1]=0.1ms | end_to_end_latency=1840ms hires=False capped=True
00:41:39.758 [apply-main] comp=2 channels=1 total=0.8ms | gpu-upload[ch0]=0.7ms | end_to_end_latency=1841ms hires=False capped=True
00:41:39.759 [apply-main] comp=2 channels=1 total=0.8ms | gpu-upload[ch1]=0.7ms | end_to_end_latency=1841ms hires=False capped=True
00:41:39.827 [render] kind=interactive total=67.5ms | gpu=49.9ms | 
00:41:40.252 [vtk-image] view=main total=95.4ms | ascontiguous=0.0ms numpy_to_vtk=95.3ms | shape=(194, 1024, 2048) bytes=776.0MB downsampled=False
00:41:40.366 [apply-main] comp=2 channels=1 total=0.3ms | gpu-upload[ch0]=0.2ms | end_to_end_latency=114ms hires=True capped=False
00:41:40.738 [vtk-image] view=main total=94.5ms | ascontiguous=0.0ms numpy_to_vtk=94.4ms | shape=(194, 1024, 2048) bytes=776.0MB downsampled=False
00:41:41.212 [render] kind=interactive total=845.8ms | gpu=832.9ms | 
00:41:41.390 [apply-main] comp=2 channels=1 total=0.2ms | gpu-upload[ch0]=0.1ms | end_to_end_latency=652ms hires=True capped=False
00:41:41.390 [vtk-image] view=main total=96.2ms | ascontiguous=0.0ms numpy_to_vtk=96.2ms | shape=(194, 1024, 2048) bytes=776.0MB downsampled=False
00:41:41.892 [vtk-image] view=main total=90.2ms | ascontiguous=0.0ms numpy_to_vtk=90.1ms | shape=(194, 1024, 2048) bytes=776.0MB downsampled=False
00:41:42.063 [render] kind=interactive total=672.4ms | gpu=651.1ms | 
00:41:42.192 [apply-main] comp=2 channels=1 total=0.4ms | gpu-upload[ch1]=0.3ms | end_to_end_latency=801ms hires=True capped=False
00:41:42.214 [apply-main] comp=2 channels=1 total=21.7ms | gpu-upload[ch1]=21.5ms | end_to_end_latency=322ms hires=True capped=False
00:41:43.001 [render] kind=interactive total=786.7ms | gpu=767.8ms | 
00:41:43.407 [render] kind=still total=178.0ms | gpu=114.2ms | 
00:41:46.422 [vtk-image] view=main total=80.3ms | ascontiguous=0.0ms downsample=76.2ms numpy_to_vtk=3.9ms | shape=(73, 258, 512) bytes=18.4MB downsampled=True
00:41:46.425 [vtk-image] view=main total=82.8ms | ascontiguous=0.0ms downsample=80.2ms numpy_to_vtk=2.5ms | shape=(73, 258, 512) bytes=18.4MB downsampled=True
00:41:46.452 [apply-main] comp=3 channels=1 total=0.2ms | gpu-upload[ch1]=0.1ms | end_to_end_latency=326ms hires=False capped=True
00:41:46.452 [apply-main] comp=3 channels=1 total=0.1ms | gpu-upload[ch0]=0.1ms | end_to_end_latency=327ms hires=False capped=True
00:41:46.597 [render] kind=interactive total=143.9ms | gpu=127.4ms | 
00:41:47.160 [vtk-image] view=main total=58.3ms | ascontiguous=0.0ms downsample=55.9ms numpy_to_vtk=2.3ms | shape=(73, 258, 512) bytes=18.4MB downsampled=True
00:41:47.165 [vtk-image] view=main total=59.6ms | ascontiguous=0.0ms downsample=55.7ms numpy_to_vtk=3.8ms | shape=(73, 258, 512) bytes=18.4MB downsampled=True
00:41:47.248 [vtk-image] view=main total=35.2ms | ascontiguous=0.0ms downsample=32.6ms numpy_to_vtk=2.4ms | shape=(73, 258, 512) bytes=18.4MB downsampled=True
00:41:47.251 [vtk-image] view=main total=36.3ms | ascontiguous=0.0ms downsample=33.8ms numpy_to_vtk=2.4ms | shape=(73, 258, 512) bytes=18.4MB downsampled=True
00:41:47.275 [apply-main] comp=3 channels=1 total=0.2ms | gpu-upload[ch1]=0.1ms | end_to_end_latency=1149ms hires=False capped=True
00:41:47.275 [apply-main] comp=3 channels=1 total=0.1ms | gpu-upload[ch0]=0.1ms | end_to_end_latency=1149ms hires=False capped=True
00:41:47.276 [apply-main] comp=3 channels=1 total=0.6ms | gpu-upload[ch1]=0.6ms | end_to_end_latency=1150ms hires=False capped=True
00:41:47.276 [apply-main] comp=3 channels=1 total=0.6ms | gpu-upload[ch0]=0.6ms | end_to_end_latency=1151ms hires=False capped=True
00:41:47.291 [vtk-image] view=main total=38.4ms | ascontiguous=0.0ms downsample=35.6ms numpy_to_vtk=2.6ms | shape=(73, 258, 512) bytes=18.4MB downsampled=True
00:41:47.294 [vtk-image] view=main total=42.3ms | ascontiguous=0.0ms downsample=39.4ms numpy_to_vtk=2.8ms | shape=(73, 258, 512) bytes=18.4MB downsampled=True
00:41:47.356 [render] kind=interactive total=79.7ms | gpu=61.4ms | 
00:41:47.356 [background-load] comp=3 gen=77 total=1014.7ms |  | channels=2 stage=1/1 queue_wait=216ms chunk=chunk-cache[hits=39 misses=283 rate=12% evict=72 entries=4 size=694.0MB fetched=20.4GB]
00:41:47.477 [apply-main] comp=3 channels=1 total=0.3ms | gpu-upload[ch0]=0.2ms | end_to_end_latency=1351ms hires=False capped=True
00:41:47.477 [apply-main] comp=3 channels=1 total=0.1ms | gpu-upload[ch1]=0.1ms | end_to_end_latency=1351ms hires=False capped=True
00:41:47.637 [render] kind=interactive total=159.8ms | gpu=92.7ms | 
00:41:47.971 [vtk-image] view=main total=39.7ms | ascontiguous=0.0ms numpy_to_vtk=39.6ms | shape=(194, 688, 1363) bytes=347.0MB downsampled=False
00:41:48.020 [vtk-image] view=main total=36.8ms | ascontiguous=0.0ms numpy_to_vtk=36.7ms | shape=(194, 688, 1363) bytes=347.0MB downsampled=False
00:41:48.074 [apply-main] comp=3 channels=1 total=0.3ms | gpu-upload[ch0]=0.2ms | end_to_end_latency=104ms hires=True capped=False
00:41:48.087 [apply-main] comp=3 channels=1 total=12.3ms | gpu-upload[ch0]=12.2ms | end_to_end_latency=67ms hires=True capped=False
00:41:48.127 [vtk-image] view=main total=40.4ms | ascontiguous=0.0ms numpy_to_vtk=40.3ms | shape=(194, 688, 1363) bytes=347.0MB downsampled=False
00:41:48.186 [vtk-image] view=main total=44.3ms | ascontiguous=0.0ms numpy_to_vtk=44.3ms | shape=(194, 688, 1363) bytes=347.0MB downsampled=False
00:41:48.493 [render] kind=interactive total=366.0ms | gpu=353.6ms | 
00:41:48.851 [vtk-image] view=main total=103.1ms | ascontiguous=0.0ms downsample=98.9ms numpy_to_vtk=4.1ms | shape=(146, 259, 512) bytes=36.9MB downsampled=True
00:41:48.858 [apply-main] comp=4 channels=1 total=0.2ms | gpu-upload[ch0]=0.1ms | end_to_end_latency=328ms hires=False capped=True
00:41:48.856 [vtk-image] view=main total=108.0ms | ascontiguous=0.0ms downsample=103.0ms numpy_to_vtk=4.9ms | shape=(146, 259, 512) bytes=36.9MB downsampled=True
00:41:48.981 [render] kind=interactive total=122.8ms | gpu=96.4ms | 
00:41:49.102 [apply-main] comp=4 channels=1 total=0.3ms | gpu-upload[ch1]=0.2ms | end_to_end_latency=573ms hires=False capped=True
00:41:49.172 [render] kind=interactive total=69.7ms | gpu=50.4ms | 
00:41:49.238 [vtk-image] view=main total=99.0ms | ascontiguous=0.0ms downsample=89.3ms numpy_to_vtk=9.4ms | shape=(146, 259, 512) bytes=36.9MB downsampled=True
00:41:49.247 [vtk-image] view=main total=107.5ms | ascontiguous=0.0ms downsample=98.6ms numpy_to_vtk=8.8ms | shape=(146, 259, 512) bytes=36.9MB downsampled=True
00:41:49.305 [apply-main] comp=4 channels=1 total=0.3ms | gpu-upload[ch1]=0.2ms | end_to_end_latency=776ms hires=False capped=True
00:41:49.306 [apply-main] comp=4 channels=1 total=0.1ms | gpu-upload[ch0]=0.1ms | end_to_end_latency=777ms hires=False capped=True
00:41:49.335 [vtk-image] view=main total=88.7ms | ascontiguous=0.0ms downsample=83.0ms numpy_to_vtk=5.6ms | shape=(146, 259, 512) bytes=36.9MB downsampled=True
00:41:49.340 [vtk-image] view=main total=91.1ms | ascontiguous=0.0ms downsample=86.6ms numpy_to_vtk=4.3ms | shape=(146, 259, 512) bytes=36.9MB downsampled=True
00:41:49.348 [background-load] comp=4 gen=80 total=601.2ms |  | channels=2 stage=1/1 queue_wait=218ms chunk=chunk-cache[hits=43 misses=297 rate=13% evict=72 entries=6 size=867.3MB fetched=20.5GB]
00:41:49.408 [render] kind=interactive total=102.3ms | gpu=81.6ms | 
00:41:49.538 [apply-main] comp=4 channels=1 total=0.3ms | gpu-upload[ch1]=0.2ms | end_to_end_latency=1009ms hires=False capped=True
00:41:49.538 [apply-main] comp=4 channels=1 total=0.1ms | gpu-upload[ch0]=0.1ms | end_to_end_latency=1009ms hires=False capped=True
00:41:49.645 [render] kind=interactive total=106.6ms | gpu=90.0ms | 
00:41:49.900 [vtk-image] view=main total=9.7ms | ascontiguous=0.0ms numpy_to_vtk=9.6ms | shape=(194, 344, 681) bytes=86.7MB downsampled=False
00:41:49.923 [vtk-image] view=main total=11.0ms | ascontiguous=0.0ms numpy_to_vtk=10.9ms | shape=(194, 344, 681) bytes=86.7MB downsampled=False
00:41:49.992 [apply-main] comp=4 channels=1 total=0.4ms | gpu-upload[ch0]=0.3ms | end_to_end_latency=92ms hires=True capped=False
00:41:49.993 [apply-main] comp=4 channels=1 total=0.1ms | gpu-upload[ch1]=0.1ms | end_to_end_latency=70ms hires=True capped=False
00:41:50.196 [render] kind=interactive total=203.4ms | gpu=183.3ms | 
00:41:50.569 [vtk-image] view=main total=1.2ms | ascontiguous=0.0ms numpy_to_vtk=1.2ms | shape=(194, 86, 170) bytes=5.4MB downsampled=False
00:41:50.571 [vtk-image] view=main total=1.4ms | ascontiguous=0.0ms numpy_to_vtk=1.4ms | shape=(194, 86, 170) bytes=5.4MB downsampled=False
00:41:50.678 [apply-main] comp=6 channels=1 total=0.2ms | gpu-upload[ch0]=0.1ms | end_to_end_latency=330ms hires=False capped=False
00:41:50.679 [apply-main] comp=6 channels=1 total=0.1ms | gpu-upload[ch1]=0.1ms | end_to_end_latency=330ms hires=False capped=False
00:41:50.730 [render] kind=interactive total=51.1ms | gpu=35.0ms | 
00:41:50.755 [vtk-image] view=main total=0.9ms | ascontiguous=0.0ms numpy_to_vtk=0.8ms | shape=(194, 86, 170) bytes=5.4MB downsampled=False
00:41:50.757 [vtk-image] view=main total=0.7ms | ascontiguous=0.0ms numpy_to_vtk=0.7ms | shape=(194, 86, 170) bytes=5.4MB downsampled=False
00:41:50.756 [vtk-image] view=main total=0.8ms | ascontiguous=0.0ms numpy_to_vtk=0.8ms | shape=(194, 86, 170) bytes=5.4MB downsampled=False
00:41:50.758 [vtk-image] view=main total=0.7ms | ascontiguous=0.0ms numpy_to_vtk=0.6ms | shape=(194, 86, 170) bytes=5.4MB downsampled=False
00:41:50.758 [background-load] comp=6 gen=82 total=190.0ms |  | channels=2 stage=1/1 queue_wait=220ms chunk=chunk-cache[hits=45 misses=305 rate=13% evict=72 entries=8 size=878.2MB fetched=20.6GB]
00:41:50.850 [apply-main] comp=6 channels=1 total=0.3ms | gpu-upload[ch0]=0.2ms | end_to_end_latency=501ms hires=False capped=False
00:41:50.850 [apply-main] comp=6 channels=1 total=0.3ms | gpu-upload[ch0]=0.3ms | end_to_end_latency=502ms hires=False capped=False
00:41:50.850 [apply-main] comp=6 channels=1 total=0.1ms | gpu-upload[ch1]=0.1ms | end_to_end_latency=502ms hires=False capped=False
00:41:50.851 [apply-main] comp=6 channels=1 total=0.2ms | gpu-upload[ch1]=0.2ms | end_to_end_latency=502ms hires=False capped=False
00:41:50.898 [render] kind=interactive total=47.5ms | gpu=33.3ms | 
00:41:51.200 [render] kind=still total=72.6ms | gpu=38.3ms | 
00:41:52.036 [vtk-image] view=main total=3.0ms | ascontiguous=0.0ms numpy_to_vtk=2.9ms | shape=(194, 172, 340) bytes=21.6MB downsampled=False
00:41:52.039 [vtk-image] view=main total=2.6ms | ascontiguous=0.0ms numpy_to_vtk=2.5ms | shape=(194, 172, 340) bytes=21.6MB downsampled=False
00:41:52.102 [apply-main] comp=5 channels=1 total=0.3ms | gpu-upload[ch0]=0.2ms | end_to_end_latency=332ms hires=False capped=False
00:41:52.103 [apply-main] comp=5 channels=1 total=0.1ms | gpu-upload[ch1]=0.1ms | end_to_end_latency=332ms hires=False capped=False
00:41:52.203 [vtk-image] view=main total=4.0ms | ascontiguous=0.0ms numpy_to_vtk=3.9ms | shape=(194, 172, 340) bytes=21.6MB downsampled=False
00:41:52.210 [vtk-image] view=main total=2.9ms | ascontiguous=0.0ms numpy_to_vtk=2.9ms | shape=(194, 172, 340) bytes=21.6MB downsampled=False
00:41:52.207 [vtk-image] view=main total=3.9ms | ascontiguous=0.0ms numpy_to_vtk=3.9ms | shape=(194, 172, 340) bytes=21.6MB downsampled=False
00:41:52.215 [vtk-image] view=main total=3.6ms | ascontiguous=0.0ms numpy_to_vtk=3.5ms | shape=(194, 172, 340) bytes=21.6MB downsampled=False
00:41:52.216 [background-load] comp=5 gen=88 total=224.3ms |  | channels=2 stage=1/2 queue_wait=221ms chunk=chunk-cache[hits=47 misses=309 rate=13% evict=72 entries=10 size=921.4MB fetched=20.6GB]
00:41:52.794 [render] kind=interactive total=690.5ms | gpu=562.3ms | 
00:41:53.008 [apply-main] comp=5 channels=1 total=0.4ms | gpu-upload[ch1]=0.3ms | end_to_end_latency=1237ms hires=False capped=False
00:41:53.009 [apply-main] comp=5 channels=1 total=1.1ms | gpu-upload[ch1]=1.0ms | end_to_end_latency=1239ms hires=False capped=False
00:41:53.009 [apply-main] comp=5 channels=1 total=0.1ms | gpu-upload[ch0]=0.1ms | end_to_end_latency=1239ms hires=False capped=False
00:41:53.010 [apply-main] comp=5 channels=1 total=1.0ms | gpu-upload[ch0]=0.9ms | end_to_end_latency=1240ms hires=False capped=False
00:41:53.086 [render] kind=interactive total=75.0ms | gpu=51.1ms | 
00:41:53.129 [vtk-image] view=main total=48.0ms | ascontiguous=0.0ms downsample=42.0ms numpy_to_vtk=5.8ms | shape=(73, 258, 512) bytes=18.4MB downsampled=True
00:41:53.145 [vtk-image] view=main total=63.4ms | ascontiguous=0.0ms downsample=60.7ms numpy_to_vtk=2.5ms | shape=(73, 258, 512) bytes=18.4MB downsampled=True
00:41:53.160 [background-load] comp=3 gen=88 total=943.9ms |  | channels=2 stage=2/2 queue_wait=445ms chunk=chunk-cache[hits=53 misses=309 rate=15% evict=72 entries=10 size=921.4MB fetched=20.6GB]
00:41:53.212 [apply-main] comp=3 channels=1 total=0.3ms | gpu-upload[ch0]=0.2ms | end_to_end_latency=1441ms hires=False capped=True
00:41:53.212 [apply-main] comp=3 channels=1 total=0.1ms | gpu-upload[ch1]=0.0ms | end_to_end_latency=1441ms hires=False capped=True
00:41:53.269 [render] kind=interactive total=57.2ms | gpu=44.7ms | 
00:41:53.939 [vtk-image] view=main total=37.5ms | ascontiguous=0.0ms numpy_to_vtk=37.4ms | shape=(194, 688, 1363) bytes=347.0MB downsampled=False
00:41:53.994 [vtk-image] view=main total=42.7ms | ascontiguous=0.0ms numpy_to_vtk=42.6ms | shape=(194, 688, 1363) bytes=347.0MB downsampled=False
00:41:54.231 [apply-main] comp=3 channels=1 total=0.2ms | gpu-upload[ch1]=0.1ms | end_to_end_latency=292ms hires=True capped=False
00:41:54.293 [apply-main] comp=3 channels=1 total=8.1ms | gpu-upload[ch1]=8.0ms | end_to_end_latency=298ms hires=True capped=False
00:41:54.443 [vtk-image] view=main total=38.7ms | ascontiguous=0.0ms numpy_to_vtk=38.6ms | shape=(194, 688, 1363) bytes=347.0MB downsampled=False
00:41:54.505 [vtk-image] view=main total=45.6ms | ascontiguous=0.0ms numpy_to_vtk=45.5ms | shape=(194, 688, 1363) bytes=347.0MB downsampled=False
00:41:54.673 [render] kind=interactive total=376.2ms | gpu=362.2ms | 
00:41:54.788 [apply-main] comp=3 channels=1 total=0.2ms | gpu-upload[ch0]=0.2ms | end_to_end_latency=345ms hires=True capped=False
00:41:54.796 [apply-main] comp=3 channels=1 total=8.4ms | gpu-upload[ch0]=8.3ms | end_to_end_latency=291ms hires=True capped=False
00:41:55.160 [render] kind=interactive total=363.8ms | gpu=346.0ms | 
00:41:57.566 [vtk-image] view=main total=25.1ms | ascontiguous=0.0ms downsample=23.5ms numpy_to_vtk=1.5ms | shape=(48, 256, 512) bytes=12.0MB downsampled=True
00:41:57.567 [vtk-image] view=main total=26.8ms | ascontiguous=0.0ms downsample=25.3ms numpy_to_vtk=1.4ms | shape=(48, 256, 512) bytes=12.0MB downsampled=True
00:41:57.645 [background-load] comp=2 gen=91 total=2095.3ms |  | channels=2 stage=1/1 queue_wait=220ms chunk=chunk-cache[hits=61 misses=313 rate=16% evict=72 entries=10 size=921.4MB fetched=20.6GB]
00:42:02.587 [vtk-image] view=main total=115.1ms | ascontiguous=0.0ms downsample=111.9ms numpy_to_vtk=2.9ms | shape=(48, 256, 512) bytes=12.0MB downsampled=True
00:42:03.001 [background-load] comp=1 gen=95 total=5239.5ms |  | channels=2 stage=1/1 queue_wait=216ms chunk=chunk-cache[hits=63 misses=321 rate=16% evict=72 entries=10 size=921.4MB fetched=20.6GB]
00:42:05.923 [vtk-image] view=main total=137.8ms | ascontiguous=0.0ms downsample=129.8ms numpy_to_vtk=7.8ms | shape=(97, 512, 512) bytes=48.5MB downsampled=True
00:42:05.988 [vtk-image] view=main total=204.0ms | ascontiguous=0.0ms downsample=197.3ms numpy_to_vtk=6.5ms | shape=(97, 512, 512) bytes=48.5MB downsampled=True
00:42:07.403 [apply-main] comp=2 channels=1 total=0.2ms | gpu-upload[ch0]=0.1ms | end_to_end_latency=4807ms hires=False capped=True
00:42:07.404 [apply-main] comp=2 channels=1 total=0.1ms | gpu-upload[ch1]=0.1ms | end_to_end_latency=4807ms hires=False capped=True
00:42:07.669 [render] kind=interactive total=265.6ms | gpu=230.5ms | 
00:42:08.505 [vtk-image] view=main total=111.7ms | ascontiguous=0.0ms downsample=105.1ms numpy_to_vtk=6.5ms | shape=(97, 512, 512) bytes=48.5MB downsampled=True
00:42:08.526 [vtk-image] view=main total=104.1ms | ascontiguous=0.0ms downsample=96.9ms numpy_to_vtk=7.0ms | shape=(97, 512, 512) bytes=48.5MB downsampled=True
00:42:08.583 [apply-main] comp=2 channels=1 total=0.3ms | gpu-upload[ch1]=0.2ms | end_to_end_latency=5987ms hires=False capped=True
00:42:08.583 [apply-main] comp=2 channels=1 total=0.1ms | gpu-upload[ch0]=0.1ms | end_to_end_latency=5987ms hires=False capped=True
00:42:08.614 [vtk-image] view=main total=107.6ms | ascontiguous=0.0ms downsample=100.6ms numpy_to_vtk=6.9ms | shape=(97, 512, 512) bytes=48.5MB downsampled=True
00:42:08.646 [vtk-image] view=main total=117.8ms | ascontiguous=0.0ms downsample=109.8ms numpy_to_vtk=7.7ms | shape=(97, 512, 512) bytes=48.5MB downsampled=True
00:42:08.664 [background-load] comp=2 gen=99 total=5660.9ms |  | channels=2 stage=1/2 queue_wait=407ms chunk=chunk-cache[hits=65 misses=325 rate=17% evict=84 entries=2 size=776.0MB fetched=22.1GB]
00:42:13.531 [render] kind=interactive total=4948.0ms | gpu=4931.4ms | 
00:42:14.116 [apply-main] comp=2 channels=1 total=0.2ms | gpu-upload[ch1]=0.1ms | end_to_end_latency=11520ms hires=False capped=True
00:42:14.135 [apply-main] comp=2 channels=1 total=0.2ms | gpu-upload[ch0]=0.2ms | end_to_end_latency=11538ms hires=False capped=True
00:42:14.181 [vtk-image] view=main total=46.8ms | ascontiguous=0.0ms downsample=44.2ms numpy_to_vtk=2.4ms | shape=(48, 256, 512) bytes=12.0MB downsampled=True
00:42:14.291 [render] kind=interactive total=155.7ms | gpu=137.6ms | 
00:42:14.413 [vtk-image] view=main total=53.8ms | ascontiguous=0.0ms downsample=50.9ms numpy_to_vtk=2.1ms | shape=(48, 256, 512) bytes=12.0MB downsampled=True
00:42:14.486 [apply-main] comp=0 channels=1 total=0.2ms | gpu-upload[ch0]=0.2ms | end_to_end_latency=11889ms hires=False capped=True
00:42:14.486 [apply-main] comp=0 channels=1 total=0.1ms | gpu-upload[ch1]=0.1ms | end_to_end_latency=11890ms hires=False capped=True
00:42:14.554 [render] kind=interactive total=65.5ms | gpu=50.2ms | 
00:42:15.402 [vtk-image] view=main total=32.1ms | ascontiguous=0.0ms downsample=30.1ms numpy_to_vtk=1.8ms | shape=(48, 256, 512) bytes=12.0MB downsampled=True
00:42:15.427 [vtk-image] view=main total=31.6ms | ascontiguous=0.0ms downsample=29.8ms numpy_to_vtk=1.7ms | shape=(48, 256, 512) bytes=12.0MB downsampled=True
00:42:15.436 [apply-main] comp=0 channels=1 total=0.3ms | gpu-upload[ch0]=0.2ms | end_to_end_latency=12839ms hires=False capped=True
00:42:15.436 [apply-main] comp=0 channels=1 total=0.2ms | gpu-upload[ch1]=0.1ms | end_to_end_latency=12840ms hires=False capped=True
00:42:15.486 [render] kind=interactive total=50.1ms | gpu=33.1ms | 
00:42:15.528 [vtk-image] view=main total=41.6ms | ascontiguous=0.0ms downsample=39.8ms numpy_to_vtk=1.6ms | shape=(48, 256, 512) bytes=12.0MB downsampled=True
00:42:15.537 [vtk-image] view=main total=24.8ms | ascontiguous=0.0ms downsample=23.1ms numpy_to_vtk=1.6ms | shape=(48, 256, 512) bytes=12.0MB downsampled=True
00:42:15.553 [vtk-image] view=main total=23.9ms | ascontiguous=0.0ms downsample=22.1ms numpy_to_vtk=1.6ms | shape=(48, 256, 512) bytes=12.0MB downsampled=True
00:42:15.596 [vtk-image] view=main total=58.2ms | ascontiguous=0.0ms downsample=56.1ms numpy_to_vtk=1.9ms | shape=(48, 256, 512) bytes=12.0MB downsampled=True
00:42:15.622 [apply-main] comp=0 channels=1 total=0.2ms | gpu-upload[ch0]=0.1ms | end_to_end_latency=13026ms hires=False capped=True
00:42:15.622 [apply-main] comp=0 channels=1 total=0.1ms | gpu-upload[ch1]=0.1ms | end_to_end_latency=13026ms hires=False capped=True
00:42:15.623 [apply-main] comp=0 channels=1 total=0.4ms | gpu-upload[ch0]=0.4ms | end_to_end_latency=13027ms hires=False capped=True
00:42:15.623 [apply-main] comp=0 channels=1 total=0.4ms | gpu-upload[ch1]=0.3ms | end_to_end_latency=13027ms hires=False capped=True
00:42:15.622 [background-load] comp=0 gen=99 total=6957.8ms |  | channels=2 stage=2/2 queue_wait=6068ms chunk=chunk-cache[hits=67 misses=334 rate=17% evict=88 entries=2 size=776.0MB fetched=23.6GB]
00:42:15.669 [render] kind=interactive total=45.3ms | gpu=30.5ms | 
00:42:16.102 [vtk-image] view=main total=95.1ms | ascontiguous=0.0ms numpy_to_vtk=95.0ms | shape=(194, 1024, 2048) bytes=776.0MB downsampled=False
00:42:16.255 [apply-main] comp=0 channels=1 total=0.2ms | gpu-upload[ch1]=0.1ms | end_to_end_latency=153ms hires=True capped=False
00:42:16.255 [vtk-image] view=main total=99.4ms | ascontiguous=0.0ms numpy_to_vtk=99.4ms | shape=(194, 1024, 2048) bytes=776.0MB downsampled=False
00:42:16.886 [vtk-image] view=main total=113.6ms | ascontiguous=0.0ms numpy_to_vtk=113.4ms | shape=(194, 1024, 2048) bytes=776.0MB downsampled=False
00:42:17.292 [render] kind=interactive total=1037.0ms | gpu=1015.6ms | 
00:42:17.725 [vtk-image] view=main total=150.4ms | ascontiguous=0.0ms downsample=143.1ms numpy_to_vtk=7.2ms | shape=(97, 512, 512) bytes=48.5MB downsampled=True
00:42:17.725 [vtk-image] view=main total=150.4ms | ascontiguous=0.0ms downsample=135.6ms numpy_to_vtk=14.7ms | shape=(97, 512, 512) bytes=48.5MB downsampled=True
00:42:17.734 [background-load] comp=1 gen=102 total=159.7ms |  | channels=2 stage=1/1 queue_wait=254ms chunk=chunk-cache[hits=69 misses=360 rate=16% evict=90 entries=2 size=776.0MB fetched=24.4GB]
00:42:18.189 [vtk-image] view=main total=52.6ms | ascontiguous=0.0ms downsample=50.9ms numpy_to_vtk=1.5ms | shape=(48, 256, 512) bytes=12.0MB downsampled=True
00:42:18.190 [vtk-image] view=main total=53.9ms | ascontiguous=0.0ms downsample=52.5ms numpy_to_vtk=1.4ms | shape=(48, 256, 512) bytes=12.0MB downsampled=True
00:42:18.245 [apply-main] comp=1 channels=1 total=0.3ms | gpu-upload[ch0]=0.2ms | end_to_end_latency=347ms hires=False capped=True
00:42:18.246 [apply-main] comp=1 channels=1 total=0.1ms | gpu-upload[ch1]=0.1ms | end_to_end_latency=348ms hires=False capped=True
00:42:18.399 [render] kind=interactive total=152.9ms | gpu=138.2ms | 
00:42:19.196 [background-load] comp=1 gen=105 total=1060.6ms |  | channels=2 stage=1/1 queue_wait=238ms chunk=chunk-cache[hits=69 misses=378 rate=15% evict=93 entries=2 size=776.0MB fetched=25.5GB]
00:42:19.345 [vtk-image] view=main total=52.3ms | ascontiguous=0.0ms downsample=50.7ms numpy_to_vtk=1.6ms | shape=(48, 256, 512) bytes=12.0MB downsampled=True
00:42:19.347 [vtk-image] view=main total=53.9ms | ascontiguous=0.0ms downsample=52.2ms numpy_to_vtk=1.6ms | shape=(48, 256, 512) bytes=12.0MB downsampled=True
00:42:19.402 [apply-main] comp=2 channels=1 total=0.3ms | gpu-upload[ch1]=0.2ms | end_to_end_latency=639ms hires=False capped=True
00:42:19.402 [apply-main] comp=2 channels=1 total=0.1ms | gpu-upload[ch0]=0.1ms | end_to_end_latency=639ms hires=False capped=True
00:42:19.511 [render] kind=interactive total=108.2ms | gpu=95.1ms | 
00:42:20.410 [vtk-image] view=main total=27.9ms | ascontiguous=0.0ms downsample=26.2ms numpy_to_vtk=1.5ms | shape=(48, 256, 512) bytes=12.0MB downsampled=True
00:42:20.416 [vtk-image] view=main total=29.6ms | ascontiguous=0.0ms downsample=26.2ms numpy_to_vtk=3.2ms | shape=(48, 256, 512) bytes=12.0MB downsampled=True
00:42:20.509 [apply-main] comp=2 channels=1 total=0.3ms | gpu-upload[ch1]=0.2ms | end_to_end_latency=1746ms hires=False capped=True
00:42:20.510 [apply-main] comp=2 channels=1 total=0.1ms | gpu-upload[ch0]=0.1ms | end_to_end_latency=1747ms hires=False capped=True
00:42:20.518 [vtk-image] view=main total=34.2ms | ascontiguous=0.0ms downsample=32.2ms numpy_to_vtk=1.8ms | shape=(48, 256, 512) bytes=12.0MB downsampled=True
00:42:20.522 [vtk-image] view=main total=30.9ms | ascontiguous=0.0ms downsample=29.1ms numpy_to_vtk=1.7ms | shape=(48, 256, 512) bytes=12.0MB downsampled=True
00:42:20.555 [render] kind=interactive total=45.6ms | gpu=35.0ms | 
00:42:20.569 [vtk-image] view=main total=50.0ms | ascontiguous=0.0ms downsample=36.3ms numpy_to_vtk=2.1ms | shape=(48, 256, 512) bytes=12.0MB downsampled=True
00:42:20.571 [vtk-image] view=main total=47.8ms | ascontiguous=0.0ms downsample=46.1ms numpy_to_vtk=1.6ms | shape=(48, 256, 512) bytes=12.0MB downsampled=True
00:42:20.648 [background-load] comp=2 gen=109 total=1355.0ms |  | channels=2 stage=1/1 queue_wait=530ms chunk=chunk-cache[hits=69 misses=394 rate=15% evict=98 entries=2 size=776.0MB fetched=27.4GB]
00:42:20.681 [apply-main] comp=2 channels=1 total=0.3ms | gpu-upload[ch1]=0.2ms | end_to_end_latency=1918ms hires=False capped=True
00:42:20.681 [apply-main] comp=2 channels=1 total=0.1ms | gpu-upload[ch0]=0.1ms | end_to_end_latency=1918ms hires=False capped=True
00:42:20.682 [apply-main] comp=2 channels=1 total=0.5ms | gpu-upload[ch1]=0.5ms | end_to_end_latency=1919ms hires=False capped=True
00:42:20.682 [apply-main] comp=2 channels=1 total=0.4ms | gpu-upload[ch0]=0.3ms | end_to_end_latency=1919ms hires=False capped=True
00:42:20.729 [render] kind=interactive total=47.1ms | gpu=33.4ms | 
00:42:21.431 [vtk-image] view=main total=96.6ms | ascontiguous=0.0ms numpy_to_vtk=96.6ms | shape=(194, 1024, 2048) bytes=776.0MB downsampled=False
00:42:21.555 [apply-main] comp=2 channels=1 total=0.2ms | gpu-upload[ch1]=0.1ms | end_to_end_latency=125ms hires=True capped=False
00:42:21.556 [vtk-image] view=main total=81.2ms | ascontiguous=0.0ms numpy_to_vtk=81.1ms | shape=(194, 1024, 2048) bytes=776.0MB downsampled=False
00:42:22.128 [vtk-image] view=main total=102.7ms | ascontiguous=0.0ms numpy_to_vtk=102.5ms | shape=(194, 1024, 2048) bytes=776.0MB downsampled=False
00:42:22.374 [render] kind=interactive total=818.5ms | gpu=805.8ms | 
00:42:22.746 [vtk-image] view=main total=84.1ms | ascontiguous=0.0ms downsample=78.6ms numpy_to_vtk=5.3ms | shape=(146, 259, 512) bytes=36.9MB downsampled=True
00:42:22.759 [vtk-image] view=main total=97.0ms | ascontiguous=0.0ms downsample=90.4ms numpy_to_vtk=6.4ms | shape=(146, 259, 512) bytes=36.9MB downsampled=True
00:42:22.772 [apply-main] comp=4 channels=1 total=0.3ms | gpu-upload[ch0]=0.2ms | end_to_end_latency=384ms hires=False capped=True
00:42:22.773 [apply-main] comp=4 channels=1 total=0.1ms | gpu-upload[ch1]=0.1ms | end_to_end_latency=385ms hires=False capped=True
00:42:22.905 [render] kind=interactive total=131.9ms | gpu=122.1ms | 
00:42:23.131 [vtk-image] view=main total=68.6ms | ascontiguous=0.0ms downsample=63.9ms numpy_to_vtk=4.6ms | shape=(146, 259, 512) bytes=36.9MB downsampled=True
00:42:23.135 [vtk-image] view=main total=72.2ms | ascontiguous=0.0ms downsample=68.3ms numpy_to_vtk=3.8ms | shape=(146, 259, 512) bytes=36.9MB downsampled=True
00:42:23.142 [apply-main] comp=4 channels=1 total=0.2ms | gpu-upload[ch1]=0.2ms | end_to_end_latency=754ms hires=False capped=True
00:42:23.142 [apply-main] comp=4 channels=1 total=0.1ms | gpu-upload[ch0]=0.1ms | end_to_end_latency=755ms hires=False capped=True
00:42:23.207 [vtk-image] view=main total=69.5ms | ascontiguous=0.0ms downsample=63.8ms numpy_to_vtk=5.6ms | shape=(146, 259, 512) bytes=36.9MB downsampled=True
00:42:23.212 [vtk-image] view=main total=75.4ms | ascontiguous=0.0ms downsample=71.2ms numpy_to_vtk=4.1ms | shape=(146, 259, 512) bytes=36.9MB downsampled=True
00:42:23.235 [render] kind=interactive total=92.7ms | gpu=78.6ms | 
00:42:23.235 [background-load] comp=4 gen=115 total=574.0ms |  | channels=2 stage=1/1 queue_wait=274ms chunk=chunk-cache[hits=70 misses=413 rate=14% evict=101 entries=4 size=949.4MB fetched=28.7GB]
00:42:23.363 [apply-main] comp=4 channels=1 total=0.5ms | gpu-upload[ch0]=0.3ms | end_to_end_latency=975ms hires=False capped=True
00:42:23.363 [apply-main] comp=4 channels=1 total=0.1ms | gpu-upload[ch1]=0.1ms | end_to_end_latency=975ms hires=False capped=True
00:42:23.482 [render] kind=interactive total=118.9ms | gpu=105.8ms | 
00:42:23.728 [vtk-image] view=main total=11.7ms | ascontiguous=0.0ms numpy_to_vtk=11.6ms | shape=(194, 344, 681) bytes=86.7MB downsampled=False
00:42:23.758 [vtk-image] view=main total=13.3ms | ascontiguous=0.0ms numpy_to_vtk=13.2ms | shape=(194, 344, 681) bytes=86.7MB downsampled=False
00:42:23.816 [apply-main] comp=4 channels=1 total=0.4ms | gpu-upload[ch1]=0.3ms | end_to_end_latency=88ms hires=True capped=False
00:42:23.816 [apply-main] comp=4 channels=1 total=0.1ms | gpu-upload[ch0]=0.1ms | end_to_end_latency=58ms hires=True capped=False
00:42:24.050 [render] kind=interactive total=233.1ms | gpu=217.5ms | 
00:42:24.406 [render] kind=still total=123.1ms | gpu=74.0ms | 
