# BioSET profiling started 2026-07-15T00:33:38
00:33:47.257 [load] comp=6 ch=0 roi=(0:170,0:86) total=373.9ms | assemble=286.4ms | src=CHUNK bytes=5.4MB shape=(194, 86, 170) chunk=chunk-cache[hits=0 misses=1 rate=0% evict=0 entries=1 size=5.4MB fetched=5.4MB] disk=disk-cache[hits=196 misses(remote)=8 rate=96% evict=0 size=21.4KB/8.0GB keys=2]
00:33:47.260 [vtk-image] view=main total=2.9ms | ascontiguous=0.0ms numpy_to_vtk=2.8ms | shape=(194, 86, 170) bytes=5.4MB downsampled=False
00:33:51.600 [vtk-image] view=main total=111.1ms | ascontiguous=0.0ms downsample=101.1ms numpy_to_vtk=5.1ms | shape=(146, 259, 512) bytes=36.9MB downsampled=True
00:33:51.704 [apply-main] comp=4 channels=1 total=0.3ms | gpu-upload[ch0]=0.2ms | end_to_end_latency=560ms hires=False capped=True
00:33:51.857 [render] kind=interactive total=152.6ms | gpu=131.9ms | 
00:33:52.009 [vtk-image] view=main total=73.1ms | ascontiguous=0.0ms downsample=63.5ms numpy_to_vtk=9.4ms | shape=(146, 259, 512) bytes=36.9MB downsampled=True
00:33:52.078 [vtk-image] view=main total=64.7ms | ascontiguous=0.0ms downsample=58.2ms numpy_to_vtk=6.3ms | shape=(146, 259, 512) bytes=36.9MB downsampled=True
00:33:52.085 [background-load] comp=4 gen=13 total=769.9ms |  | channels=1 stage=1/2 queue_wait=171ms chunk=chunk-cache[hits=1 misses=4 rate=20% evict=0 entries=2 size=92.1MB fetched=92.1MB]
00:33:52.565 [apply-main] comp=4 channels=1 total=0.2ms | gpu-upload[ch0]=0.1ms | end_to_end_latency=1421ms hires=False capped=True
00:33:52.925 [apply-main] comp=4 channels=1 total=2.6ms | gpu-upload[ch0]=2.5ms | end_to_end_latency=1781ms hires=False capped=True
00:33:53.008 [render] kind=interactive total=62.3ms | gpu=44.9ms | 
00:33:53.323 [vtk-image] view=main total=30.5ms | ascontiguous=0.0ms downsample=28.5ms numpy_to_vtk=1.9ms | shape=(48, 256, 512) bytes=12.0MB downsampled=True
00:33:53.405 [apply-main] comp=2 channels=1 total=0.3ms | gpu-upload[ch0]=0.2ms | end_to_end_latency=2261ms hires=False capped=True
00:33:53.447 [render] kind=interactive total=41.0ms | gpu=29.9ms | 
00:33:54.289 [vtk-image] view=main total=23.9ms | ascontiguous=0.0ms downsample=22.2ms numpy_to_vtk=1.6ms | shape=(48, 256, 512) bytes=12.0MB downsampled=True
00:33:54.326 [apply-main] comp=2 channels=1 total=0.3ms | gpu-upload[ch0]=0.2ms | end_to_end_latency=3182ms hires=False capped=True
00:33:54.355 [render] kind=interactive total=28.9ms | gpu=15.6ms | 
00:33:54.400 [vtk-image] view=main total=44.9ms | ascontiguous=0.0ms downsample=42.7ms numpy_to_vtk=2.1ms | shape=(48, 256, 512) bytes=12.0MB downsampled=True
00:33:54.438 [vtk-image] view=main total=37.3ms | ascontiguous=0.0ms downsample=35.0ms numpy_to_vtk=2.1ms | shape=(48, 256, 512) bytes=12.0MB downsampled=True
00:33:54.499 [apply-main] comp=2 channels=1 total=0.3ms | gpu-upload[ch0]=0.2ms | end_to_end_latency=3354ms hires=False capped=True
00:33:54.499 [apply-main] comp=2 channels=1 total=0.5ms | gpu-upload[ch0]=0.5ms | end_to_end_latency=3355ms hires=False capped=True
00:33:54.499 [background-load] comp=2 gen=13 total=2414.4ms |  | channels=1 stage=2/2 queue_wait=941ms chunk=chunk-cache[hits=2 misses=9 rate=18% evict=0 entries=4 size=868.1MB fetched=868.1MB]
00:33:54.538 [render] kind=interactive total=38.5ms | gpu=24.5ms | 
00:33:59.783 [background-load] comp=0 gen=24 total=4726.0ms |  | channels=1 stage=1/1 queue_wait=155ms chunk=chunk-cache[hits=3 misses=12 rate=20% evict=0 entries=4 size=868.1MB fetched=868.1MB]
00:34:03.971 [background-load] comp=0 gen=47 total=4106.9ms |  | channels=1 stage=1/1 queue_wait=736ms chunk=chunk-cache[hits=4 misses=14 rate=22% evict=0 entries=4 size=868.1MB fetched=868.1MB]
00:34:08.264 [background-load] comp=0 gen=60 total=4200.6ms |  | channels=1 stage=1/1 queue_wait=696ms chunk=chunk-cache[hits=5 misses=16 rate=24% evict=0 entries=4 size=868.1MB fetched=868.1MB]
00:34:10.347 [vtk-image] view=main total=46.3ms | ascontiguous=0.0ms downsample=43.2ms numpy_to_vtk=2.7ms | shape=(48, 256, 512) bytes=12.0MB downsampled=True
00:34:10.533 [apply-main] comp=1 channels=1 total=0.2ms | gpu-upload[ch0]=0.1ms | end_to_end_latency=2665ms hires=False capped=True
00:34:10.579 [render] kind=interactive total=45.1ms | gpu=30.3ms | 
00:34:11.918 [vtk-image] view=main total=34.0ms | ascontiguous=0.0ms downsample=32.0ms numpy_to_vtk=1.8ms | shape=(48, 256, 512) bytes=12.0MB downsampled=True
00:34:11.951 [apply-main] comp=1 channels=1 total=0.3ms | gpu-upload[ch0]=0.2ms | end_to_end_latency=4083ms hires=False capped=True
00:34:11.995 [render] kind=interactive total=44.3ms | gpu=28.6ms | 
00:34:12.037 [vtk-image] view=main total=41.5ms | ascontiguous=0.0ms downsample=39.6ms numpy_to_vtk=1.7ms | shape=(48, 256, 512) bytes=12.0MB downsampled=True
00:34:12.068 [vtk-image] view=main total=30.2ms | ascontiguous=0.0ms downsample=28.4ms numpy_to_vtk=1.7ms | shape=(48, 256, 512) bytes=12.0MB downsampled=True
00:34:12.105 [background-load] comp=1 gen=70 total=3750.4ms |  | channels=1 stage=1/1 queue_wait=486ms chunk=chunk-cache[hits=6 misses=20 rate=23% evict=4 entries=2 size=776.0MB fetched=1.6GB]
00:34:12.136 [apply-main] comp=1 channels=1 total=0.2ms | gpu-upload[ch0]=0.2ms | end_to_end_latency=4268ms hires=False capped=True
00:34:12.137 [apply-main] comp=1 channels=1 total=0.6ms | gpu-upload[ch0]=0.6ms | end_to_end_latency=4269ms hires=False capped=True
00:34:12.183 [render] kind=interactive total=45.8ms | gpu=30.1ms | 
00:34:12.630 [vtk-image] view=main total=95.8ms | ascontiguous=0.0ms numpy_to_vtk=95.8ms | shape=(194, 1024, 2048) bytes=776.0MB downsampled=False
00:34:12.662 [apply-main] comp=1 channels=1 total=0.3ms | gpu-upload[ch0]=0.2ms | end_to_end_latency=32ms hires=True capped=False
00:34:12.788 [vtk-image] view=main total=99.2ms | ascontiguous=0.0ms numpy_to_vtk=99.1ms | shape=(194, 1024, 2048) bytes=776.0MB downsampled=False
00:34:13.729 [render] kind=interactive total=1066.8ms | gpu=1044.1ms | 
00:34:14.332 [apply-main] comp=1 channels=1 total=0.3ms | gpu-upload[ch0]=0.2ms | end_to_end_latency=1544ms hires=True capped=False
00:34:14.991 [render] kind=interactive total=659.2ms | gpu=644.3ms | 
00:34:15.355 [render] kind=still total=102.9ms | gpu=58.4ms | 
00:34:18.912 [vtk-image] view=main total=1.8ms | ascontiguous=0.0ms numpy_to_vtk=1.7ms | shape=(194, 86, 170) bytes=5.4MB downsampled=False
00:34:19.004 [vtk-image] view=main total=0.9ms | ascontiguous=0.0ms numpy_to_vtk=0.9ms | shape=(194, 86, 170) bytes=5.4MB downsampled=False
00:34:19.006 [vtk-image] view=main total=2.1ms | ascontiguous=0.0ms numpy_to_vtk=2.0ms | shape=(194, 86, 170) bytes=5.4MB downsampled=False
00:34:19.006 [background-load] comp=6 gen=83 total=96.1ms |  | channels=1 stage=1/1 queue_wait=237ms chunk=chunk-cache[hits=8 misses=27 rate=23% evict=4 entries=3 size=781.4MB fetched=1.6GB]
00:34:19.017 [apply-main] comp=6 channels=1 total=0.3ms | gpu-upload[ch0]=0.2ms | end_to_end_latency=344ms hires=False capped=False
00:34:19.017 [apply-main] comp=6 channels=1 total=0.4ms | gpu-upload[ch0]=0.3ms | end_to_end_latency=345ms hires=False capped=False
00:34:19.018 [apply-main] comp=6 channels=1 total=0.3ms | gpu-upload[ch0]=0.2ms | end_to_end_latency=345ms hires=False capped=False
00:34:19.064 [render] kind=interactive total=46.5ms | gpu=35.7ms | 
00:34:19.317 [render] kind=still total=19.9ms | gpu=7.4ms | 
00:34:21.628 [background-load] comp=2 gen=105 total=541.8ms |  | channels=1 stage=1/2 queue_wait=216ms chunk=chunk-cache[hits=9 misses=31 rate=22% evict=4 entries=3 size=781.4MB fetched=1.6GB]
00:34:22.071 [vtk-image] view=main total=63.8ms | ascontiguous=0.0ms downsample=59.5ms numpy_to_vtk=4.2ms | shape=(146, 259, 512) bytes=36.9MB downsampled=True
00:34:22.160 [apply-main] comp=4 channels=1 total=0.2ms | gpu-upload[ch0]=0.1ms | end_to_end_latency=392ms hires=False capped=True
00:34:22.274 [render] kind=interactive total=113.3ms | gpu=88.0ms | 
00:34:22.279 [vtk-image] view=main total=73.7ms | ascontiguous=0.0ms downsample=68.6ms numpy_to_vtk=4.9ms | shape=(146, 259, 512) bytes=36.9MB downsampled=True
00:34:22.379 [vtk-image] view=main total=76.4ms | ascontiguous=0.0ms downsample=71.1ms numpy_to_vtk=5.2ms | shape=(146, 259, 512) bytes=36.9MB downsampled=True
00:34:22.383 [background-load] comp=4 gen=120 total=439.5ms |  | channels=1 stage=1/1 queue_wait=175ms chunk=chunk-cache[hits=10 misses=34 rate=23% evict=4 entries=4 size=868.1MB fetched=1.7GB]
00:34:22.409 [apply-main] comp=4 channels=1 total=0.4ms | gpu-upload[ch0]=0.3ms | end_to_end_latency=641ms hires=False capped=True
00:34:22.411 [apply-main] comp=4 channels=1 total=1.5ms | gpu-upload[ch0]=1.5ms | end_to_end_latency=642ms hires=False capped=True
00:34:22.482 [render] kind=interactive total=70.9ms | gpu=52.2ms | 
00:34:22.793 [vtk-image] view=main total=8.9ms | ascontiguous=0.0ms numpy_to_vtk=8.8ms | shape=(194, 344, 681) bytes=86.7MB downsampled=False
00:34:22.830 [apply-main] comp=4 channels=1 total=0.9ms | gpu-upload[ch0]=0.7ms | end_to_end_latency=36ms hires=True capped=False
00:34:22.946 [render] kind=interactive total=116.3ms | gpu=101.1ms | 
00:34:23.281 [render] kind=still total=108.6ms | gpu=63.9ms | 
00:34:24.801 [vtk-image] view=main total=72.7ms | ascontiguous=0.0ms downsample=68.7ms numpy_to_vtk=3.8ms | shape=(97, 344, 512) bytes=32.6MB downsampled=True
00:34:24.980 [apply-main] comp=3 channels=1 total=0.1ms | gpu-upload[ch0]=0.1ms | end_to_end_latency=842ms hires=False capped=True
00:34:25.078 [render] kind=interactive total=97.0ms | gpu=76.0ms | 
00:34:25.394 [vtk-image] view=main total=64.1ms | ascontiguous=0.0ms downsample=58.7ms numpy_to_vtk=5.2ms | shape=(97, 344, 512) bytes=32.6MB downsampled=True
00:34:25.423 [apply-main] comp=3 channels=1 total=0.2ms | gpu-upload[ch0]=0.2ms | end_to_end_latency=1286ms hires=False capped=True
00:34:25.463 [vtk-image] view=main total=67.4ms | ascontiguous=0.0ms downsample=62.8ms numpy_to_vtk=4.5ms | shape=(97, 344, 512) bytes=32.6MB downsampled=True
00:34:25.471 [background-load] comp=3 gen=132 total=1126.0ms |  | channels=1 stage=1/2 queue_wait=207ms chunk=chunk-cache[hits=13 misses=37 rate=26% evict=5 entries=4 size=740.8MB fetched=2.0GB]
00:34:25.488 [render] kind=interactive total=64.0ms | gpu=47.5ms | 
00:34:27.524 [apply-main] comp=3 channels=1 total=0.2ms | gpu-upload[ch0]=0.1ms | end_to_end_latency=3386ms hires=False capped=True
00:34:27.617 [render] kind=interactive total=55.4ms | gpu=39.6ms | 
00:34:27.986 [vtk-image] view=main total=31.2ms | ascontiguous=0.0ms downsample=29.0ms numpy_to_vtk=1.9ms | shape=(48, 256, 512) bytes=12.0MB downsampled=True
00:34:28.014 [apply-main] comp=1 channels=1 total=0.2ms | gpu-upload[ch0]=0.1ms | end_to_end_latency=3876ms hires=False capped=True
00:34:28.050 [render] kind=interactive total=35.8ms | gpu=22.5ms | 
00:34:28.440 [vtk-image] view=main total=25.0ms | ascontiguous=0.0ms downsample=22.7ms numpy_to_vtk=2.1ms | shape=(48, 256, 512) bytes=12.0MB downsampled=True
00:34:28.465 [vtk-image] view=main total=23.9ms | ascontiguous=0.0ms downsample=22.3ms numpy_to_vtk=1.5ms | shape=(48, 256, 512) bytes=12.0MB downsampled=True
00:34:28.489 [apply-main] comp=1 channels=1 total=0.2ms | gpu-upload[ch0]=0.1ms | end_to_end_latency=4351ms hires=False capped=True
00:34:28.489 [apply-main] comp=1 channels=1 total=0.5ms | gpu-upload[ch0]=0.5ms | end_to_end_latency=4352ms hires=False capped=True
00:34:28.489 [background-load] comp=1 gen=132 total=3001.6ms |  | channels=1 stage=2/2 queue_wait=1350ms chunk=chunk-cache[hits=15 misses=40 rate=27% evict=8 entries=2 size=776.0MB fetched=2.3GB]
00:34:28.519 [render] kind=interactive total=29.4ms | gpu=16.9ms | 
00:34:28.932 [vtk-image] view=main total=87.9ms | ascontiguous=0.0ms numpy_to_vtk=87.9ms | shape=(194, 1024, 2048) bytes=776.0MB downsampled=False
00:34:29.077 [apply-main] comp=1 channels=1 total=0.2ms | gpu-upload[ch0]=0.1ms | end_to_end_latency=146ms hires=True capped=False
00:34:29.078 [vtk-image] view=main total=95.3ms | ascontiguous=0.0ms numpy_to_vtk=95.3ms | shape=(194, 1024, 2048) bytes=776.0MB downsampled=False
00:34:29.971 [render] kind=interactive total=893.4ms | gpu=875.9ms | 
00:34:30.097 [apply-main] comp=1 channels=1 total=0.5ms | gpu-upload[ch0]=0.4ms | end_to_end_latency=1019ms hires=True capped=False
00:34:30.639 [render] kind=interactive total=542.0ms | gpu=527.8ms | 
00:34:32.605 [background-load] comp=0 gen=144 total=1573.9ms |  | channels=1 stage=1/1 queue_wait=221ms chunk=chunk-cache[hits=18 misses=46 rate=28% evict=8 entries=2 size=776.0MB fetched=2.3GB]
00:34:34.792 [vtk-image] view=main total=114.4ms | ascontiguous=0.0ms downsample=107.9ms numpy_to_vtk=6.3ms | shape=(97, 512, 512) bytes=48.5MB downsampled=True
00:34:34.810 [apply-main] comp=0 channels=1 total=0.2ms | gpu-upload[ch0]=0.2ms | end_to_end_latency=2205ms hires=False capped=True
00:34:34.985 [render] kind=interactive total=174.6ms | gpu=149.0ms | 
00:34:35.549 [vtk-image] view=main total=104.6ms | ascontiguous=0.0ms downsample=97.7ms numpy_to_vtk=6.8ms | shape=(97, 512, 512) bytes=48.5MB downsampled=True
00:34:35.654 [apply-main] comp=0 channels=1 total=0.3ms | gpu-upload[ch0]=0.2ms | end_to_end_latency=3049ms hires=False capped=True
00:34:35.679 [vtk-image] view=main total=128.7ms | ascontiguous=0.0ms downsample=123.3ms numpy_to_vtk=5.4ms | shape=(97, 512, 512) bytes=48.5MB downsampled=True
00:34:35.694 [background-load] comp=0 gen=151 total=2912.6ms |  | channels=1 stage=1/1 queue_wait=176ms chunk=chunk-cache[hits=19 misses=48 rate=28% evict=9 entries=2 size=776.0MB fetched=2.7GB]
00:34:35.737 [render] kind=interactive total=82.7ms | gpu=62.8ms | 
00:34:35.857 [apply-main] comp=0 channels=1 total=0.3ms | gpu-upload[ch0]=0.2ms | end_to_end_latency=3252ms hires=False capped=True
00:34:35.983 [render] kind=interactive total=126.2ms | gpu=110.9ms | 
00:34:36.867 [vtk-image] view=main total=122.6ms | ascontiguous=0.0ms downsample=116.8ms numpy_to_vtk=5.7ms | shape=(97, 512, 512) bytes=48.5MB downsampled=True
00:34:36.882 [background-load] comp=1 gen=157 total=198.3ms |  | channels=1 stage=1/1 queue_wait=195ms chunk=chunk-cache[hits=20 misses=53 rate=27% evict=9 entries=2 size=776.0MB fetched=2.7GB]
00:34:36.899 [apply-main] comp=1 channels=1 total=0.3ms | gpu-upload[ch0]=0.2ms | end_to_end_latency=411ms hires=False capped=True
00:34:37.005 [render] kind=interactive total=105.3ms | gpu=81.1ms | 
00:34:37.673 [vtk-image] view=main total=1.8ms | ascontiguous=0.0ms numpy_to_vtk=1.7ms | shape=(194, 86, 170) bytes=5.4MB downsampled=False
00:34:37.766 [vtk-image] view=main total=0.9ms | ascontiguous=0.0ms numpy_to_vtk=0.8ms | shape=(194, 86, 170) bytes=5.4MB downsampled=False
00:34:37.767 [vtk-image] view=main total=0.8ms | ascontiguous=0.0ms numpy_to_vtk=0.8ms | shape=(194, 86, 170) bytes=5.4MB downsampled=False
00:34:37.767 [background-load] comp=6 gen=172 total=96.0ms |  | channels=1 stage=1/1 queue_wait=200ms chunk=chunk-cache[hits=20 misses=55 rate=27% evict=9 entries=3 size=781.4MB fetched=2.7GB]
00:34:37.773 [apply-main] comp=6 channels=1 total=0.2ms | gpu-upload[ch0]=0.1ms | end_to_end_latency=302ms hires=False capped=False
00:34:37.773 [apply-main] comp=6 channels=1 total=0.3ms | gpu-upload[ch0]=0.2ms | end_to_end_latency=302ms hires=False capped=False
00:34:37.774 [apply-main] comp=6 channels=1 total=0.2ms | gpu-upload[ch0]=0.2ms | end_to_end_latency=302ms hires=False capped=False
00:34:37.821 [render] kind=interactive total=47.2ms | gpu=29.4ms | 
00:34:38.099 [render] kind=still total=46.6ms | gpu=20.3ms | 
00:34:39.711 [vtk-image] view=main total=70.8ms | ascontiguous=0.0ms downsample=66.5ms numpy_to_vtk=4.1ms | shape=(146, 259, 512) bytes=36.9MB downsampled=True
00:34:39.780 [apply-main] comp=4 channels=1 total=0.3ms | gpu-upload[ch0]=0.2ms | end_to_end_latency=409ms hires=False capped=True
00:34:39.908 [render] kind=interactive total=128.2ms | gpu=100.7ms | 
00:34:39.935 [vtk-image] view=main total=71.9ms | ascontiguous=0.0ms downsample=66.4ms numpy_to_vtk=5.4ms | shape=(146, 259, 512) bytes=36.9MB downsampled=True
00:34:40.023 [vtk-image] view=main total=85.6ms | ascontiguous=0.0ms downsample=80.2ms numpy_to_vtk=5.3ms | shape=(146, 259, 512) bytes=36.9MB downsampled=True
00:34:40.027 [background-load] comp=4 gen=185 total=465.9ms |  | channels=1 stage=1/2 queue_wait=190ms chunk=chunk-cache[hits=21 misses=58 rate=27% evict=9 entries=4 size=868.1MB fetched=2.8GB]
00:34:40.618 [apply-main] comp=4 channels=1 total=0.2ms | gpu-upload[ch0]=0.1ms | end_to_end_latency=1247ms hires=False capped=True
00:34:40.839 [apply-main] comp=4 channels=1 total=1.5ms | gpu-upload[ch0]=1.3ms | end_to_end_latency=1469ms hires=False capped=True
00:34:40.939 [render] kind=interactive total=87.5ms | gpu=65.0ms | 
00:34:41.117 [vtk-image] view=main total=31.3ms | ascontiguous=0.0ms downsample=29.3ms numpy_to_vtk=1.9ms | shape=(48, 256, 512) bytes=12.0MB downsampled=True
00:34:41.186 [apply-main] comp=2 channels=1 total=0.2ms | gpu-upload[ch0]=0.1ms | end_to_end_latency=1815ms hires=False capped=True
00:34:41.220 [render] kind=interactive total=34.2ms | gpu=23.8ms | 
00:34:41.801 [vtk-image] view=main total=38.3ms | ascontiguous=0.0ms downsample=34.0ms numpy_to_vtk=4.1ms | shape=(48, 256, 512) bytes=12.0MB downsampled=True
00:34:41.808 [apply-main] comp=2 channels=1 total=0.4ms | gpu-upload[ch0]=0.2ms | end_to_end_latency=2437ms hires=False capped=True
00:34:41.848 [render] kind=interactive total=40.0ms | gpu=25.3ms | 
00:34:41.912 [vtk-image] view=main total=33.8ms | ascontiguous=0.0ms downsample=31.8ms numpy_to_vtk=1.9ms | shape=(48, 256, 512) bytes=12.0MB downsampled=True
00:34:41.939 [vtk-image] view=main total=26.6ms | ascontiguous=0.0ms downsample=24.6ms numpy_to_vtk=1.9ms | shape=(48, 256, 512) bytes=12.0MB downsampled=True
00:34:41.967 [apply-main] comp=2 channels=1 total=0.2ms | gpu-upload[ch0]=0.1ms | end_to_end_latency=2596ms hires=False capped=True
00:34:41.968 [apply-main] comp=2 channels=1 total=0.4ms | gpu-upload[ch0]=0.4ms | end_to_end_latency=2597ms hires=False capped=True
00:34:41.967 [background-load] comp=2 gen=185 total=1939.8ms |  | channels=1 stage=2/2 queue_wait=656ms chunk=chunk-cache[hits=22 misses=63 rate=26% evict=11 entries=4 size=868.1MB fetched=3.6GB]
00:34:41.999 [render] kind=interactive total=31.0ms | gpu=18.5ms | 
00:34:43.390 [vtk-image] view=main total=94.0ms | ascontiguous=0.0ms numpy_to_vtk=94.0ms | shape=(194, 1024, 2048) bytes=776.0MB downsampled=False
00:34:43.550 [apply-main] comp=2 channels=1 total=0.2ms | gpu-upload[ch0]=0.1ms | end_to_end_latency=160ms hires=True capped=False
00:34:43.550 [vtk-image] view=main total=97.4ms | ascontiguous=0.0ms numpy_to_vtk=97.3ms | shape=(194, 1024, 2048) bytes=776.0MB downsampled=False
00:34:44.399 [render] kind=interactive total=848.8ms | gpu=834.4ms | 
00:34:49.733 [vtk-image] view=main total=114.2ms | ascontiguous=0.0ms downsample=111.9ms numpy_to_vtk=2.1ms | shape=(48, 256, 512) bytes=12.0MB downsampled=True
00:34:49.889 [apply-main] comp=0 channels=1 total=0.2ms | gpu-upload[ch0]=0.1ms | end_to_end_latency=5475ms hires=False capped=True
00:34:50.002 [render] kind=interactive total=112.8ms | gpu=92.6ms | 
00:34:50.661 [vtk-image] view=main total=53.2ms | ascontiguous=0.0ms downsample=38.6ms numpy_to_vtk=2.0ms | shape=(48, 256, 512) bytes=12.0MB downsampled=True
00:34:50.678 [apply-main] comp=0 channels=1 total=0.3ms | gpu-upload[ch0]=0.2ms | end_to_end_latency=6263ms hires=False capped=True
00:34:50.726 [render] kind=interactive total=47.6ms | gpu=30.8ms | 
00:34:50.769 [vtk-image] view=main total=43.1ms | ascontiguous=0.0ms downsample=41.2ms numpy_to_vtk=1.8ms | shape=(48, 256, 512) bytes=12.0MB downsampled=True
00:34:50.804 [vtk-image] view=main total=34.1ms | ascontiguous=0.0ms downsample=32.2ms numpy_to_vtk=1.8ms | shape=(48, 256, 512) bytes=12.0MB downsampled=True
00:34:50.830 [background-load] comp=0 gen=197 total=6175.6ms |  | channels=1 stage=1/1 queue_wait=240ms chunk=chunk-cache[hits=26 misses=69 rate=27% evict=15 entries=2 size=776.0MB fetched=4.3GB]
00:34:50.848 [apply-main] comp=0 channels=1 total=0.3ms | gpu-upload[ch0]=0.2ms | end_to_end_latency=6433ms hires=False capped=True
00:34:50.849 [apply-main] comp=0 channels=1 total=0.7ms | gpu-upload[ch0]=0.6ms | end_to_end_latency=6434ms hires=False capped=True
00:34:50.884 [render] kind=interactive total=34.9ms | gpu=19.4ms | 
00:34:51.286 [vtk-image] view=main total=86.0ms | ascontiguous=0.0ms numpy_to_vtk=85.9ms | shape=(194, 1024, 2048) bytes=776.0MB downsampled=False
00:34:51.418 [apply-main] comp=0 channels=1 total=0.2ms | gpu-upload[ch0]=0.1ms | end_to_end_latency=133ms hires=True capped=False
00:34:51.419 [vtk-image] view=main total=89.4ms | ascontiguous=0.0ms numpy_to_vtk=89.4ms | shape=(194, 1024, 2048) bytes=776.0MB downsampled=False
00:34:52.155 [render] kind=interactive total=735.9ms | gpu=726.0ms | 
00:34:52.279 [apply-main] comp=0 channels=1 total=0.3ms | gpu-upload[ch0]=0.2ms | end_to_end_latency=860ms hires=True capped=False
00:34:52.827 [render] kind=interactive total=547.7ms | gpu=529.6ms | 
00:34:53.473 [vtk-image] view=main total=43.5ms | ascontiguous=0.0ms downsample=41.9ms numpy_to_vtk=1.5ms | shape=(48, 256, 512) bytes=12.0MB downsampled=True
00:34:53.538 [apply-main] comp=2 channels=1 total=0.2ms | gpu-upload[ch0]=0.2ms | end_to_end_latency=320ms hires=False capped=True
00:34:53.605 [render] kind=interactive total=66.5ms | gpu=56.8ms | 
00:34:54.166 [vtk-image] view=main total=26.7ms | ascontiguous=0.0ms downsample=25.1ms numpy_to_vtk=1.5ms | shape=(48, 256, 512) bytes=12.0MB downsampled=True
00:34:54.189 [apply-main] comp=2 channels=1 total=0.3ms | gpu-upload[ch0]=0.2ms | end_to_end_latency=971ms hires=False capped=True
00:34:54.233 [render] kind=interactive total=43.7ms | gpu=23.1ms | 
00:34:54.291 [vtk-image] view=main total=57.1ms | ascontiguous=0.0ms downsample=52.4ms numpy_to_vtk=4.5ms | shape=(48, 256, 512) bytes=12.0MB downsampled=True
00:34:54.330 [vtk-image] view=main total=38.0ms | ascontiguous=0.0ms downsample=34.6ms numpy_to_vtk=3.2ms | shape=(48, 256, 512) bytes=12.0MB downsampled=True
00:34:54.359 [apply-main] comp=2 channels=1 total=0.2ms | gpu-upload[ch0]=0.1ms | end_to_end_latency=1141ms hires=False capped=True
00:34:54.359 [apply-main] comp=2 channels=1 total=0.4ms | gpu-upload[ch0]=0.4ms | end_to_end_latency=1141ms hires=False capped=True
00:34:54.359 [background-load] comp=2 gen=205 total=929.0ms |  | channels=1 stage=1/1 queue_wait=212ms chunk=chunk-cache[hits=28 misses=83 rate=25% evict=17 entries=2 size=776.0MB fetched=5.1GB]
00:34:54.398 [render] kind=interactive total=38.9ms | gpu=20.7ms | 
00:34:54.830 [vtk-image] view=main total=100.8ms | ascontiguous=0.0ms numpy_to_vtk=100.8ms | shape=(194, 1024, 2048) bytes=776.0MB downsampled=False
00:34:54.961 [apply-main] comp=2 channels=1 total=0.2ms | gpu-upload[ch0]=0.1ms | end_to_end_latency=130ms hires=True capped=False
00:34:54.961 [vtk-image] view=main total=84.3ms | ascontiguous=0.0ms numpy_to_vtk=84.2ms | shape=(194, 1024, 2048) bytes=776.0MB downsampled=False
00:34:55.564 [render] kind=interactive total=603.3ms | gpu=592.3ms | 
00:34:55.825 [vtk-image] view=main total=1.3ms | ascontiguous=0.0ms numpy_to_vtk=1.3ms | shape=(194, 86, 170) bytes=5.4MB downsampled=False
00:34:55.922 [vtk-image] view=main total=1.0ms | ascontiguous=0.0ms numpy_to_vtk=0.9ms | shape=(194, 86, 170) bytes=5.4MB downsampled=False
00:34:55.923 [vtk-image] view=main total=0.7ms | ascontiguous=0.0ms numpy_to_vtk=0.6ms | shape=(194, 86, 170) bytes=5.4MB downsampled=False
00:34:55.923 [background-load] comp=6 gen=214 total=98.9ms |  | channels=1 stage=1/1 queue_wait=233ms chunk=chunk-cache[hits=30 misses=89 rate=25% evict=17 entries=3 size=781.4MB fetched=5.1GB]
00:34:55.932 [apply-main] comp=6 channels=1 total=0.3ms | gpu-upload[ch0]=0.2ms | end_to_end_latency=342ms hires=False capped=False
00:34:55.933 [apply-main] comp=6 channels=1 total=0.3ms | gpu-upload[ch0]=0.3ms | end_to_end_latency=342ms hires=False capped=False
00:34:55.933 [apply-main] comp=6 channels=1 total=0.3ms | gpu-upload[ch0]=0.3ms | end_to_end_latency=343ms hires=False capped=False
00:34:55.998 [render] kind=interactive total=64.8ms | gpu=49.2ms | 
00:34:56.265 [render] kind=still total=36.9ms | gpu=15.8ms | 
00:34:57.757 [vtk-image] view=main total=4.3ms | ascontiguous=0.0ms numpy_to_vtk=4.1ms | shape=(194, 172, 340) bytes=21.6MB downsampled=False
00:34:57.835 [apply-main] comp=5 channels=1 total=0.3ms | gpu-upload[ch0]=0.2ms | end_to_end_latency=331ms hires=False capped=False
00:34:57.954 [render] kind=interactive total=118.6ms | gpu=91.8ms | 
00:34:58.048 [vtk-image] view=main total=2.8ms | ascontiguous=0.0ms numpy_to_vtk=2.7ms | shape=(194, 172, 340) bytes=21.6MB downsampled=False
00:34:58.051 [vtk-image] view=main total=3.0ms | ascontiguous=0.0ms numpy_to_vtk=2.9ms | shape=(194, 172, 340) bytes=21.6MB downsampled=False
00:34:58.052 [background-load] comp=5 gen=222 total=326.5ms |  | channels=1 stage=1/2 queue_wait=221ms chunk=chunk-cache[hits=31 misses=91 rate=25% evict=17 entries=4 size=803.0MB fetched=5.1GB]
00:34:58.171 [apply-main] comp=5 channels=1 total=0.2ms | gpu-upload[ch0]=0.1ms | end_to_end_latency=667ms hires=False capped=False
00:34:58.222 [apply-main] comp=5 channels=1 total=0.8ms | gpu-upload[ch0]=0.7ms | end_to_end_latency=718ms hires=False capped=False
00:34:58.300 [render] kind=interactive total=75.3ms | gpu=54.8ms | 
00:34:58.371 [vtk-image] view=main total=59.4ms | ascontiguous=0.0ms downsample=56.6ms numpy_to_vtk=2.7ms | shape=(73, 258, 512) bytes=18.4MB downsampled=True
00:34:58.446 [apply-main] comp=3 channels=1 total=0.3ms | gpu-upload[ch0]=0.2ms | end_to_end_latency=942ms hires=False capped=True
00:34:58.488 [render] kind=interactive total=41.6ms | gpu=30.2ms | 
00:34:58.890 [vtk-image] view=main total=35.0ms | ascontiguous=0.0ms downsample=32.7ms numpy_to_vtk=2.1ms | shape=(73, 258, 512) bytes=18.4MB downsampled=True
00:34:58.931 [apply-main] comp=3 channels=1 total=0.3ms | gpu-upload[ch0]=0.2ms | end_to_end_latency=1426ms hires=False capped=True
00:34:58.943 [vtk-image] view=main total=39.9ms | ascontiguous=0.0ms downsample=37.2ms numpy_to_vtk=2.6ms | shape=(73, 258, 512) bytes=18.4MB downsampled=True
00:34:58.955 [background-load] comp=3 gen=222 total=903.8ms |  | channels=1 stage=2/2 queue_wait=547ms chunk=chunk-cache[hits=32 misses=96 rate=25% evict=18 entries=5 size=762.0MB fetched=5.4GB]
00:34:58.968 [render] kind=interactive total=37.1ms | gpu=25.7ms | 
00:34:59.087 [apply-main] comp=3 channels=1 total=0.3ms | gpu-upload[ch0]=0.2ms | end_to_end_latency=1583ms hires=False capped=True
00:34:59.122 [render] kind=interactive total=34.9ms | gpu=21.3ms | 
00:35:01.238 [vtk-image] view=main total=24.0ms | ascontiguous=0.0ms downsample=21.6ms numpy_to_vtk=2.2ms | shape=(48, 256, 512) bytes=12.0MB downsampled=True
00:35:01.316 [apply-main] comp=1 channels=1 total=0.2ms | gpu-upload[ch0]=0.1ms | end_to_end_latency=1809ms hires=False capped=True
00:35:01.372 [render] kind=interactive total=55.7ms | gpu=37.1ms | 
00:35:01.907 [vtk-image] view=main total=27.4ms | ascontiguous=0.0ms downsample=24.7ms numpy_to_vtk=2.5ms | shape=(48, 256, 512) bytes=12.0MB downsampled=True
00:35:01.939 [apply-main] comp=1 channels=1 total=0.6ms | gpu-upload[ch0]=0.4ms | end_to_end_latency=2432ms hires=False capped=True
00:35:01.976 [render] kind=interactive total=36.6ms | gpu=23.1ms | 
00:35:02.026 [vtk-image] view=main total=28.2ms | ascontiguous=0.0ms downsample=26.6ms numpy_to_vtk=1.5ms | shape=(48, 256, 512) bytes=12.0MB downsampled=True
00:35:02.051 [vtk-image] view=main total=23.9ms | ascontiguous=0.0ms downsample=21.9ms numpy_to_vtk=1.9ms | shape=(48, 256, 512) bytes=12.0MB downsampled=True
00:35:02.071 [background-load] comp=1 gen=231 total=2393.4ms |  | channels=1 stage=1/1 queue_wait=171ms chunk=chunk-cache[hits=33 misses=100 rate=25% evict=23 entries=2 size=776.0MB fetched=6.2GB]
00:35:02.094 [apply-main] comp=1 channels=1 total=0.3ms | gpu-upload[ch0]=0.3ms | end_to_end_latency=2588ms hires=False capped=True
00:35:02.095 [apply-main] comp=1 channels=1 total=0.4ms | gpu-upload[ch0]=0.4ms | end_to_end_latency=2588ms hires=False capped=True
00:35:02.136 [render] kind=interactive total=41.2ms | gpu=21.8ms | 
00:35:02.567 [vtk-image] view=main total=97.6ms | ascontiguous=0.0ms numpy_to_vtk=97.6ms | shape=(194, 1024, 2048) bytes=776.0MB downsampled=False
00:35:02.701 [apply-main] comp=1 channels=1 total=0.2ms | gpu-upload[ch0]=0.1ms | end_to_end_latency=134ms hires=True capped=False
00:35:02.701 [vtk-image] view=main total=86.7ms | ascontiguous=0.0ms numpy_to_vtk=86.6ms | shape=(194, 1024, 2048) bytes=776.0MB downsampled=False
00:35:03.583 [render] kind=interactive total=881.4ms | gpu=865.9ms | 
00:35:03.702 [apply-main] comp=1 channels=1 total=0.3ms | gpu-upload[ch0]=0.2ms | end_to_end_latency=1001ms hires=True capped=False
00:35:04.360 [render] kind=interactive total=657.7ms | gpu=643.4ms | 
00:35:04.715 [render] kind=still total=121.1ms | gpu=73.2ms | 
00:35:07.475 [vtk-image] view=main total=77.7ms | ascontiguous=0.0ms downsample=75.0ms numpy_to_vtk=2.6ms | shape=(73, 258, 512) bytes=18.4MB downsampled=True
00:35:07.509 [apply-main] comp=3 channels=1 total=0.2ms | gpu-upload[ch0]=0.1ms | end_to_end_latency=322ms hires=False capped=True
00:35:07.586 [render] kind=interactive total=76.9ms | gpu=61.7ms | 
00:35:07.932 [vtk-image] view=main total=51.4ms | ascontiguous=0.0ms downsample=49.0ms numpy_to_vtk=2.2ms | shape=(73, 258, 512) bytes=18.4MB downsampled=True
00:35:08.018 [vtk-image] view=main total=45.3ms | ascontiguous=0.0ms downsample=42.0ms numpy_to_vtk=3.1ms | shape=(73, 258, 512) bytes=18.4MB downsampled=True
00:35:08.041 [apply-main] comp=3 channels=1 total=0.6ms | gpu-upload[ch0]=0.4ms | end_to_end_latency=854ms hires=False capped=True
00:35:08.042 [apply-main] comp=3 channels=1 total=1.4ms | gpu-upload[ch0]=1.3ms | end_to_end_latency=855ms hires=False capped=True
00:35:08.071 [vtk-image] view=main total=52.1ms | ascontiguous=0.0ms downsample=45.0ms numpy_to_vtk=6.9ms | shape=(73, 258, 512) bytes=18.4MB downsampled=True
00:35:08.087 [background-load] comp=3 gen=237 total=689.4ms |  | channels=1 stage=1/1 queue_wait=211ms chunk=chunk-cache[hits=35 misses=112 rate=24% evict=24 entries=3 size=735.0MB fetched=6.5GB]
00:35:08.115 [render] kind=interactive total=73.1ms | gpu=51.7ms | 
00:35:08.243 [apply-main] comp=3 channels=1 total=0.3ms | gpu-upload[ch0]=0.2ms | end_to_end_latency=1056ms hires=False capped=True
00:35:08.287 [render] kind=interactive total=43.8ms | gpu=29.9ms | 
00:35:08.625 [vtk-image] view=main total=43.1ms | ascontiguous=0.0ms numpy_to_vtk=43.0ms | shape=(194, 688, 1363) bytes=347.0MB downsampled=False
00:35:08.692 [vtk-image] view=main total=44.8ms | ascontiguous=0.0ms numpy_to_vtk=44.7ms | shape=(194, 688, 1363) bytes=347.0MB downsampled=False
00:35:08.740 [apply-main] comp=3 channels=1 total=0.2ms | gpu-upload[ch0]=0.2ms | end_to_end_latency=115ms hires=True capped=False
00:35:08.752 [apply-main] comp=3 channels=1 total=11.3ms | gpu-upload[ch0]=11.2ms | end_to_end_latency=59ms hires=True capped=False
00:35:09.256 [render] kind=interactive total=503.7ms | gpu=492.1ms | 
00:35:09.607 [render] kind=still total=114.8ms | gpu=68.8ms | 
00:35:10.378 [vtk-image] view=main total=122.4ms | ascontiguous=0.0ms downsample=104.3ms numpy_to_vtk=7.2ms | shape=(146, 259, 512) bytes=36.9MB downsampled=True
00:35:10.383 [background-load] comp=4 gen=240 total=127.4ms |  | channels=1 stage=1/1 queue_wait=209ms chunk=chunk-cache[hits=37 misses=118 rate=24% evict=24 entries=3 size=735.0MB fetched=6.5GB]
00:35:10.722 [vtk-image] view=main total=2.5ms | ascontiguous=0.0ms numpy_to_vtk=2.4ms | shape=(194, 86, 170) bytes=5.4MB downsampled=False
00:35:10.818 [vtk-image] view=main total=0.8ms | ascontiguous=0.0ms numpy_to_vtk=0.8ms | shape=(194, 86, 170) bytes=5.4MB downsampled=False
00:35:10.818 [vtk-image] view=main total=0.7ms | ascontiguous=0.0ms numpy_to_vtk=0.7ms | shape=(194, 86, 170) bytes=5.4MB downsampled=False
00:35:10.819 [background-load] comp=6 gen=249 total=99.1ms |  | channels=1 stage=1/1 queue_wait=255ms chunk=chunk-cache[hits=37 misses=120 rate=24% evict=24 entries=4 size=740.4MB fetched=6.5GB]
00:35:10.830 [apply-main] comp=6 channels=1 total=0.2ms | gpu-upload[ch0]=0.2ms | end_to_end_latency=365ms hires=False capped=False
00:35:10.830 [apply-main] comp=6 channels=1 total=0.4ms | gpu-upload[ch0]=0.4ms | end_to_end_latency=365ms hires=False capped=False
00:35:10.831 [apply-main] comp=6 channels=1 total=0.4ms | gpu-upload[ch0]=0.4ms | end_to_end_latency=366ms hires=False capped=False
00:35:10.862 [render] kind=interactive total=30.9ms | gpu=19.6ms | 
00:35:11.096 [render] kind=still total=14.8ms | gpu=4.0ms | 
00:35:11.933 [vtk-image] view=main total=3.0ms | ascontiguous=0.0ms numpy_to_vtk=2.9ms | shape=(194, 172, 340) bytes=21.6MB downsampled=False
00:35:12.006 [apply-main] comp=5 channels=1 total=0.2ms | gpu-upload[ch0]=0.2ms | end_to_end_latency=270ms hires=False capped=False
00:35:12.045 [vtk-image] view=main total=5.8ms | ascontiguous=0.0ms numpy_to_vtk=5.7ms | shape=(194, 172, 340) bytes=21.6MB downsampled=False
00:35:12.049 [vtk-image] view=main total=3.9ms | ascontiguous=0.0ms numpy_to_vtk=3.9ms | shape=(194, 172, 340) bytes=21.6MB downsampled=False
00:35:12.050 [background-load] comp=5 gen=251 total=154.8ms |  | channels=1 stage=1/1 queue_wait=159ms chunk=chunk-cache[hits=38 misses=122 rate=24% evict=24 entries=5 size=762.0MB fetched=6.6GB]
00:35:12.116 [render] kind=interactive total=109.5ms | gpu=89.2ms | 
00:35:12.239 [apply-main] comp=5 channels=1 total=0.3ms | gpu-upload[ch0]=0.2ms | end_to_end_latency=503ms hires=False capped=False
00:35:12.240 [apply-main] comp=5 channels=1 total=0.7ms | gpu-upload[ch0]=0.7ms | end_to_end_latency=504ms hires=False capped=False
00:35:12.286 [render] kind=interactive total=45.6ms | gpu=31.8ms | 
00:35:12.581 [render] kind=still total=62.5ms | gpu=29.1ms | 
00:35:14.119 [vtk-image] view=main total=89.2ms | ascontiguous=0.0ms downsample=84.2ms numpy_to_vtk=4.8ms | shape=(146, 259, 512) bytes=36.9MB downsampled=True
00:35:14.138 [apply-main] comp=4 channels=1 total=0.2ms | gpu-upload[ch0]=0.2ms | end_to_end_latency=377ms hires=False capped=True
00:35:14.253 [render] kind=interactive total=114.4ms | gpu=90.5ms | 
00:35:14.362 [vtk-image] view=main total=80.4ms | ascontiguous=0.0ms downsample=73.6ms numpy_to_vtk=6.6ms | shape=(146, 259, 512) bytes=36.9MB downsampled=True
00:35:14.386 [apply-main] comp=4 channels=1 total=0.2ms | gpu-upload[ch0]=0.1ms | end_to_end_latency=625ms hires=False capped=True
00:35:14.431 [vtk-image] view=main total=67.0ms | ascontiguous=0.0ms downsample=61.6ms numpy_to_vtk=5.3ms | shape=(146, 259, 512) bytes=36.9MB downsampled=True
00:35:14.434 [background-load] comp=4 gen=259 total=513.8ms |  | channels=1 stage=1/1 queue_wait=160ms chunk=chunk-cache[hits=39 misses=124 rate=24% evict=24 entries=6 size=848.7MB fetched=6.6GB]
00:35:14.463 [render] kind=interactive total=76.6ms | gpu=57.8ms | 
00:35:14.582 [apply-main] comp=4 channels=1 total=0.2ms | gpu-upload[ch0]=0.1ms | end_to_end_latency=821ms hires=False capped=True
00:35:14.639 [render] kind=interactive total=57.1ms | gpu=43.3ms | 
00:35:15.002 [vtk-image] view=main total=11.4ms | ascontiguous=0.0ms numpy_to_vtk=11.3ms | shape=(194, 344, 681) bytes=86.7MB downsampled=False
00:35:15.090 [apply-main] comp=4 channels=1 total=0.2ms | gpu-upload[ch0]=0.2ms | end_to_end_latency=88ms hires=True capped=False
00:35:15.239 [render] kind=interactive total=148.4ms | gpu=132.5ms | 
00:35:15.572 [render] kind=still total=108.1ms | gpu=63.6ms | 
00:35:18.195 [vtk-image] view=main total=57.4ms | ascontiguous=0.0ms downsample=53.8ms numpy_to_vtk=3.5ms | shape=(97, 344, 512) bytes=32.6MB downsampled=True
00:35:18.202 [background-load] comp=3 gen=268 total=436.3ms |  | channels=1 stage=1/2 queue_wait=169ms chunk=chunk-cache[hits=43 misses=124 rate=26% evict=24 entries=6 size=848.7MB fetched=6.6GB]
00:35:19.588 [apply-main] comp=3 channels=1 total=0.2ms | gpu-upload[ch0]=0.1ms | end_to_end_latency=1992ms hires=False capped=True
00:35:20.327 [render] kind=interactive total=101.9ms | gpu=77.0ms | 
00:35:20.676 [vtk-image] view=main total=25.8ms | ascontiguous=0.0ms downsample=23.4ms numpy_to_vtk=2.2ms | shape=(48, 256, 512) bytes=12.0MB downsampled=True
00:35:20.713 [apply-main] comp=1 channels=1 total=0.3ms | gpu-upload[ch0]=0.2ms | end_to_end_latency=3117ms hires=False capped=True
00:35:20.756 [render] kind=interactive total=42.1ms | gpu=29.5ms | 
00:35:21.114 [vtk-image] view=main total=23.3ms | ascontiguous=0.0ms downsample=21.8ms numpy_to_vtk=1.5ms | shape=(48, 256, 512) bytes=12.0MB downsampled=True
00:35:21.137 [vtk-image] view=main total=22.4ms | ascontiguous=0.0ms downsample=20.9ms numpy_to_vtk=1.4ms | shape=(48, 256, 512) bytes=12.0MB downsampled=True
00:35:21.155 [background-load] comp=1 gen=268 total=2953.3ms |  | channels=1 stage=2/2 queue_wait=606ms chunk=chunk-cache[hits=45 misses=127 rate=26% evict=29 entries=2 size=776.0MB fetched=7.0GB]
00:35:21.201 [apply-main] comp=1 channels=1 total=0.3ms | gpu-upload[ch0]=0.2ms | end_to_end_latency=3604ms hires=False capped=True
00:35:21.201 [apply-main] comp=1 channels=1 total=0.5ms | gpu-upload[ch0]=0.5ms | end_to_end_latency=3605ms hires=False capped=True
00:35:21.245 [render] kind=interactive total=43.4ms | gpu=23.1ms | 
00:35:21.687 [vtk-image] view=main total=91.2ms | ascontiguous=0.0ms numpy_to_vtk=91.1ms | shape=(194, 1024, 2048) bytes=776.0MB downsampled=False
00:35:21.696 [apply-main] comp=1 channels=1 total=0.3ms | gpu-upload[ch0]=0.2ms | end_to_end_latency=8ms hires=True capped=False
00:35:21.833 [vtk-image] view=main total=96.6ms | ascontiguous=0.0ms numpy_to_vtk=96.5ms | shape=(194, 1024, 2048) bytes=776.0MB downsampled=False
00:35:22.567 [render] kind=interactive total=871.2ms | gpu=854.2ms | 
00:35:22.689 [apply-main] comp=1 channels=1 total=0.3ms | gpu-upload[ch0]=0.2ms | end_to_end_latency=856ms hires=True capped=False
00:35:23.192 [render] kind=interactive total=503.4ms | gpu=488.9ms | 
00:35:23.547 [render] kind=still total=124.2ms | gpu=75.8ms | 
00:35:25.819 [vtk-image] view=main total=72.8ms | ascontiguous=0.0ms downsample=67.6ms numpy_to_vtk=5.0ms | shape=(146, 259, 512) bytes=36.9MB downsampled=True
00:35:25.853 [apply-main] comp=4 channels=1 total=0.2ms | gpu-upload[ch0]=0.2ms | end_to_end_latency=329ms hires=False capped=True
00:35:25.961 [render] kind=interactive total=107.5ms | gpu=90.2ms | 
00:35:26.059 [vtk-image] view=main total=81.7ms | ascontiguous=0.1ms downsample=74.4ms numpy_to_vtk=7.1ms | shape=(146, 259, 512) bytes=36.9MB downsampled=True
00:35:26.088 [apply-main] comp=4 channels=1 total=0.2ms | gpu-upload[ch0]=0.2ms | end_to_end_latency=563ms hires=False capped=True
00:35:26.126 [vtk-image] view=main total=65.4ms | ascontiguous=0.0ms downsample=60.1ms numpy_to_vtk=5.2ms | shape=(146, 259, 512) bytes=36.9MB downsampled=True
00:35:26.129 [background-load] comp=4 gen=275 total=383.4ms |  | channels=1 stage=1/1 queue_wait=222ms chunk=chunk-cache[hits=47 misses=136 rate=26% evict=29 entries=3 size=862.7MB fetched=7.1GB]
00:35:26.161 [render] kind=interactive total=73.2ms | gpu=54.5ms | 
00:35:26.289 [apply-main] comp=4 channels=1 total=0.3ms | gpu-upload[ch0]=0.2ms | end_to_end_latency=765ms hires=False capped=True
00:35:26.339 [render] kind=interactive total=49.8ms | gpu=36.5ms | 
00:35:26.587 [vtk-image] view=main total=9.6ms | ascontiguous=0.0ms numpy_to_vtk=9.5ms | shape=(194, 344, 681) bytes=86.7MB downsampled=False
00:35:26.675 [apply-main] comp=4 channels=1 total=0.3ms | gpu-upload[ch0]=0.2ms | end_to_end_latency=88ms hires=True capped=False
00:35:26.795 [render] kind=interactive total=120.0ms | gpu=105.0ms | 
00:35:27.199 [render] kind=still total=179.9ms | gpu=110.6ms | 
00:35:28.035 [vtk-image] view=main total=1.5ms | ascontiguous=0.0ms numpy_to_vtk=1.4ms | shape=(194, 86, 170) bytes=5.4MB downsampled=False
00:35:28.122 [vtk-image] view=main total=1.6ms | ascontiguous=0.0ms numpy_to_vtk=1.5ms | shape=(194, 86, 170) bytes=5.4MB downsampled=False
00:35:28.123 [vtk-image] view=main total=1.6ms | ascontiguous=0.0ms numpy_to_vtk=1.5ms | shape=(194, 86, 170) bytes=5.4MB downsampled=False
00:35:28.124 [background-load] comp=6 gen=282 total=90.5ms |  | channels=1 stage=1/1 queue_wait=260ms chunk=chunk-cache[hits=48 misses=140 rate=26% evict=29 entries=4 size=868.1MB fetched=7.1GB]
00:35:28.144 [apply-main] comp=6 channels=1 total=0.4ms | gpu-upload[ch0]=0.3ms | end_to_end_latency=371ms hires=False capped=False
00:35:28.144 [apply-main] comp=6 channels=1 total=0.4ms | gpu-upload[ch0]=0.3ms | end_to_end_latency=371ms hires=False capped=False
00:35:28.145 [apply-main] comp=6 channels=1 total=0.3ms | gpu-upload[ch0]=0.3ms | end_to_end_latency=372ms hires=False capped=False
00:35:28.172 [render] kind=interactive total=27.0ms | gpu=15.9ms | 
00:35:28.409 [render] kind=still total=18.1ms | gpu=5.4ms | 
00:35:31.176 [render] kind=still total=17.1ms | gpu=6.1ms | 
00:35:32.900 [background-load] comp=2 gen=313 total=857.8ms |  | channels=1 stage=1/2 queue_wait=159ms chunk=chunk-cache[hits=49 misses=142 rate=26% evict=29 entries=4 size=868.1MB fetched=7.1GB]
00:35:33.288 [vtk-image] view=main total=79.5ms | ascontiguous=0.0ms downsample=75.3ms numpy_to_vtk=4.1ms | shape=(146, 259, 512) bytes=36.9MB downsampled=True
00:35:33.292 [background-load] comp=4 gen=339 total=174.9ms |  | channels=1 stage=1/1 queue_wait=215ms chunk=chunk-cache[hits=51 misses=143 rate=26% evict=29 entries=4 size=868.1MB fetched=7.1GB]
00:35:33.336 [apply-main] comp=4 channels=1 total=0.2ms | gpu-upload[ch0]=0.1ms | end_to_end_latency=434ms hires=False capped=True
00:35:33.446 [render] kind=interactive total=109.3ms | gpu=85.8ms | 
00:35:33.794 [vtk-image] view=main total=11.0ms | ascontiguous=0.0ms numpy_to_vtk=10.9ms | shape=(194, 344, 681) bytes=86.7MB downsampled=False
00:35:33.798 [apply-main] comp=4 channels=1 total=0.2ms | gpu-upload[ch0]=0.1ms | end_to_end_latency=3ms hires=True capped=False
00:35:33.930 [render] kind=interactive total=131.7ms | gpu=117.4ms | 
00:35:34.378 [render] kind=still total=105.5ms | gpu=62.0ms | 
00:35:37.519 [render] kind=still total=85.8ms | gpu=47.0ms | 
00:35:40.519 [vtk-image] view=main total=41.6ms | ascontiguous=0.0ms downsample=39.2ms numpy_to_vtk=2.3ms | shape=(48, 344, 512) bytes=16.1MB downsampled=True
00:35:40.529 [apply-main] comp=2 channels=1 total=0.2ms | gpu-upload[ch0]=0.1ms | end_to_end_latency=1329ms hires=False capped=True
00:35:40.603 [render] kind=interactive total=72.5ms | gpu=51.0ms | 
00:35:41.584 [vtk-image] view=main total=43.1ms | ascontiguous=0.0ms downsample=40.1ms numpy_to_vtk=2.9ms | shape=(48, 344, 512) bytes=16.1MB downsampled=True
00:35:41.612 [apply-main] comp=2 channels=1 total=0.3ms | gpu-upload[ch0]=0.2ms | end_to_end_latency=2412ms hires=False capped=True
00:35:41.642 [vtk-image] view=main total=40.9ms | ascontiguous=0.0ms downsample=38.1ms numpy_to_vtk=2.7ms | shape=(48, 344, 512) bytes=16.1MB downsampled=True
00:35:41.659 [render] kind=interactive total=46.8ms | gpu=30.7ms | 
00:35:41.717 [vtk-image] view=main total=40.6ms | ascontiguous=0.0ms downsample=38.3ms numpy_to_vtk=2.1ms | shape=(48, 344, 512) bytes=16.1MB downsampled=True
00:35:41.783 [apply-main] comp=2 channels=1 total=0.3ms | gpu-upload[ch0]=0.2ms | end_to_end_latency=2583ms hires=False capped=True
00:35:41.787 [apply-main] comp=2 channels=1 total=0.8ms | gpu-upload[ch0]=0.7ms | end_to_end_latency=2587ms hires=False capped=True
00:35:41.831 [render] kind=interactive total=43.4ms | gpu=30.6ms | 
00:35:41.833 [vtk-image] view=main total=54.1ms | ascontiguous=0.0ms downsample=51.3ms numpy_to_vtk=2.4ms | shape=(48, 344, 512) bytes=16.1MB downsampled=True
00:35:41.881 [vtk-image] view=main total=35.3ms | ascontiguous=0.0ms downsample=32.3ms numpy_to_vtk=2.8ms | shape=(48, 344, 512) bytes=16.1MB downsampled=True
00:35:41.934 [background-load] comp=2 gen=356 total=2577.3ms |  | channels=1 stage=1/1 queue_wait=156ms chunk=chunk-cache[hits=54 misses=153 rate=26% evict=34 entries=3 size=655.5MB fetched=8.1GB]
00:35:41.948 [apply-main] comp=2 channels=1 total=0.2ms | gpu-upload[ch0]=0.1ms | end_to_end_latency=2747ms hires=False capped=True
00:35:41.949 [apply-main] comp=2 channels=1 total=0.8ms | gpu-upload[ch0]=0.8ms | end_to_end_latency=2748ms hires=False capped=True
00:35:41.994 [render] kind=interactive total=45.4ms | gpu=32.2ms | 
00:35:42.892 [vtk-image] view=main total=166.8ms | ascontiguous=0.0ms numpy_to_vtk=166.7ms | shape=(194, 1377, 2048) bytes=1.0GB downsampled=False
00:35:42.999 [apply-main] comp=2 channels=1 total=0.2ms | gpu-upload[ch0]=0.2ms | end_to_end_latency=108ms hires=True capped=False
00:35:43.465 [vtk-image] view=main total=131.1ms | ascontiguous=0.0ms numpy_to_vtk=131.0ms | shape=(194, 1377, 2048) bytes=1.0GB downsampled=False
00:35:44.136 [render] kind=interactive total=1135.2ms | gpu=1120.7ms | 
00:35:44.263 [apply-main] comp=2 channels=1 total=0.2ms | gpu-upload[ch0]=0.2ms | end_to_end_latency=798ms hires=True capped=False
00:35:45.200 [render] kind=interactive total=937.2ms | gpu=922.4ms | 
00:35:45.555 [render] kind=still total=122.3ms | gpu=74.2ms | 
00:36:03.909 [load] comp=2 ch=1 roi=(0:2048,0:1377) total=8090.2ms | assemble=8090.0ms | src=CHUNK bytes=1.0GB shape=(194, 1377, 2048) chunk=chunk-cache[hits=55 misses=164 rate=25% evict=41 entries=3 size=655.5MB fetched=9.8GB] disk=disk-cache[hits=8174 misses(remote)=432 rate=95% evict=0 size=138.0MB/8.0GB keys=390]
00:36:04.048 [vtk-image] view=main total=138.8ms | ascontiguous=0.0ms numpy_to_vtk=138.7ms | shape=(194, 1377, 2048) bytes=1.0GB downsampled=False
