# BioSET profiling started 2026-07-15T00:53:36
00:53:46.910 [load] comp=6 ch=0 roi=(0:170,0:86) total=202.9ms | assemble=104.8ms | src=CHUNK bytes=5.4MB shape=(194, 86, 170) chunk=chunk-cache[hits=0 misses=1 rate=0% evict=0 entries=1 size=5.4MB fetched=5.4MB] disk=disk-cache[hits=198 misses(remote)=6 rate=97% evict=0 size=0.0B/8.0GB keys=0]
00:53:46.911 [vtk-image] view=main total=1.0ms | ascontiguous=0.0ms numpy_to_vtk=1.0ms | shape=(194, 86, 170) bytes=5.4MB downsampled=False
00:53:49.435 [vtk-image] view=main total=66.1ms | ascontiguous=0.0ms downsample=61.0ms numpy_to_vtk=5.0ms | shape=(146, 259, 512) bytes=36.9MB downsampled=True
00:53:49.643 [apply-main] comp=4 channels=1 total=0.2ms | gpu-upload[ch0]=0.2ms | end_to_end_latency=660ms hires=False capped=True
00:53:49.731 [render] kind=interactive total=87.9ms | gpu=69.8ms | 
00:53:49.933 [vtk-image] view=main total=132.1ms | ascontiguous=0.0ms downsample=122.9ms numpy_to_vtk=4.6ms | shape=(146, 259, 512) bytes=36.9MB downsampled=True
00:53:49.938 [background-load] comp=4 gen=4 total=758.4ms |  | channels=1 stage=1/1 queue_wait=197ms chunk=chunk-cache[hits=1 misses=4 rate=20% evict=0 entries=2 size=92.1MB fetched=92.1MB]
00:53:51.864 [vtk-image] view=main total=27.7ms | ascontiguous=0.0ms downsample=25.8ms numpy_to_vtk=1.7ms | shape=(48, 256, 512) bytes=12.0MB downsampled=True
00:53:51.946 [apply-main] comp=2 channels=1 total=0.2ms | gpu-upload[ch0]=0.1ms | end_to_end_latency=1894ms hires=False capped=True
00:53:52.005 [render] kind=interactive total=57.6ms | gpu=39.0ms | 
00:53:52.513 [vtk-image] view=main total=28.6ms | ascontiguous=0.0ms downsample=27.0ms numpy_to_vtk=1.5ms | shape=(48, 256, 512) bytes=12.0MB downsampled=True
00:53:52.569 [apply-main] comp=2 channels=1 total=0.2ms | gpu-upload[ch0]=0.2ms | end_to_end_latency=2517ms hires=False capped=True
00:53:52.588 [vtk-image] view=main total=25.0ms | ascontiguous=0.0ms downsample=22.8ms numpy_to_vtk=2.1ms | shape=(48, 256, 512) bytes=12.0MB downsampled=True
00:53:52.608 [render] kind=interactive total=38.7ms | gpu=20.2ms | 
00:53:52.626 [vtk-image] view=main total=37.3ms | ascontiguous=0.0ms downsample=35.2ms numpy_to_vtk=2.0ms | shape=(48, 256, 512) bytes=12.0MB downsampled=True
00:53:52.657 [background-load] comp=2 gen=7 total=2387.2ms |  | channels=1 stage=1/1 queue_wait=218ms chunk=chunk-cache[hits=3 misses=10 rate=23% evict=0 entries=4 size=868.1MB fetched=868.1MB]
00:53:52.725 [apply-main] comp=2 channels=1 total=0.2ms | gpu-upload[ch0]=0.1ms | end_to_end_latency=2673ms hires=False capped=True
00:53:52.726 [apply-main] comp=2 channels=1 total=0.4ms | gpu-upload[ch0]=0.4ms | end_to_end_latency=2674ms hires=False capped=True
00:53:52.765 [render] kind=interactive total=38.7ms | gpu=20.6ms | 
00:53:54.724 [vtk-image] view=main total=117.3ms | ascontiguous=0.0ms numpy_to_vtk=117.2ms | shape=(194, 1024, 2048) bytes=776.0MB downsampled=False
00:53:54.862 [apply-main] comp=2 channels=1 total=0.2ms | gpu-upload[ch0]=0.2ms | end_to_end_latency=137ms hires=True capped=False
00:53:54.862 [vtk-image] view=main total=91.7ms | ascontiguous=0.0ms numpy_to_vtk=91.6ms | shape=(194, 1024, 2048) bytes=776.0MB downsampled=False
00:53:55.710 [render] kind=interactive total=848.0ms | gpu=833.9ms | 
00:54:03.361 [vtk-image] view=main total=89.0ms | ascontiguous=0.0ms downsample=86.4ms numpy_to_vtk=2.4ms | shape=(48, 256, 512) bytes=12.0MB downsampled=True
00:54:04.063 [apply-main] comp=1 channels=1 total=0.3ms | gpu-upload[ch0]=0.2ms | end_to_end_latency=8231ms hires=False capped=True
00:54:04.145 [render] kind=interactive total=81.6ms | gpu=67.4ms | 
00:54:04.864 [vtk-image] view=main total=26.0ms | ascontiguous=0.0ms downsample=24.4ms numpy_to_vtk=1.5ms | shape=(48, 256, 512) bytes=12.0MB downsampled=True
00:54:04.936 [vtk-image] view=main total=24.0ms | ascontiguous=0.0ms downsample=22.1ms numpy_to_vtk=1.7ms | shape=(48, 256, 512) bytes=12.0MB downsampled=True
00:54:04.936 [apply-main] comp=1 channels=1 total=0.2ms | gpu-upload[ch0]=0.1ms | end_to_end_latency=9104ms hires=False capped=True
00:54:04.938 [apply-main] comp=1 channels=1 total=0.8ms | gpu-upload[ch0]=0.8ms | end_to_end_latency=9106ms hires=False capped=True
00:54:04.967 [vtk-image] view=main total=30.6ms | ascontiguous=0.0ms downsample=28.3ms numpy_to_vtk=2.2ms | shape=(48, 256, 512) bytes=12.0MB downsampled=True
00:54:05.016 [background-load] comp=1 gen=9 total=8888.2ms |  | channels=1 stage=1/1 queue_wait=296ms chunk=chunk-cache[hits=10 misses=18 rate=36% evict=4 entries=2 size=776.0MB fetched=1.6GB]
00:54:05.034 [render] kind=interactive total=95.6ms | gpu=78.3ms | 
00:54:05.156 [apply-main] comp=1 channels=1 total=0.3ms | gpu-upload[ch0]=0.2ms | end_to_end_latency=9324ms hires=False capped=True
00:54:05.249 [render] kind=interactive total=93.4ms | gpu=82.7ms | 
00:54:08.987 [vtk-image] view=main total=107.6ms | ascontiguous=0.0ms downsample=97.2ms numpy_to_vtk=10.3ms | shape=(97, 512, 512) bytes=48.5MB downsampled=True
00:54:09.005 [background-load] comp=1 gen=12 total=1620.0ms |  | channels=1 stage=1/1 queue_wait=173ms chunk=chunk-cache[hits=13 misses=28 rate=32% evict=4 entries=3 size=781.4MB fetched=1.6GB]
00:54:09.074 [apply-main] comp=1 channels=1 total=0.3ms | gpu-upload[ch0]=0.2ms | end_to_end_latency=1862ms hires=False capped=True
00:54:09.187 [render] kind=interactive total=112.4ms | gpu=92.0ms | 
00:54:10.970 [vtk-image] view=main total=47.5ms | ascontiguous=0.0ms numpy_to_vtk=47.5ms | shape=(194, 1024, 1024) bytes=388.0MB downsampled=False
00:54:25.305 [background-load] comp=0 gen=16 total=13731.7ms |  | channels=1 stage=1/1 queue_wait=189ms chunk=chunk-cache[hits=17 misses=38 rate=31% evict=4 entries=3 size=781.4MB fetched=1.6GB]
00:54:26.197 [vtk-image] view=main total=33.4ms | ascontiguous=0.1ms downsample=29.8ms numpy_to_vtk=3.3ms | shape=(48, 256, 512) bytes=12.0MB downsampled=True
00:54:26.267 [apply-main] comp=2 channels=1 total=0.7ms | gpu-upload[ch0]=0.4ms | end_to_end_latency=959ms hires=False capped=True
00:54:26.359 [render] kind=interactive total=91.9ms | gpu=72.4ms | 
00:54:27.051 [vtk-image] view=main total=31.8ms | ascontiguous=0.0ms downsample=29.5ms numpy_to_vtk=2.1ms | shape=(48, 256, 512) bytes=12.0MB downsampled=True
00:54:27.122 [apply-main] comp=2 channels=1 total=0.3ms | gpu-upload[ch0]=0.2ms | end_to_end_latency=1815ms hires=False capped=True
00:54:27.136 [vtk-image] view=main total=27.5ms | ascontiguous=0.0ms downsample=25.3ms numpy_to_vtk=2.0ms | shape=(48, 256, 512) bytes=12.0MB downsampled=True
00:54:27.156 [render] kind=interactive total=33.8ms | gpu=22.7ms | 
00:54:27.168 [vtk-image] view=main total=32.0ms | ascontiguous=0.0ms downsample=29.7ms numpy_to_vtk=2.2ms | shape=(48, 256, 512) bytes=12.0MB downsampled=True
00:54:27.198 [background-load] comp=2 gen=24 total=1679.5ms |  | channels=1 stage=1/1 queue_wait=211ms chunk=chunk-cache[hits=18 misses=45 rate=29% evict=6 entries=3 size=781.4MB fetched=2.4GB]
00:54:27.275 [apply-main] comp=2 channels=1 total=0.2ms | gpu-upload[ch0]=0.2ms | end_to_end_latency=1968ms hires=False capped=True
00:54:27.276 [apply-main] comp=2 channels=1 total=0.5ms | gpu-upload[ch0]=0.5ms | end_to_end_latency=1969ms hires=False capped=True
00:54:27.314 [render] kind=interactive total=38.4ms | gpu=21.6ms | 
00:54:28.007 [vtk-image] view=main total=45.9ms | ascontiguous=0.0ms downsample=41.9ms numpy_to_vtk=3.9ms | shape=(73, 258, 512) bytes=18.4MB downsampled=True
00:54:28.105 [apply-main] comp=3 channels=1 total=0.3ms | gpu-upload[ch0]=0.2ms | end_to_end_latency=569ms hires=False capped=True
00:54:28.182 [render] kind=interactive total=77.2ms | gpu=58.2ms | 
00:54:28.415 [background-load] comp=3 gen=26 total=654.9ms |  | channels=1 stage=1/1 queue_wait=224ms chunk=chunk-cache[hits=19 misses=51 rate=27% evict=6 entries=4 size=867.7MB fetched=2.5GB]
00:54:28.903 [vtk-image] view=main total=81.1ms | ascontiguous=0.0ms downsample=76.1ms numpy_to_vtk=4.9ms | shape=(146, 259, 512) bytes=36.9MB downsampled=True
00:54:28.959 [apply-main] comp=4 channels=1 total=0.2ms | gpu-upload[ch0]=0.1ms | end_to_end_latency=434ms hires=False capped=True
00:54:29.074 [render] kind=interactive total=114.9ms | gpu=89.2ms | 
00:54:29.171 [vtk-image] view=main total=80.7ms | ascontiguous=0.0ms downsample=72.3ms numpy_to_vtk=8.2ms | shape=(146, 259, 512) bytes=36.9MB downsampled=True
00:54:29.208 [apply-main] comp=4 channels=1 total=0.4ms | gpu-upload[ch0]=0.3ms | end_to_end_latency=684ms hires=False capped=True
00:54:29.245 [vtk-image] view=main total=72.2ms | ascontiguous=0.0ms downsample=67.6ms numpy_to_vtk=4.5ms | shape=(146, 259, 512) bytes=36.9MB downsampled=True
00:54:29.248 [background-load] comp=4 gen=29 total=507.2ms |  | channels=1 stage=1/1 queue_wait=216ms chunk=chunk-cache[hits=20 misses=54 rate=27% evict=7 entries=5 size=827.1MB fetched=2.8GB]
00:54:29.281 [render] kind=interactive total=72.1ms | gpu=56.5ms | 
00:54:29.411 [apply-main] comp=4 channels=1 total=0.4ms | gpu-upload[ch0]=0.2ms | end_to_end_latency=886ms hires=False capped=True
00:54:29.470 [render] kind=interactive total=59.2ms | gpu=59.1ms | 
00:54:29.786 [vtk-image] view=main total=11.6ms | ascontiguous=0.0ms numpy_to_vtk=11.5ms | shape=(194, 344, 681) bytes=86.7MB downsampled=False
00:54:29.799 [apply-main] comp=4 channels=1 total=0.3ms | gpu-upload[ch0]=0.2ms | end_to_end_latency=13ms hires=True capped=False
00:54:29.954 [render] kind=interactive total=154.6ms | gpu=141.1ms | 
00:54:30.268 [render] kind=still total=78.8ms | gpu=42.7ms | 
00:54:31.884 [render] kind=still total=42.9ms | gpu=20.6ms | 
00:54:35.547 [vtk-image] view=main total=106.0ms | ascontiguous=0.0ms downsample=80.8ms numpy_to_vtk=3.4ms | shape=(48, 256, 512) bytes=12.0MB downsampled=True
00:54:36.391 [background-load] comp=2 gen=33 total=4045.6ms |  | channels=1 stage=1/1 queue_wait=300ms chunk=chunk-cache[hits=26 misses=58 rate=31% evict=11 entries=2 size=776.0MB fetched=3.2GB]
00:54:37.169 [vtk-image] view=main total=101.4ms | ascontiguous=0.0ms downsample=94.7ms numpy_to_vtk=6.5ms | shape=(97, 512, 512) bytes=48.5MB downsampled=True
00:54:37.182 [background-load] comp=2 gen=35 total=758.0ms |  | channels=1 stage=1/1 queue_wait=869ms chunk=chunk-cache[hits=27 misses=63 rate=30% evict=11 entries=3 size=781.4MB fetched=3.2GB]
00:54:37.265 [apply-main] comp=2 channels=1 total=0.3ms | gpu-upload[ch0]=0.2ms | end_to_end_latency=1710ms hires=False capped=True
00:54:37.376 [render] kind=interactive total=110.6ms | gpu=90.5ms | 
00:54:38.194 [vtk-image] view=main total=44.7ms | ascontiguous=0.0ms numpy_to_vtk=44.6ms | shape=(194, 1024, 1024) bytes=388.0MB downsampled=False
00:54:38.244 [apply-main] comp=2 channels=1 total=0.3ms | gpu-upload[ch0]=0.2ms | end_to_end_latency=49ms hires=True capped=False
00:54:38.777 [render] kind=interactive total=533.1ms | gpu=513.7ms | 
00:54:39.119 [render] kind=still total=109.8ms | gpu=65.9ms | 
00:54:42.367 [vtk-image] view=main total=49.6ms | ascontiguous=0.0ms downsample=46.6ms numpy_to_vtk=2.8ms | shape=(48, 256, 512) bytes=12.0MB downsampled=True
00:54:42.428 [background-load] comp=2 gen=36 total=961.6ms |  | channels=1 stage=1/1 queue_wait=172ms chunk=chunk-cache[hits=32 misses=69 rate=32% evict=11 entries=3 size=781.4MB fetched=3.2GB]
00:54:42.501 [apply-main] comp=2 channels=1 total=0.2ms | gpu-upload[ch0]=0.1ms | end_to_end_latency=1207ms hires=False capped=True
00:54:42.552 [render] kind=interactive total=50.6ms | gpu=40.9ms | 
00:54:43.643 [vtk-image] view=main total=120.1ms | ascontiguous=0.0ms numpy_to_vtk=120.0ms | shape=(194, 1024, 2048) bytes=776.0MB downsampled=False
00:54:43.810 [apply-main] comp=2 channels=1 total=0.2ms | gpu-upload[ch0]=0.1ms | end_to_end_latency=167ms hires=True capped=False
00:54:43.811 [vtk-image] view=main total=92.8ms | ascontiguous=0.0ms numpy_to_vtk=92.8ms | shape=(194, 1024, 2048) bytes=776.0MB downsampled=False
00:54:44.839 [render] kind=interactive total=1028.4ms | gpu=1028.3ms | 
00:54:46.177 [apply-main] comp=2 channels=1 total=0.2ms | gpu-upload[ch0]=0.2ms | end_to_end_latency=2366ms hires=True capped=False
00:54:47.019 [render] kind=interactive total=842.0ms | gpu=821.6ms | 
00:54:47.394 [render] kind=still total=120.3ms | gpu=73.5ms | 
00:54:50.373 [vtk-image] view=main total=68.5ms | ascontiguous=0.0ms downsample=64.8ms numpy_to_vtk=3.6ms | shape=(48, 344, 512) bytes=16.1MB downsampled=True
00:54:50.494 [apply-main] comp=2 channels=1 total=0.3ms | gpu-upload[ch0]=0.2ms | end_to_end_latency=1287ms hires=False capped=True
00:54:50.599 [render] kind=interactive total=105.2ms | gpu=88.6ms | 
00:54:51.144 [vtk-image] view=main total=40.0ms | ascontiguous=0.0ms downsample=37.4ms numpy_to_vtk=2.5ms | shape=(48, 344, 512) bytes=16.1MB downsampled=True
00:54:51.203 [apply-main] comp=2 channels=1 total=0.5ms | gpu-upload[ch0]=0.3ms | end_to_end_latency=1996ms hires=False capped=True
00:54:51.206 [vtk-image] view=main total=41.1ms | ascontiguous=0.0ms downsample=38.5ms numpy_to_vtk=2.5ms | shape=(48, 344, 512) bytes=16.1MB downsampled=True
00:54:51.228 [render] kind=interactive total=24.8ms | gpu=24.7ms | 
00:54:51.248 [vtk-image] view=main total=40.8ms | ascontiguous=0.0ms downsample=37.6ms numpy_to_vtk=3.0ms | shape=(48, 344, 512) bytes=16.1MB downsampled=True
00:54:51.297 [background-load] comp=2 gen=37 total=1924.1ms |  | channels=1 stage=1/1 queue_wait=166ms chunk=chunk-cache[hits=38 misses=79 rate=32% evict=13 entries=3 size=655.5MB fetched=3.4GB]
00:54:51.355 [apply-main] comp=2 channels=1 total=0.2ms | gpu-upload[ch0]=0.1ms | end_to_end_latency=2148ms hires=False capped=True
00:54:51.356 [apply-main] comp=2 channels=1 total=1.3ms | gpu-upload[ch0]=1.2ms | end_to_end_latency=2149ms hires=False capped=True
00:54:51.376 [render] kind=interactive total=19.8ms | gpu=19.7ms | 
00:54:53.714 [vtk-image] view=main total=60.6ms | ascontiguous=0.0ms downsample=57.0ms numpy_to_vtk=3.5ms | shape=(72, 512, 381) bytes=26.8MB downsampled=True
00:54:53.775 [apply-main] comp=2 channels=1 total=0.4ms | gpu-upload[ch0]=0.3ms | end_to_end_latency=901ms hires=False capped=True
00:54:53.851 [render] kind=interactive total=75.0ms | gpu=58.5ms | 
00:54:54.250 [vtk-image] view=main total=54.2ms | ascontiguous=0.0ms downsample=49.6ms numpy_to_vtk=4.4ms | shape=(72, 512, 381) bytes=26.8MB downsampled=True
00:54:54.304 [apply-main] comp=2 channels=1 total=0.6ms | gpu-upload[ch0]=0.3ms | end_to_end_latency=1430ms hires=False capped=True
00:54:54.317 [vtk-image] view=main total=65.8ms | ascontiguous=0.0ms downsample=59.3ms numpy_to_vtk=6.4ms | shape=(72, 512, 381) bytes=26.8MB downsampled=True
00:54:54.336 [background-load] comp=2 gen=38 total=1277.0ms |  | channels=1 stage=1/1 queue_wait=185ms chunk=chunk-cache[hits=40 misses=90 rate=31% evict=15 entries=4 size=915.2MB fetched=4.2GB]
00:54:54.357 [render] kind=interactive total=52.2ms | gpu=41.6ms | 
00:54:54.491 [apply-main] comp=2 channels=1 total=0.2ms | gpu-upload[ch0]=0.1ms | end_to_end_latency=1617ms hires=False capped=True
00:54:54.529 [render] kind=interactive total=37.0ms | gpu=37.0ms | 
00:54:55.422 [vtk-image] view=main total=90.8ms | ascontiguous=0.0ms numpy_to_vtk=90.7ms | shape=(194, 1377, 1024) bytes=521.8MB downsampled=False
00:54:55.427 [apply-main] comp=2 channels=1 total=0.4ms | gpu-upload[ch0]=0.2ms | end_to_end_latency=1ms hires=True capped=False
00:54:55.514 [vtk-image] view=main total=76.7ms | ascontiguous=0.0ms numpy_to_vtk=76.6ms | shape=(194, 1377, 1024) bytes=521.8MB downsampled=False
00:54:55.999 [render] kind=interactive total=571.8ms | gpu=571.7ms | 
00:54:56.154 [apply-main] comp=2 channels=1 total=0.2ms | gpu-upload[ch0]=0.1ms | end_to_end_latency=639ms hires=True capped=False
00:54:56.622 [render] kind=interactive total=468.2ms | gpu=442.8ms | 
00:54:57.127 [render] kind=still total=95.5ms | gpu=53.8ms | 
00:54:59.492 [vtk-image] view=main total=132.5ms | ascontiguous=0.0ms downsample=96.9ms numpy_to_vtk=7.2ms | shape=(97, 512, 512) bytes=48.5MB downsampled=True
00:54:59.563 [background-load] comp=2 gen=39 total=780.0ms |  | channels=1 stage=1/1 queue_wait=172ms chunk=chunk-cache[hits=45 misses=96 rate=32% evict=15 entries=4 size=915.2MB fetched=4.2GB]
00:54:59.898 [apply-main] comp=2 channels=1 total=0.3ms | gpu-upload[ch0]=0.2ms | end_to_end_latency=1286ms hires=False capped=True
00:55:00.048 [render] kind=interactive total=149.8ms | gpu=129.7ms | 
00:55:00.964 [vtk-image] view=main total=51.1ms | ascontiguous=0.0ms numpy_to_vtk=51.0ms | shape=(194, 1024, 1024) bytes=388.0MB downsampled=False
00:55:01.317 [apply-main] comp=2 channels=1 total=0.2ms | gpu-upload[ch0]=0.2ms | end_to_end_latency=352ms hires=True capped=False
00:55:01.746 [render] kind=interactive total=429.4ms | gpu=413.6ms | 
00:55:02.091 [render] kind=still total=120.9ms | gpu=73.9ms | 
00:55:04.146 [render] kind=still total=59.3ms | gpu=27.5ms | 
00:55:09.135 [background-load] comp=1 gen=43 total=3910.3ms |  | channels=1 stage=1/1 queue_wait=156ms chunk=chunk-cache[hits=49 misses=104 rate=32% evict=15 entries=4 size=915.2MB fetched=4.2GB]
00:55:13.868 [vtk-image] view=main total=136.4ms | ascontiguous=0.0ms downsample=101.5ms numpy_to_vtk=3.1ms | shape=(48, 256, 512) bytes=12.0MB downsampled=True
00:55:14.532 [apply-main] comp=1 channels=1 total=0.4ms | gpu-upload[ch0]=0.3ms | end_to_end_latency=9307ms hires=False capped=True
00:55:14.634 [render] kind=interactive total=101.3ms | gpu=86.0ms | 
00:55:15.898 [vtk-image] view=main total=48.4ms | ascontiguous=0.0ms downsample=40.9ms numpy_to_vtk=2.2ms | shape=(48, 256, 512) bytes=12.0MB downsampled=True
00:55:15.964 [apply-main] comp=1 channels=1 total=0.3ms | gpu-upload[ch0]=0.2ms | end_to_end_latency=10739ms hires=False capped=True
00:55:16.007 [render] kind=interactive total=42.4ms | gpu=28.7ms | 
00:55:16.009 [vtk-image] view=main total=33.6ms | ascontiguous=0.0ms downsample=31.5ms numpy_to_vtk=1.9ms | shape=(48, 256, 512) bytes=12.0MB downsampled=True
00:55:16.055 [vtk-image] view=main total=32.9ms | ascontiguous=0.0ms downsample=29.9ms numpy_to_vtk=2.9ms | shape=(48, 256, 512) bytes=12.0MB downsampled=True
00:55:16.090 [background-load] comp=1 gen=44 total=6005.8ms |  | channels=1 stage=1/1 queue_wait=4859ms chunk=chunk-cache[hits=51 misses=111 rate=31% evict=19 entries=2 size=776.0MB fetched=5.0GB]
00:55:16.135 [apply-main] comp=1 channels=1 total=0.4ms | gpu-upload[ch0]=0.3ms | end_to_end_latency=10909ms hires=False capped=True
00:55:16.136 [apply-main] comp=1 channels=1 total=0.8ms | gpu-upload[ch0]=0.8ms | end_to_end_latency=10910ms hires=False capped=True
00:55:16.176 [render] kind=interactive total=39.6ms | gpu=29.1ms | 
00:55:18.344 [vtk-image] view=main total=128.2ms | ascontiguous=0.0ms numpy_to_vtk=128.1ms | shape=(194, 1024, 2048) bytes=776.0MB downsampled=False
00:55:18.410 [apply-main] comp=1 channels=1 total=0.4ms | gpu-upload[ch0]=0.3ms | end_to_end_latency=53ms hires=True capped=False
00:55:18.585 [vtk-image] view=main total=112.1ms | ascontiguous=0.0ms numpy_to_vtk=112.0ms | shape=(194, 1024, 2048) bytes=776.0MB downsampled=False
00:55:19.426 [render] kind=interactive total=1016.1ms | gpu=1000.2ms | 
00:55:19.570 [apply-main] comp=1 channels=1 total=0.2ms | gpu-upload[ch0]=0.1ms | end_to_end_latency=986ms hires=True capped=False
00:55:20.232 [render] kind=interactive total=661.4ms | gpu=649.3ms | 
00:55:20.574 [render] kind=still total=119.4ms | gpu=73.6ms | 
00:55:22.759 [render] kind=still total=58.4ms | gpu=27.4ms | 
00:55:24.129 [render] kind=still total=61.1ms | gpu=29.9ms | 
00:55:27.314 [vtk-image] view=main total=157.6ms | ascontiguous=0.0ms downsample=150.9ms numpy_to_vtk=6.6ms | shape=(97, 512, 512) bytes=48.5MB downsampled=True
00:55:27.330 [background-load] comp=1 gen=45 total=1885.8ms |  | channels=1 stage=1/1 queue_wait=284ms chunk=chunk-cache[hits=55 misses=121 rate=31% evict=19 entries=3 size=781.4MB fetched=5.0GB]
00:55:29.852 [background-load] comp=1 gen=46 total=1647.0ms |  | channels=1 stage=1/1 queue_wait=869ms chunk=chunk-cache[hits=57 misses=125 rate=31% evict=19 entries=3 size=781.4MB fetched=5.0GB]
00:55:32.246 [vtk-image] view=main total=188.1ms | ascontiguous=0.0ms downsample=156.1ms numpy_to_vtk=6.4ms | shape=(97, 512, 512) bytes=48.5MB downsampled=True
00:55:32.317 [background-load] comp=1 gen=47 total=2006.0ms |  | channels=1 stage=1/1 queue_wait=553ms chunk=chunk-cache[hits=59 misses=129 rate=31% evict=19 entries=3 size=781.4MB fetched=5.0GB]
00:55:32.640 [apply-main] comp=1 channels=1 total=0.2ms | gpu-upload[ch0]=0.1ms | end_to_end_latency=2882ms hires=False capped=True
00:55:32.752 [render] kind=interactive total=112.0ms | gpu=111.9ms | 
00:55:34.639 [vtk-image] view=main total=60.1ms | ascontiguous=0.0ms numpy_to_vtk=60.0ms | shape=(194, 1024, 1024) bytes=388.0MB downsampled=False
00:55:34.660 [apply-main] comp=1 channels=1 total=0.4ms | gpu-upload[ch0]=0.3ms | end_to_end_latency=21ms hires=True capped=False
00:55:35.108 [render] kind=interactive total=447.9ms | gpu=447.8ms | 
00:55:35.438 [render] kind=still total=106.3ms | gpu=106.2ms | 
00:55:37.862 [render] kind=still total=186.4ms | gpu=88.0ms | 
00:55:45.445 [render] kind=still total=189.3ms | gpu=87.7ms | 
00:55:54.570 [vtk-image] view=main total=41.2ms | ascontiguous=0.0ms downsample=39.1ms numpy_to_vtk=1.9ms | shape=(48, 256, 512) bytes=12.0MB downsampled=True
00:55:55.222 [background-load] comp=1 gen=48 total=2373.0ms |  | channels=1 stage=1/1 queue_wait=246ms chunk=chunk-cache[hits=63 misses=141 rate=31% evict=20 entries=3 size=781.4MB fetched=5.3GB]
00:55:57.003 [background-load] comp=1 gen=50 total=1734.8ms |  | channels=1 stage=1/1 queue_wait=696ms chunk=chunk-cache[hits=66 misses=147 rate=31% evict=20 entries=3 size=781.4MB fetched=5.3GB]
00:55:58.700 [background-load] comp=1 gen=51 total=1636.3ms |  | channels=1 stage=1/1 queue_wait=515ms chunk=chunk-cache[hits=69 misses=153 rate=31% evict=20 entries=3 size=781.4MB fetched=5.3GB]
00:55:59.698 [vtk-image] view=main total=38.4ms | ascontiguous=0.0ms downsample=36.0ms numpy_to_vtk=2.2ms | shape=(58, 308, 512) bytes=17.4MB downsampled=True
00:55:59.756 [apply-main] comp=2 channels=1 total=0.4ms | gpu-upload[ch0]=0.2ms | end_to_end_latency=838ms hires=False capped=True
00:55:59.845 [render] kind=interactive total=87.8ms | gpu=68.6ms | 
00:56:00.402 [background-load] comp=2 gen=57 total=1302.4ms |  | channels=1 stage=1/1 queue_wait=182ms chunk=chunk-cache[hits=70 misses=161 rate=30% evict=21 entries=3 size=781.4MB fetched=5.7GB]
00:56:00.797 [vtk-image] view=main total=53.0ms | ascontiguous=0.0ms downsample=49.5ms numpy_to_vtk=3.2ms | shape=(73, 258, 512) bytes=18.4MB downsampled=True
00:56:00.878 [apply-main] comp=3 channels=1 total=0.3ms | gpu-upload[ch0]=0.2ms | end_to_end_latency=937ms hires=False capped=True
00:56:00.976 [render] kind=interactive total=98.0ms | gpu=78.8ms | 
00:56:01.200 [background-load] comp=3 gen=58 total=683.7ms |  | channels=1 stage=1/1 queue_wait=576ms chunk=chunk-cache[hits=71 misses=167 rate=30% evict=22 entries=4 size=737.0MB fetched=6.1GB]
00:56:01.363 [vtk-image] view=main total=87.5ms | ascontiguous=0.0ms downsample=81.1ms numpy_to_vtk=6.3ms | shape=(146, 259, 512) bytes=36.9MB downsampled=True
00:56:01.422 [apply-main] comp=4 channels=1 total=0.2ms | gpu-upload[ch0]=0.1ms | end_to_end_latency=413ms hires=False capped=True
00:56:01.510 [render] kind=interactive total=87.3ms | gpu=68.9ms | 
00:56:01.626 [vtk-image] view=main total=76.6ms | ascontiguous=0.0ms downsample=70.0ms numpy_to_vtk=6.4ms | shape=(146, 259, 512) bytes=36.9MB downsampled=True
00:56:01.654 [apply-main] comp=4 channels=1 total=0.3ms | gpu-upload[ch0]=0.2ms | end_to_end_latency=644ms hires=False capped=True
00:56:01.711 [render] kind=interactive total=57.3ms | gpu=45.3ms | 
00:56:01.727 [vtk-image] view=main total=99.2ms | ascontiguous=0.0ms downsample=83.5ms numpy_to_vtk=15.5ms | shape=(146, 259, 512) bytes=36.9MB downsampled=True
00:56:01.732 [background-load] comp=4 gen=61 total=530.5ms |  | channels=1 stage=1/1 queue_wait=193ms chunk=chunk-cache[hits=72 misses=170 rate=30% evict=23 entries=5 size=696.4MB fetched=6.4GB]
00:56:02.064 [vtk-image] view=main total=1.8ms | ascontiguous=0.0ms numpy_to_vtk=1.8ms | shape=(194, 86, 170) bytes=5.4MB downsampled=False
00:56:02.065 [background-load] comp=6 gen=63 total=4.1ms |  | channels=1 stage=1/1 queue_wait=209ms chunk=chunk-cache[hits=73 misses=170 rate=30% evict=23 entries=5 size=696.4MB fetched=6.4GB]
00:56:02.169 [apply-main] comp=6 channels=1 total=0.2ms | gpu-upload[ch0]=0.2ms | end_to_end_latency=317ms hires=False capped=False
00:56:02.215 [render] kind=interactive total=45.5ms | gpu=31.2ms | 
00:56:02.490 [render] kind=still total=41.6ms | gpu=18.9ms | 
00:56:04.014 [render] kind=still total=47.0ms | gpu=21.2ms | 
00:56:06.730 [render] kind=still total=46.7ms | gpu=21.1ms | 
00:56:07.994 [render] kind=still total=46.7ms | gpu=21.1ms | 
00:56:10.367 [vtk-image] view=main total=78.3ms | ascontiguous=0.0ms downsample=73.2ms numpy_to_vtk=4.9ms | shape=(146, 259, 512) bytes=36.9MB downsampled=True
00:56:10.371 [background-load] comp=4 gen=68 total=153.8ms |  | channels=1 stage=1/1 queue_wait=212ms chunk=chunk-cache[hits=75 misses=171 rate=30% evict=23 entries=5 size=696.4MB fetched=6.4GB]
00:56:10.438 [apply-main] comp=4 channels=1 total=0.2ms | gpu-upload[ch0]=0.1ms | end_to_end_latency=432ms hires=False capped=True
00:56:10.549 [render] kind=interactive total=110.7ms | gpu=89.1ms | 
00:56:10.887 [vtk-image] view=main total=11.5ms | ascontiguous=0.0ms numpy_to_vtk=11.4ms | shape=(194, 344, 681) bytes=86.7MB downsampled=False
00:56:10.914 [apply-main] comp=4 channels=1 total=0.4ms | gpu-upload[ch0]=0.2ms | end_to_end_latency=26ms hires=True capped=False
00:56:11.044 [render] kind=interactive total=130.2ms | gpu=118.2ms | 
00:56:12.331 [background-load] comp=3 gen=75 total=706.0ms |  | channels=1 stage=1/2 queue_wait=173ms chunk=chunk-cache[hits=80 misses=173 rate=32% evict=23 entries=5 size=696.4MB fetched=6.4GB]
00:56:13.162 [vtk-image] view=main total=62.0ms | ascontiguous=0.0ms downsample=55.7ms numpy_to_vtk=6.1ms | shape=(97, 344, 512) bytes=32.6MB downsampled=True
00:56:13.173 [background-load] comp=3 gen=80 total=705.9ms |  | channels=1 stage=1/2 queue_wait=246ms chunk=chunk-cache[hits=83 misses=174 rate=32% evict=23 entries=5 size=696.4MB fetched=6.4GB]
00:56:19.149 [apply-main] comp=3 channels=1 total=0.2ms | gpu-upload[ch0]=0.1ms | end_to_end_latency=6928ms hires=False capped=True
00:56:20.134 [render] kind=interactive total=312.1ms | gpu=286.7ms | 
00:56:20.528 [vtk-image] view=main total=131.5ms | ascontiguous=0.0ms downsample=125.4ms numpy_to_vtk=6.0ms | shape=(97, 512, 512) bytes=48.5MB downsampled=True
00:56:21.475 [background-load] comp=1 gen=80 total=8302.3ms |  | channels=1 stage=2/2 queue_wait=952ms chunk=chunk-cache[hits=86 misses=178 rate=33% evict=24 entries=5 size=827.1MB fetched=6.8GB]
00:56:28.594 [vtk-image] view=main total=88.6ms | ascontiguous=0.0ms downsample=71.1ms numpy_to_vtk=2.2ms | shape=(48, 512, 256) bytes=12.0MB downsampled=True
00:56:28.695 [apply-main] comp=1 channels=1 total=0.2ms | gpu-upload[ch0]=0.1ms | end_to_end_latency=8144ms hires=False capped=True
00:56:28.749 [render] kind=interactive total=54.1ms | gpu=40.0ms | 
00:56:29.238 [vtk-image] view=main total=36.6ms | ascontiguous=0.0ms downsample=34.5ms numpy_to_vtk=1.9ms | shape=(48, 512, 256) bytes=12.0MB downsampled=True
00:56:29.270 [vtk-image] view=main total=31.1ms | ascontiguous=0.0ms downsample=29.5ms numpy_to_vtk=1.5ms | shape=(48, 512, 256) bytes=12.0MB downsampled=True
00:56:29.291 [background-load] comp=1 gen=83 total=7753.9ms |  | channels=1 stage=1/1 queue_wait=987ms chunk=chunk-cache[hits=90 misses=182 rate=33% evict=28 entries=2 size=776.0MB fetched=7.2GB]
00:56:29.314 [apply-main] comp=1 channels=1 total=0.5ms | gpu-upload[ch0]=0.3ms | end_to_end_latency=8763ms hires=False capped=True
00:56:29.315 [apply-main] comp=1 channels=1 total=0.9ms | gpu-upload[ch0]=0.9ms | end_to_end_latency=8764ms hires=False capped=True
00:56:29.368 [render] kind=interactive total=52.3ms | gpu=34.3ms | 
00:56:31.314 [vtk-image] view=main total=102.9ms | ascontiguous=0.0ms numpy_to_vtk=102.7ms | shape=(194, 2048, 1024) bytes=776.0MB downsampled=False
00:56:31.440 [vtk-image] view=main total=110.6ms | ascontiguous=0.0ms numpy_to_vtk=110.5ms | shape=(194, 2048, 1024) bytes=776.0MB downsampled=False
00:56:31.441 [apply-main] comp=1 channels=1 total=0.3ms | gpu-upload[ch0]=0.2ms | end_to_end_latency=127ms hires=True capped=False
00:56:31.509 [apply-main] comp=1 channels=1 total=31.9ms | gpu-upload[ch0]=31.7ms | end_to_end_latency=68ms hires=True capped=False
00:56:32.486 [render] kind=interactive total=976.8ms | gpu=961.1ms | 
00:56:32.840 [render] kind=still total=117.5ms | gpu=71.6ms | 
00:56:36.156 [background-load] comp=2 gen=84 total=598.9ms |  | channels=1 stage=1/1 queue_wait=210ms chunk=chunk-cache[hits=93 misses=193 rate=33% evict=28 entries=3 size=781.4MB fetched=7.2GB]
00:56:36.835 [vtk-image] view=main total=43.4ms | ascontiguous=0.0ms downsample=38.2ms numpy_to_vtk=4.9ms | shape=(48, 256, 512) bytes=12.0MB downsampled=True
00:56:36.901 [apply-main] comp=2 channels=1 total=0.2ms | gpu-upload[ch0]=0.2ms | end_to_end_latency=971ms hires=False capped=True
00:56:36.987 [render] kind=interactive total=85.1ms | gpu=68.6ms | 
00:56:37.562 [background-load] comp=2 gen=86 total=1397.1ms |  | channels=1 stage=1/1 queue_wait=235ms chunk=chunk-cache[hits=94 misses=200 rate=32% evict=30 entries=3 size=781.4MB fetched=7.9GB]
00:56:37.817 [vtk-image] view=main total=85.8ms | ascontiguous=0.0ms downsample=78.7ms numpy_to_vtk=6.9ms | shape=(146, 259, 512) bytes=36.9MB downsampled=True
00:56:37.883 [apply-main] comp=4 channels=1 total=0.3ms | gpu-upload[ch0]=0.2ms | end_to_end_latency=688ms hires=False capped=True
00:56:38.072 [render] kind=interactive total=188.5ms | gpu=159.7ms | 
00:56:38.078 [vtk-image] view=main total=111.7ms | ascontiguous=0.0ms downsample=102.0ms numpy_to_vtk=5.1ms | shape=(146, 259, 512) bytes=36.9MB downsampled=True
00:56:38.162 [vtk-image] view=main total=68.3ms | ascontiguous=0.0ms downsample=62.0ms numpy_to_vtk=6.1ms | shape=(146, 259, 512) bytes=36.9MB downsampled=True
00:56:38.167 [background-load] comp=4 gen=89 total=501.2ms |  | channels=1 stage=1/1 queue_wait=471ms chunk=chunk-cache[hits=95 misses=203 rate=32% evict=30 entries=4 size=868.1MB fetched=8.0GB]
00:56:38.199 [apply-main] comp=4 channels=1 total=0.3ms | gpu-upload[ch0]=0.2ms | end_to_end_latency=1003ms hires=False capped=True
00:56:38.200 [apply-main] comp=4 channels=1 total=1.2ms | gpu-upload[ch0]=1.1ms | end_to_end_latency=1005ms hires=False capped=True
00:56:38.252 [render] kind=interactive total=52.0ms | gpu=40.7ms | 
00:56:38.554 [vtk-image] view=main total=9.3ms | ascontiguous=0.0ms numpy_to_vtk=9.2ms | shape=(194, 344, 681) bytes=86.7MB downsampled=False
00:56:38.590 [apply-main] comp=4 channels=1 total=0.2ms | gpu-upload[ch0]=0.2ms | end_to_end_latency=36ms hires=True capped=False
00:56:38.708 [render] kind=interactive total=118.1ms | gpu=105.8ms | 
00:56:39.034 [render] kind=still total=98.2ms | gpu=57.2ms | 
00:56:40.104 [render] kind=still total=75.1ms | gpu=39.8ms | 
00:56:40.945 [vtk-image] view=main total=2.8ms | ascontiguous=0.0ms numpy_to_vtk=2.7ms | shape=(194, 172, 340) bytes=21.6MB downsampled=False
00:56:41.017 [apply-main] comp=5 channels=1 total=0.2ms | gpu-upload[ch0]=0.2ms | end_to_end_latency=298ms hires=False capped=False
00:56:41.094 [render] kind=interactive total=75.9ms | gpu=56.8ms | 
00:56:41.135 [vtk-image] view=main total=3.2ms | ascontiguous=0.0ms numpy_to_vtk=3.1ms | shape=(194, 172, 340) bytes=21.6MB downsampled=False
00:56:41.138 [vtk-image] view=main total=2.7ms | ascontiguous=0.0ms numpy_to_vtk=2.6ms | shape=(194, 172, 340) bytes=21.6MB downsampled=False
00:56:41.139 [background-load] comp=5 gen=90 total=230.5ms |  | channels=1 stage=1/1 queue_wait=189ms chunk=chunk-cache[hits=98 misses=206 rate=32% evict=30 entries=5 size=889.7MB fetched=8.0GB]
00:56:41.219 [apply-main] comp=5 channels=1 total=0.3ms | gpu-upload[ch0]=0.2ms | end_to_end_latency=501ms hires=False capped=False
00:56:41.220 [apply-main] comp=5 channels=1 total=0.8ms | gpu-upload[ch0]=0.8ms | end_to_end_latency=502ms hires=False capped=False
00:56:41.267 [render] kind=interactive total=46.6ms | gpu=34.1ms | 
00:56:41.563 [render] kind=still total=62.3ms | gpu=30.3ms | 
00:56:44.370 [render] kind=still total=55.1ms | gpu=28.0ms | 
00:56:47.283 [load] comp=5 ch=1 roi=(0:340,0:172) total=135.2ms | assemble=135.0ms | src=CHUNK bytes=21.6MB shape=(194, 172, 340) chunk=chunk-cache[hits=98 misses=207 rate=32% evict=30 entries=6 size=911.4MB fetched=8.0GB] disk=disk-cache[hits=7012 misses(remote)=42 rate=99% evict=0 size=0.0B/8.0GB keys=0]
00:56:47.286 [vtk-image] view=main total=2.6ms | ascontiguous=0.0ms numpy_to_vtk=2.6ms | shape=(194, 172, 340) bytes=21.6MB downsampled=False
00:56:53.517 [vtk-image] view=main total=98.0ms | ascontiguous=0.0ms downsample=92.7ms numpy_to_vtk=5.1ms | shape=(97, 344, 512) bytes=32.6MB downsampled=True
00:56:54.583 [background-load] comp=3 gen=96 total=2550.8ms |  | channels=2 stage=1/1 queue_wait=307ms chunk=chunk-cache[hits=101 misses=211 rate=32% evict=31 entries=7 size=789.5MB fetched=8.3GB]
00:56:55.690 [vtk-image] view=main total=198.8ms | ascontiguous=0.0ms downsample=100.7ms numpy_to_vtk=47.0ms | shape=(146, 259, 512) bytes=36.9MB downsampled=True
00:56:55.736 [vtk-image] view=main total=144.8ms | ascontiguous=0.0ms downsample=98.7ms numpy_to_vtk=46.0ms | shape=(146, 259, 512) bytes=36.9MB downsampled=True
00:56:55.784 [apply-main] comp=4 channels=1 total=0.3ms | gpu-upload[ch0]=0.2ms | end_to_end_latency=2009ms hires=False capped=True
00:56:55.785 [apply-main] comp=4 channels=1 total=0.3ms | gpu-upload[ch1]=0.2ms | end_to_end_latency=2009ms hires=False capped=True
00:56:55.946 [render] kind=interactive total=161.1ms | gpu=132.8ms | 
00:56:56.097 [vtk-image] view=main total=68.9ms | ascontiguous=0.0ms downsample=64.7ms numpy_to_vtk=4.0ms | shape=(146, 259, 512) bytes=36.9MB downsampled=True
00:56:56.165 [vtk-image] view=main total=67.2ms | ascontiguous=0.0ms downsample=61.0ms numpy_to_vtk=6.1ms | shape=(146, 259, 512) bytes=36.9MB downsampled=True
00:56:56.170 [background-load] comp=4 gen=97 total=1025.5ms |  | channels=2 stage=1/2 queue_wait=1370ms chunk=chunk-cache[hits=107 misses=215 rate=33% evict=31 entries=8 size=876.2MB fetched=8.4GB]
00:56:56.306 [apply-main] comp=4 channels=1 total=0.2ms | gpu-upload[ch1]=0.1ms | end_to_end_latency=2531ms hires=False capped=True
00:56:56.524 [apply-main] comp=4 channels=1 total=1.3ms | gpu-upload[ch1]=1.2ms | end_to_end_latency=2749ms hires=False capped=True
00:56:57.706 [render] kind=interactive total=1049.1ms | gpu=487.0ms | 
00:57:01.184 [background-load] comp=2 gen=97 total=5013.9ms |  | channels=2 stage=2/2 queue_wait=2395ms chunk=chunk-cache[hits=114 misses=220 rate=34% evict=31 entries=8 size=876.2MB fetched=8.4GB]
00:57:07.334 [background-load] comp=2 gen=98 total=5964.9ms |  | channels=2 stage=1/1 queue_wait=1621ms chunk=chunk-cache[hits=122 misses=228 rate=35% evict=31 entries=8 size=876.2MB fetched=8.4GB]
00:57:09.316 [vtk-image] view=main total=64.0ms | ascontiguous=0.0ms downsample=58.8ms numpy_to_vtk=5.2ms | shape=(97, 344, 512) bytes=32.6MB downsampled=True
00:57:09.328 [vtk-image] view=main total=76.4ms | ascontiguous=0.0ms downsample=71.7ms numpy_to_vtk=4.5ms | shape=(97, 344, 512) bytes=32.6MB downsampled=True
00:57:09.408 [apply-main] comp=3 channels=1 total=0.3ms | gpu-upload[ch0]=0.2ms | end_to_end_latency=3284ms hires=False capped=True
00:57:09.408 [apply-main] comp=3 channels=1 total=0.1ms | gpu-upload[ch1]=0.1ms | end_to_end_latency=3284ms hires=False capped=True
00:57:09.579 [render] kind=interactive total=170.5ms | gpu=136.6ms | 
00:57:09.841 [vtk-image] view=main total=79.7ms | ascontiguous=0.0ms downsample=74.8ms numpy_to_vtk=4.7ms | shape=(97, 344, 512) bytes=32.6MB downsampled=True
00:57:09.915 [vtk-image] view=main total=72.9ms | ascontiguous=0.0ms downsample=66.8ms numpy_to_vtk=6.0ms | shape=(97, 344, 512) bytes=32.6MB downsampled=True
00:57:09.925 [apply-main] comp=3 channels=1 total=0.2ms | gpu-upload[ch1]=0.1ms | end_to_end_latency=3801ms hires=False capped=True
00:57:09.926 [apply-main] comp=3 channels=1 total=1.2ms | gpu-upload[ch1]=1.1ms | end_to_end_latency=3802ms hires=False capped=True
00:57:09.925 [background-load] comp=3 gen=103 total=2456.6ms |  | channels=2 stage=1/2 queue_wait=1344ms chunk=chunk-cache[hits=130 misses=233 rate=36% evict=33 entries=7 size=743.4MB fetched=8.6GB]
00:57:11.113 [render] kind=interactive total=1186.5ms | gpu=1163.0ms | 
00:57:35.597 [vtk-image] view=main total=582.9ms | ascontiguous=10.1ms downsample=552.1ms numpy_to_vtk=13.8ms | shape=(48, 512, 512) bytes=24.0MB downsampled=True
00:57:35.823 [background-load] comp=1 gen=103 total=25897.0ms |  | channels=2 stage=2/2 queue_wait=3802ms chunk=chunk-cache[hits=137 misses=241 rate=36% evict=33 entries=8 size=748.8MB fetched=8.6GB]
00:57:54.394 [vtk-image] view=main total=639.0ms | ascontiguous=0.4ms downsample=461.8ms numpy_to_vtk=25.4ms | shape=(97, 512, 512) bytes=48.5MB downsampled=True
00:57:54.476 [vtk-image] view=main total=96.0ms | ascontiguous=0.0ms downsample=89.9ms numpy_to_vtk=5.7ms | shape=(97, 512, 512) bytes=48.5MB downsampled=True
00:57:58.240 [background-load] comp=1 gen=104 total=22057.3ms |  | channels=2 stage=1/1 queue_wait=679ms chunk=chunk-cache[hits=145 misses=253 rate=36% evict=41 entries=2 size=776.0MB fetched=9.0GB]
00:58:01.298 [vtk-image] view=main total=175.8ms | ascontiguous=0.0ms downsample=169.4ms numpy_to_vtk=6.2ms | shape=(97, 512, 512) bytes=48.5MB downsampled=True
00:58:01.758 [vtk-image] view=main total=160.6ms | ascontiguous=0.0ms downsample=119.9ms numpy_to_vtk=8.0ms | shape=(97, 512, 512) bytes=48.5MB downsampled=True
00:58:01.818 [background-load] comp=1 gen=111 total=3465.2ms |  | channels=2 stage=1/1 queue_wait=1114ms chunk=chunk-cache[hits=147 misses=265 rate=36% evict=41 entries=4 size=786.8MB fetched=9.4GB]
00:58:04.737 [vtk-image] view=main total=165.1ms | ascontiguous=0.0ms downsample=125.2ms numpy_to_vtk=7.3ms | shape=(97, 512, 512) bytes=48.5MB downsampled=True
00:58:04.795 [apply-main] comp=1 channels=1 total=11.5ms | gpu-upload[ch1]=9.0ms | end_to_end_latency=3181ms hires=False capped=True
00:58:04.811 [vtk-image] view=main total=156.8ms | ascontiguous=0.0ms downsample=145.7ms numpy_to_vtk=11.0ms | shape=(97, 512, 512) bytes=48.5MB downsampled=True
00:58:04.827 [background-load] comp=1 gen=114 total=2910.2ms |  | channels=2 stage=1/1 queue_wait=302ms chunk=chunk-cache[hits=151 misses=273 rate=36% evict=41 entries=4 size=786.8MB fetched=9.4GB]
00:58:04.915 [render] kind=interactive total=119.4ms | gpu=97.2ms | 
00:58:05.040 [apply-main] comp=1 channels=1 total=0.4ms | gpu-upload[ch0]=0.2ms | end_to_end_latency=3426ms hires=False capped=True
00:58:05.141 [render] kind=interactive total=100.3ms | gpu=81.4ms | 
00:58:08.426 [vtk-image] view=main total=35.1ms | ascontiguous=0.0ms downsample=32.9ms numpy_to_vtk=2.0ms | shape=(48, 344, 512) bytes=16.1MB downsampled=True
00:58:08.439 [vtk-image] view=main total=47.7ms | ascontiguous=0.0ms downsample=45.1ms numpy_to_vtk=2.4ms | shape=(48, 344, 512) bytes=16.1MB downsampled=True
00:58:08.505 [apply-main] comp=2 channels=1 total=0.3ms | gpu-upload[ch0]=0.2ms | end_to_end_latency=1366ms hires=False capped=True
00:58:08.506 [apply-main] comp=2 channels=1 total=0.1ms | gpu-upload[ch1]=0.1ms | end_to_end_latency=1366ms hires=False capped=True
00:58:08.629 [render] kind=interactive total=123.0ms | gpu=93.6ms | 
00:58:10.126 [vtk-image] view=main total=105.4ms | ascontiguous=0.0ms downsample=92.7ms numpy_to_vtk=12.6ms | shape=(48, 344, 512) bytes=16.1MB downsampled=True
00:58:10.158 [vtk-image] view=main total=31.7ms | ascontiguous=0.0ms downsample=29.6ms numpy_to_vtk=2.0ms | shape=(48, 344, 512) bytes=16.1MB downsampled=True
00:58:10.183 [vtk-image] view=main total=37.3ms | ascontiguous=0.0ms downsample=34.9ms numpy_to_vtk=2.3ms | shape=(48, 344, 512) bytes=16.1MB downsampled=True
00:58:10.201 [apply-main] comp=2 channels=1 total=1.4ms | gpu-upload[ch0]=1.3ms | end_to_end_latency=3061ms hires=False capped=True
00:58:10.201 [apply-main] comp=2 channels=1 total=0.2ms | gpu-upload[ch1]=0.1ms | end_to_end_latency=3062ms hires=False capped=True
00:58:10.203 [apply-main] comp=2 channels=1 total=1.2ms | gpu-upload[ch0]=1.0ms | end_to_end_latency=3063ms hires=False capped=True
00:58:10.274 [render] kind=interactive total=70.6ms | gpu=48.7ms | 
00:58:10.304 [vtk-image] view=main total=35.8ms | ascontiguous=0.0ms downsample=33.5ms numpy_to_vtk=2.2ms | shape=(48, 344, 512) bytes=16.1MB downsampled=True
00:58:10.323 [vtk-image] view=main total=54.4ms | ascontiguous=0.0ms downsample=50.3ms numpy_to_vtk=4.0ms | shape=(48, 344, 512) bytes=16.1MB downsampled=True
00:58:10.403 [apply-main] comp=2 channels=1 total=0.2ms | gpu-upload[ch0]=0.1ms | end_to_end_latency=3263ms hires=False capped=True
00:58:10.403 [apply-main] comp=2 channels=1 total=0.1ms | gpu-upload[ch1]=0.1ms | end_to_end_latency=3263ms hires=False capped=True
00:58:10.414 [vtk-image] view=main total=34.0ms | ascontiguous=0.0ms downsample=31.3ms numpy_to_vtk=2.6ms | shape=(48, 344, 512) bytes=16.1MB downsampled=True
00:58:10.438 [vtk-image] view=main total=39.1ms | ascontiguous=0.0ms downsample=36.1ms numpy_to_vtk=2.7ms | shape=(48, 344, 512) bytes=16.1MB downsampled=True
00:58:10.457 [render] kind=interactive total=54.1ms | gpu=42.2ms | 
00:58:10.460 [vtk-image] view=main total=45.2ms | ascontiguous=0.0ms downsample=42.6ms numpy_to_vtk=2.4ms | shape=(48, 344, 512) bytes=16.1MB downsampled=True
00:58:10.539 [vtk-image] view=main total=100.1ms | ascontiguous=0.0ms downsample=95.2ms numpy_to_vtk=4.7ms | shape=(48, 344, 512) bytes=16.1MB downsampled=True
00:58:10.611 [background-load] comp=2 gen=118 total=3259.8ms |  | channels=2 stage=1/1 queue_wait=212ms chunk=chunk-cache[hits=155 misses=299 rate=34% evict=51 entries=2 size=776.0MB fetched=11.5GB]
00:58:10.623 [apply-main] comp=2 channels=1 total=0.2ms | gpu-upload[ch0]=0.1ms | end_to_end_latency=3483ms hires=False capped=True
00:58:10.623 [apply-main] comp=2 channels=1 total=0.1ms | gpu-upload[ch1]=0.1ms | end_to_end_latency=3483ms hires=False capped=True
00:58:10.624 [apply-main] comp=2 channels=1 total=0.7ms | gpu-upload[ch0]=0.7ms | end_to_end_latency=3484ms hires=False capped=True
00:58:10.624 [apply-main] comp=2 channels=1 total=0.7ms | gpu-upload[ch1]=0.7ms | end_to_end_latency=3485ms hires=False capped=True
00:58:10.682 [render] kind=interactive total=57.5ms | gpu=46.4ms | 
00:58:13.465 [vtk-image] view=main total=146.2ms | ascontiguous=0.0ms numpy_to_vtk=146.1ms | shape=(194, 1377, 2048) bytes=1.0GB downsampled=False
00:58:13.649 [apply-main] comp=2 channels=1 total=0.3ms | gpu-upload[ch0]=0.2ms | end_to_end_latency=151ms hires=True capped=False
00:58:14.277 [vtk-image] view=main total=169.1ms | ascontiguous=0.0ms numpy_to_vtk=169.0ms | shape=(194, 1377, 2048) bytes=1.0GB downsampled=False
00:58:15.004 [render] kind=interactive total=1355.2ms | gpu=1325.3ms | 
00:58:15.200 [apply-main] comp=2 channels=1 total=0.2ms | gpu-upload[ch0]=0.2ms | end_to_end_latency=923ms hires=True capped=False
00:58:15.997 [render] kind=interactive total=796.2ms | gpu=796.1ms | 
00:58:16.521 [vtk-image] view=main total=242.4ms | ascontiguous=0.0ms numpy_to_vtk=242.3ms | shape=(194, 1377, 2048) bytes=1.0GB downsampled=False
00:58:17.946 [apply-main] comp=2 channels=1 total=0.4ms | gpu-upload[ch1]=0.3ms | end_to_end_latency=1424ms hires=True capped=False
00:58:18.508 [vtk-image] view=main total=117.4ms | ascontiguous=0.0ms numpy_to_vtk=117.3ms | shape=(194, 1377, 2048) bytes=1.0GB downsampled=False
00:58:19.155 [render] kind=interactive total=1209.0ms | gpu=1166.6ms | 
00:58:19.287 [apply-main] comp=2 channels=1 total=0.2ms | gpu-upload[ch1]=0.1ms | end_to_end_latency=779ms hires=True capped=False
00:58:19.992 [render] kind=interactive total=704.9ms | gpu=681.0ms | 
00:58:20.409 [render] kind=still total=178.9ms | gpu=113.5ms | 
00:58:25.397 [render] kind=still total=131.8ms | gpu=70.0ms | 
00:58:29.795 [vtk-image] view=main total=93.7ms | ascontiguous=0.0ms downsample=85.2ms numpy_to_vtk=8.3ms | shape=(72, 512, 381) bytes=26.8MB downsampled=True
00:58:29.804 [apply-main] comp=2 channels=1 total=0.3ms | gpu-upload[ch0]=0.2ms | end_to_end_latency=2455ms hires=False capped=True
00:58:29.888 [render] kind=interactive total=81.1ms | gpu=81.0ms | 
00:58:29.946 [vtk-image] view=main total=72.8ms | ascontiguous=0.0ms downsample=68.7ms numpy_to_vtk=4.0ms | shape=(72, 512, 381) bytes=26.8MB downsampled=True
00:58:29.992 [apply-main] comp=2 channels=1 total=0.2ms | gpu-upload[ch1]=0.2ms | end_to_end_latency=2642ms hires=False capped=True
00:58:30.067 [render] kind=interactive total=73.9ms | gpu=73.9ms | 
00:58:30.620 [vtk-image] view=main total=68.4ms | ascontiguous=0.0ms downsample=64.4ms numpy_to_vtk=3.9ms | shape=(72, 512, 381) bytes=26.8MB downsampled=True
00:58:30.705 [apply-main] comp=2 channels=1 total=0.2ms | gpu-upload[ch0]=0.2ms | end_to_end_latency=3355ms hires=False capped=True
00:58:30.746 [vtk-image] view=main total=68.7ms | ascontiguous=0.0ms downsample=61.9ms numpy_to_vtk=6.5ms | shape=(72, 512, 381) bytes=26.8MB downsampled=True
00:58:30.781 [render] kind=interactive total=75.7ms | gpu=52.9ms | 
00:58:30.841 [vtk-image] view=main total=93.3ms | ascontiguous=0.0ms downsample=87.5ms numpy_to_vtk=5.6ms | shape=(72, 512, 381) bytes=26.8MB downsampled=True
00:58:31.005 [apply-main] comp=2 channels=1 total=0.6ms | gpu-upload[ch0]=0.4ms | end_to_end_latency=3656ms hires=False capped=True
00:58:31.008 [apply-main] comp=2 channels=1 total=2.2ms | gpu-upload[ch0]=2.0ms | end_to_end_latency=3658ms hires=False capped=True
00:58:31.163 [vtk-image] view=main total=128.7ms | ascontiguous=0.0ms downsample=116.2ms numpy_to_vtk=6.3ms | shape=(72, 512, 381) bytes=26.8MB downsampled=True
00:58:31.163 [render] kind=interactive total=155.1ms | gpu=39.4ms | 
00:58:31.252 [vtk-image] view=main total=87.7ms | ascontiguous=0.0ms downsample=64.7ms numpy_to_vtk=5.0ms | shape=(72, 512, 381) bytes=26.8MB downsampled=True
00:58:31.270 [background-load] comp=2 gen=119 total=3662.0ms |  | channels=2 stage=1/1 queue_wait=259ms chunk=chunk-cache[hits=156 misses=333 rate=32% evict=65 entries=3 size=909.8MB fetched=14.4GB]
00:58:31.288 [apply-main] comp=2 channels=1 total=0.2ms | gpu-upload[ch1]=0.1ms | end_to_end_latency=3938ms hires=False capped=True
00:58:31.290 [apply-main] comp=2 channels=1 total=1.4ms | gpu-upload[ch1]=1.3ms | end_to_end_latency=3940ms hires=False capped=True
00:58:31.335 [render] kind=interactive total=45.5ms | gpu=34.4ms | 
00:58:32.376 [vtk-image] view=main total=64.9ms | ascontiguous=0.0ms numpy_to_vtk=64.8ms | shape=(194, 1377, 1024) bytes=521.8MB downsampled=False
00:58:32.485 [vtk-image] view=main total=77.4ms | ascontiguous=0.0ms numpy_to_vtk=77.4ms | shape=(194, 1377, 1024) bytes=521.8MB downsampled=False
00:58:32.515 [apply-main] comp=2 channels=1 total=0.4ms | gpu-upload[ch0]=0.3ms | end_to_end_latency=124ms hires=True capped=False
00:58:32.533 [apply-main] comp=2 channels=1 total=18.0ms | gpu-upload[ch0]=17.9ms | end_to_end_latency=33ms hires=True capped=False
00:58:33.120 [render] kind=interactive total=582.9ms | gpu=568.2ms | 
00:58:33.340 [vtk-image] view=main total=82.6ms | ascontiguous=0.0ms numpy_to_vtk=82.5ms | shape=(194, 1377, 1024) bytes=521.8MB downsampled=False
00:58:33.440 [apply-main] comp=2 channels=1 total=0.2ms | gpu-upload[ch1]=0.1ms | end_to_end_latency=100ms hires=True capped=False
00:58:33.738 [vtk-image] view=main total=77.5ms | ascontiguous=0.0ms numpy_to_vtk=77.3ms | shape=(194, 1377, 1024) bytes=521.8MB downsampled=False
00:58:33.956 [render] kind=interactive total=515.4ms | gpu=501.1ms | 
00:58:34.092 [apply-main] comp=2 channels=1 total=0.2ms | gpu-upload[ch1]=0.1ms | end_to_end_latency=354ms hires=True capped=False
00:58:34.561 [render] kind=interactive total=468.5ms | gpu=451.3ms | 
00:58:34.898 [render] kind=still total=106.3ms | gpu=62.7ms | 
00:58:36.589 [render] kind=still total=111.6ms | gpu=66.9ms | 
00:58:39.632 [render] kind=still total=58.8ms | gpu=58.7ms | 
00:58:41.643 [vtk-image] view=main total=191.5ms | ascontiguous=0.0ms downsample=183.1ms numpy_to_vtk=8.1ms | shape=(48, 344, 512) bytes=16.1MB downsampled=True
00:58:45.799 [background-load] comp=2 gen=120 total=5438.1ms |  | channels=2 stage=1/1 queue_wait=660ms chunk=chunk-cache[hits=163 misses=359 rate=31% evict=67 entries=5 size=666.3MB fetched=14.5GB]
00:58:47.154 [vtk-image] view=main total=39.3ms | ascontiguous=0.0ms downsample=35.8ms numpy_to_vtk=3.2ms | shape=(48, 344, 512) bytes=16.1MB downsampled=True
00:58:47.196 [apply-main] comp=2 channels=1 total=0.2ms | gpu-upload[ch0]=0.2ms | end_to_end_latency=4473ms hires=False capped=True
00:58:47.238 [vtk-image] view=main total=43.9ms | ascontiguous=0.0ms downsample=41.6ms numpy_to_vtk=2.2ms | shape=(48, 344, 512) bytes=16.1MB downsampled=True
00:58:47.304 [render] kind=interactive total=107.8ms | gpu=88.2ms | 
00:58:47.428 [apply-main] comp=2 channels=1 total=0.3ms | gpu-upload[ch1]=0.2ms | end_to_end_latency=4705ms hires=False capped=True
00:58:47.493 [render] kind=interactive total=63.9ms | gpu=49.9ms | 
00:58:48.051 [vtk-image] view=main total=36.2ms | ascontiguous=0.0ms downsample=33.4ms numpy_to_vtk=2.7ms | shape=(48, 344, 512) bytes=16.1MB downsampled=True
00:58:48.159 [apply-main] comp=2 channels=1 total=0.4ms | gpu-upload[ch0]=0.2ms | end_to_end_latency=5436ms hires=False capped=True
00:58:48.200 [render] kind=interactive total=40.6ms | gpu=24.2ms | 
00:58:48.262 [vtk-image] view=main total=44.4ms | ascontiguous=0.0ms downsample=41.5ms numpy_to_vtk=2.7ms | shape=(48, 344, 512) bytes=16.1MB downsampled=True
00:58:48.267 [vtk-image] view=main total=43.9ms | ascontiguous=0.0ms downsample=41.5ms numpy_to_vtk=2.3ms | shape=(48, 344, 512) bytes=16.1MB downsampled=True
00:58:48.307 [vtk-image] view=main total=39.8ms | ascontiguous=0.0ms downsample=37.4ms numpy_to_vtk=2.2ms | shape=(48, 344, 512) bytes=16.1MB downsampled=True
00:58:48.343 [apply-main] comp=2 channels=1 total=0.3ms | gpu-upload[ch0]=0.2ms | end_to_end_latency=5620ms hires=False capped=True
00:58:48.344 [apply-main] comp=2 channels=1 total=0.2ms | gpu-upload[ch1]=0.1ms | end_to_end_latency=5620ms hires=False capped=True
00:58:48.344 [apply-main] comp=2 channels=1 total=0.5ms | gpu-upload[ch1]=0.5ms | end_to_end_latency=5621ms hires=False capped=True
00:58:48.382 [vtk-image] view=main total=38.2ms | ascontiguous=0.0ms downsample=35.6ms numpy_to_vtk=2.6ms | shape=(48, 344, 512) bytes=16.1MB downsampled=True
00:58:48.419 [vtk-image] view=main total=36.9ms | ascontiguous=0.0ms downsample=34.7ms numpy_to_vtk=2.0ms | shape=(48, 344, 512) bytes=16.1MB downsampled=True
00:58:48.462 [background-load] comp=2 gen=121 total=2527.1ms |  | channels=2 stage=1/1 queue_wait=3212ms chunk=chunk-cache[hits=169 misses=373 rate=31% evict=76 entries=2 size=776.0MB fetched=16.3GB]
00:58:48.514 [render] kind=interactive total=169.3ms | gpu=117.4ms | 
00:58:48.628 [apply-main] comp=2 channels=1 total=0.3ms | gpu-upload[ch0]=0.2ms | end_to_end_latency=5904ms hires=False capped=True
00:58:48.629 [apply-main] comp=2 channels=1 total=0.6ms | gpu-upload[ch0]=0.6ms | end_to_end_latency=5905ms hires=False capped=True
00:58:48.666 [render] kind=interactive total=37.9ms | gpu=24.9ms | 
00:58:50.488 [vtk-image] view=main total=149.5ms | ascontiguous=0.0ms numpy_to_vtk=149.4ms | shape=(194, 1377, 2048) bytes=1.0GB downsampled=False
00:58:50.590 [apply-main] comp=2 channels=1 total=0.1ms | gpu-upload[ch1]=0.1ms | end_to_end_latency=101ms hires=True capped=False
00:58:51.155 [vtk-image] view=main total=163.1ms | ascontiguous=0.0ms numpy_to_vtk=163.0ms | shape=(194, 1377, 2048) bytes=1.0GB downsampled=False
00:58:51.651 [render] kind=interactive total=1059.9ms | gpu=1059.8ms | 
00:58:52.749 [apply-main] comp=2 channels=1 total=0.3ms | gpu-upload[ch1]=0.2ms | end_to_end_latency=1594ms hires=True capped=False
00:58:53.795 [vtk-image] view=main total=186.7ms | ascontiguous=0.0ms numpy_to_vtk=186.6ms | shape=(194, 1377, 2048) bytes=1.0GB downsampled=False
00:58:53.846 [render] kind=interactive total=1097.0ms | gpu=1071.5ms | 
00:58:55.309 [vtk-image] view=main total=76.7ms | ascontiguous=0.0ms downsample=74.3ms numpy_to_vtk=2.2ms | shape=(48, 256, 512) bytes=12.0MB downsampled=True
00:58:55.854 [apply-main] comp=2 channels=1 total=0.6ms | gpu-upload[ch0]=0.4ms | end_to_end_latency=1788ms hires=False capped=True
00:58:55.994 [render] kind=interactive total=139.4ms | gpu=107.6ms | 
00:58:56.960 [vtk-image] view=main total=27.2ms | ascontiguous=0.0ms downsample=25.4ms numpy_to_vtk=1.8ms | shape=(48, 256, 512) bytes=12.0MB downsampled=True
00:58:57.067 [apply-main] comp=2 channels=1 total=0.1ms | gpu-upload[ch1]=0.1ms | end_to_end_latency=3001ms hires=False capped=True
00:58:57.131 [render] kind=interactive total=62.9ms | gpu=62.8ms | 
00:58:57.911 [vtk-image] view=main total=44.5ms | ascontiguous=0.0ms downsample=42.4ms numpy_to_vtk=2.0ms | shape=(48, 256, 512) bytes=12.0MB downsampled=True
00:58:57.935 [background-load] comp=2 gen=122 total=3704.9ms |  | channels=2 stage=1/1 queue_wait=164ms chunk=chunk-cache[hits=173 misses=401 rate=30% evict=85 entries=4 size=915.2MB fetched=18.6GB]
00:58:58.930 [vtk-image] view=main total=81.0ms | ascontiguous=0.0ms downsample=78.1ms numpy_to_vtk=2.6ms | shape=(58, 308, 512) bytes=17.4MB downsampled=True
00:58:58.970 [apply-main] comp=2 channels=1 total=0.2ms | gpu-upload[ch1]=0.1ms | end_to_end_latency=1143ms hires=False capped=True
00:58:59.147 [render] kind=interactive total=175.3ms | gpu=142.6ms | 
00:58:59.604 [vtk-image] view=main total=36.1ms | ascontiguous=0.0ms downsample=32.8ms numpy_to_vtk=3.1ms | shape=(58, 308, 512) bytes=17.4MB downsampled=True
00:58:59.705 [apply-main] comp=2 channels=1 total=0.2ms | gpu-upload[ch0]=0.1ms | end_to_end_latency=1877ms hires=False capped=True
00:58:59.756 [render] kind=interactive total=50.7ms | gpu=33.0ms | 
00:59:00.473 [vtk-image] view=main total=32.9ms | ascontiguous=0.0ms downsample=30.5ms numpy_to_vtk=2.2ms | shape=(58, 308, 512) bytes=17.4MB downsampled=True
00:59:00.541 [apply-main] comp=2 channels=1 total=0.2ms | gpu-upload[ch0]=0.2ms | end_to_end_latency=2714ms hires=False capped=True
00:59:00.553 [vtk-image] view=main total=33.1ms | ascontiguous=0.0ms downsample=30.6ms numpy_to_vtk=2.4ms | shape=(58, 308, 512) bytes=17.4MB downsampled=True
00:59:00.583 [render] kind=interactive total=41.9ms | gpu=26.9ms | 
00:59:00.601 [vtk-image] view=main total=47.0ms | ascontiguous=0.0ms downsample=44.0ms numpy_to_vtk=2.8ms | shape=(58, 308, 512) bytes=17.4MB downsampled=True
00:59:00.712 [apply-main] comp=2 channels=1 total=0.2ms | gpu-upload[ch0]=0.2ms | end_to_end_latency=2884ms hires=False capped=True
00:59:00.713 [apply-main] comp=2 channels=1 total=0.6ms | gpu-upload[ch0]=0.5ms | end_to_end_latency=2885ms hires=False capped=True
00:59:00.754 [render] kind=interactive total=41.4ms | gpu=24.1ms | 
00:59:07.644 [vtk-image] view=main total=34.0ms | ascontiguous=0.0ms downsample=31.3ms numpy_to_vtk=2.6ms | shape=(58, 308, 512) bytes=17.4MB downsampled=True
00:59:07.682 [vtk-image] view=main total=37.7ms | ascontiguous=0.0ms downsample=35.0ms numpy_to_vtk=2.6ms | shape=(58, 308, 512) bytes=17.4MB downsampled=True
00:59:07.700 [background-load] comp=2 gen=123 total=9690.2ms |  | channels=2 stage=1/1 queue_wait=182ms chunk=chunk-cache[hits=175 misses=417 rate=30% evict=89 entries=4 size=908.0MB fetched=19.5GB]
00:59:07.747 [apply-main] comp=2 channels=1 total=0.4ms | gpu-upload[ch1]=0.3ms | end_to_end_latency=9919ms hires=False capped=True
00:59:07.748 [apply-main] comp=2 channels=1 total=1.1ms | gpu-upload[ch1]=1.0ms | end_to_end_latency=9920ms hires=False capped=True
00:59:07.807 [render] kind=interactive total=59.0ms | gpu=45.6ms | 
00:59:09.147 [vtk-image] view=main total=79.8ms | ascontiguous=0.0ms numpy_to_vtk=79.7ms | shape=(194, 1024, 1703) bytes=645.3MB downsampled=False
00:59:09.263 [apply-main] comp=2 channels=1 total=0.2ms | gpu-upload[ch1]=0.1ms | end_to_end_latency=115ms hires=True capped=False
00:59:09.263 [vtk-image] view=main total=83.2ms | ascontiguous=0.0ms numpy_to_vtk=83.1ms | shape=(194, 1024, 1703) bytes=645.3MB downsampled=False
00:59:09.982 [render] kind=interactive total=719.2ms | gpu=705.4ms | 
00:59:10.145 [apply-main] comp=2 channels=1 total=0.2ms | gpu-upload[ch1]=0.1ms | end_to_end_latency=882ms hires=True capped=False
00:59:10.671 [vtk-image] view=main total=101.6ms | ascontiguous=0.0ms numpy_to_vtk=101.5ms | shape=(194, 1024, 1703) bytes=645.3MB downsampled=False
00:59:10.700 [render] kind=interactive total=554.6ms | gpu=532.4ms | 
00:59:11.015 [apply-main] comp=2 channels=1 total=0.2ms | gpu-upload[ch0]=0.1ms | end_to_end_latency=343ms hires=True capped=False
00:59:11.394 [vtk-image] view=main total=91.5ms | ascontiguous=0.0ms numpy_to_vtk=91.4ms | shape=(194, 1024, 1703) bytes=645.3MB downsampled=False
00:59:11.703 [render] kind=interactive total=687.5ms | gpu=668.5ms | 
00:59:11.944 [apply-main] comp=2 channels=1 total=0.3ms | gpu-upload[ch0]=0.2ms | end_to_end_latency=550ms hires=True capped=False
00:59:12.544 [render] kind=interactive total=600.2ms | gpu=581.8ms | 
00:59:13.031 [render] kind=still total=179.9ms | gpu=115.8ms | 
