# BioSET profiling started 2026-06-30T18:22:08
18:22:25.799 [load] comp=6 ch=0 roi=(0:170,0:86) total=179.2ms | dask-build=0.6ms compute=178.5ms | src=DISK bytes=5.4MB shape=(194, 86, 170) fetch=chunks(disk=194,remote=0) downloaded=0.0B mem=mem-cache[hits=0 misses=1 rate=0% evict=0 entries=1 size=5.4MB] disk=disk-cache[hits=195 misses(remote)=2 rate=99% evict=0 size=0.0B/8.0GB keys=0]
18:22:25.802 [vtk-image] view=main total=2.2ms | ascontiguous=1.4ms numpy_to_vtk=0.8ms | shape=(194, 86, 170) bytes=5.4MB downsampled=False
18:22:28.716 [load] comp=5 ch=0 roi=(81:257,36:134) total=189.3ms | dask-build=0.5ms compute=188.6ms | src=MIXED bytes=6.4MB shape=(194, 98, 176) fetch=chunks(disk=195,remote=2) downloaded=0.0B mem=mem-cache[hits=0 misses=2 rate=0% evict=0 entries=2 size=11.8MB] disk=disk-cache[hits=393 misses(remote)=10 rate=98% evict=0 size=0.0B/8.0GB keys=0]
18:22:28.722 [vtk-image] view=main total=2.8ms | ascontiguous=1.9ms numpy_to_vtk=0.9ms | shape=(194, 98, 176) bytes=6.4MB downsampled=False
18:22:28.722 [background-load] comp=5 gen=6 total=195.9ms |  | channels=1 stage=1/2 queue_wait=515ms
18:22:29.215 [load] comp=3 ch=0 roi=(326:1025,146:533) total=492.7ms | dask-build=1.0ms compute=491.7ms | src=DISK bytes=100.1MB shape=(194, 387, 699) fetch=chunks(disk=388,remote=0) downloaded=0.0B mem=mem-cache[hits=0 misses=3 rate=0% evict=0 entries=3 size=111.9MB] disk=disk-cache[hits=781 misses(remote)=10 rate=99% evict=0 size=0.0B/8.0GB keys=0]
18:22:29.255 [vtk-image] view=main total=39.4ms | ascontiguous=28.9ms numpy_to_vtk=10.4ms | shape=(194, 387, 699) bytes=100.1MB downsampled=False
18:22:29.603 [load] comp=4 ch=0 roi=(195:481,92:248) total=321.6ms | dask-build=1.3ms compute=320.3ms | src=DISK bytes=16.5MB shape=(194, 156, 286) fetch=chunks(disk=194,remote=0) downloaded=0.0B mem=mem-cache[hits=0 misses=4 rate=0% evict=0 entries=4 size=128.4MB] disk=disk-cache[hits=975 misses(remote)=10 rate=99% evict=0 size=0.0B/8.0GB keys=0]
18:22:29.609 [vtk-image] view=main total=6.3ms | ascontiguous=4.4ms numpy_to_vtk=1.9ms | shape=(194, 156, 286) bytes=16.5MB downsampled=False
18:22:29.610 [background-load] comp=4 gen=7 total=328.7ms |  | channels=1 stage=1/2 queue_wait=348ms
18:22:29.699 [apply-main] comp=4 channels=1 total=67.2ms | gpu-upload[ch0]=0.2ms render=66.9ms | end_to_end_latency=766ms
18:22:30.337 [load] comp=2 ch=0 roi=(780:1923,369:991) total=727.3ms | dask-build=1.1ms compute=726.2ms | src=DISK bytes=263.1MB shape=(194, 622, 1143) fetch=chunks(disk=388,remote=0) downloaded=0.0B mem=mem-cache[hits=0 misses=5 rate=0% evict=0 entries=5 size=391.5MB] disk=disk-cache[hits=1363 misses(remote)=10 rate=99% evict=0 size=0.0B/8.0GB keys=0]
18:22:30.452 [vtk-image] view=main total=114.8ms | ascontiguous=79.9ms numpy_to_vtk=34.8ms | shape=(194, 622, 1143) bytes=263.1MB downsampled=False
18:22:30.467 [background-load] comp=2 gen=7 total=857.0ms |  | channels=1 stage=2/2 queue_wait=677ms
18:22:30.951 [apply-main] comp=2 channels=1 total=484.2ms | gpu-upload[ch0]=0.2ms render=483.8ms | end_to_end_latency=2018ms
18:22:32.525 [load] comp=1 ch=0 roi=(2230:3178,1100:1619) total=860.1ms | dask-build=2.2ms compute=857.7ms | src=DISK bytes=182.1MB shape=(194, 519, 948) fetch=chunks(disk=388,remote=0) downloaded=0.0B mem=mem-cache[hits=0 misses=6 rate=0% evict=0 entries=6 size=573.5MB] disk=disk-cache[hits=1752 misses(remote)=12 rate=99% evict=0 size=0.0B/8.0GB keys=0]
18:22:32.636 [vtk-image] view=main total=109.0ms | ascontiguous=71.4ms numpy_to_vtk=37.5ms | shape=(194, 519, 948) bytes=182.1MB downsampled=False
18:22:33.273 [load] comp=1 ch=0 roi=(2359:3048,1169:1550) total=524.5ms | dask-build=1.0ms compute=523.4ms | src=DISK bytes=97.1MB shape=(194, 381, 689) fetch=chunks(disk=194,remote=0) downloaded=0.0B mem=mem-cache[hits=0 misses=7 rate=0% evict=0 entries=7 size=670.7MB] disk=disk-cache[hits=1946 misses(remote)=12 rate=99% evict=0 size=0.0B/8.0GB keys=0]
18:22:33.323 [vtk-image] view=main total=50.2ms | ascontiguous=36.6ms numpy_to_vtk=13.5ms | shape=(194, 381, 689) bytes=97.1MB downsampled=False
18:22:33.328 [background-load] comp=1 gen=14 total=579.4ms |  | channels=1 stage=1/1 queue_wait=284ms
18:22:33.470 [apply-main] comp=1 channels=1 total=142.3ms | gpu-upload[ch0]=0.1ms render=142.0ms | end_to_end_latency=1006ms
18:22:36.177 [load] comp=2 ch=0 roi=(873:1831,418:942) total=630.9ms | dask-build=1.8ms compute=629.0ms | src=DISK bytes=185.7MB shape=(194, 524, 958) fetch=chunks(disk=388,remote=0) downloaded=0.0B mem=mem-cache[hits=0 misses=8 rate=0% evict=0 entries=8 size=856.4MB] disk=disk-cache[hits=2334 misses(remote)=12 rate=99% evict=0 size=0.0B/8.0GB keys=0]
18:22:36.303 [vtk-image] view=main total=124.9ms | ascontiguous=54.8ms numpy_to_vtk=70.1ms | shape=(194, 524, 958) bytes=185.7MB downsampled=False
18:22:36.312 [background-load] comp=2 gen=20 total=765.7ms |  | channels=1 stage=1/1 queue_wait=255ms
18:22:36.558 [load] comp=2 ch=0 roi=(780:1923,369:991) total=0.1ms |  | src=MEM-HIT bytes=263.1MB shape=(194, 622, 1143) mem=mem-cache[hits=1 misses=8 rate=11% evict=0 entries=8 size=856.4MB]
18:22:36.699 [vtk-image] view=main total=141.0ms | ascontiguous=87.0ms numpy_to_vtk=53.9ms | shape=(194, 622, 1143) bytes=263.1MB downsampled=False
18:22:36.713 [background-load] comp=2 gen=21 total=155.0ms |  | channels=1 stage=1/1 queue_wait=232ms
18:22:37.283 [apply-main] comp=2 channels=1 total=472.4ms | gpu-upload[ch0]=0.2ms render=472.0ms | end_to_end_latency=958ms
18:22:38.453 [load] comp=4 ch=0 roi=(0:681,0:344) total=285.8ms | dask-build=1.2ms compute=284.5ms | src=DISK bytes=86.7MB shape=(194, 344, 681) fetch=chunks(disk=194,remote=0) downloaded=0.0B mem=mem-cache[hits=1 misses=9 rate=10% evict=0 entries=9 size=943.1MB] disk=disk-cache[hits=2528 misses(remote)=12 rate=100% evict=0 size=0.0B/8.0GB keys=0]
18:22:38.502 [vtk-image] view=main total=48.6ms | ascontiguous=31.7ms numpy_to_vtk=16.8ms | shape=(194, 344, 681) bytes=86.7MB downsampled=False
18:22:38.629 [load] comp=6 ch=0 roi=(0:170,0:86) total=0.1ms |  | src=MEM-HIT bytes=5.4MB shape=(194, 86, 170) mem=mem-cache[hits=2 misses=9 rate=18% evict=0 entries=9 size=943.1MB]
18:22:38.632 [vtk-image] view=main total=2.7ms | ascontiguous=1.7ms numpy_to_vtk=0.9ms | shape=(194, 86, 170) bytes=5.4MB downsampled=False
18:22:38.632 [background-load] comp=6 gen=30 total=3.2ms |  | channels=1 stage=1/1 queue_wait=227ms
18:22:38.772 [apply-main] comp=6 channels=1 total=39.5ms | gpu-upload[ch0]=0.3ms render=38.9ms | end_to_end_latency=369ms
18:22:41.366 [load] comp=6 ch=0 roi=(169:170,0:86) total=434.2ms | dask-build=1.4ms compute=432.7ms | src=DISK bytes=32.6KB shape=(194, 86, 1) fetch=chunks(disk=194,remote=0) downloaded=0.0B mem=mem-cache[hits=2 misses=10 rate=17% evict=0 entries=10 size=943.1MB] disk=disk-cache[hits=2722 misses(remote)=12 rate=100% evict=0 size=0.0B/8.0GB keys=0]
18:22:41.366 [vtk-image] view=main total=0.2ms | ascontiguous=0.0ms numpy_to_vtk=0.2ms | shape=(194, 86, 1) bytes=32.6KB downsampled=False
18:22:41.813 [load] comp=4 ch=0 roi=(568:619,100:269) total=196.1ms | dask-build=1.5ms compute=194.5ms | src=DISK bytes=3.2MB shape=(194, 169, 51) fetch=chunks(disk=194,remote=0) downloaded=0.0B mem=mem-cache[hits=2 misses=11 rate=15% evict=0 entries=11 size=946.3MB] disk=disk-cache[hits=2916 misses(remote)=12 rate=100% evict=0 size=0.0B/8.0GB keys=0]
18:22:41.814 [vtk-image] view=main total=1.4ms | ascontiguous=0.9ms numpy_to_vtk=0.5ms | shape=(194, 169, 51) bytes=3.2MB downsampled=False
18:22:41.814 [background-load] comp=4 gen=37 total=197.9ms |  | channels=1 stage=1/1 queue_wait=153ms
18:22:41.855 [apply-main] comp=4 channels=1 total=21.2ms | gpu-upload[ch0]=0.4ms render=20.5ms | end_to_end_latency=391ms
18:22:42.392 [load] comp=2 ch=0 roi=(1877:1982,534:887) total=311.1ms | dask-build=1.0ms compute=310.0ms | src=DISK bytes=13.7MB shape=(194, 353, 105) fetch=chunks(disk=194,remote=0) downloaded=0.0B mem=mem-cache[hits=2 misses=12 rate=14% evict=0 entries=12 size=960.0MB] disk=disk-cache[hits=3110 misses(remote)=12 rate=100% evict=0 size=0.0B/8.0GB keys=0]
18:22:42.398 [vtk-image] view=main total=5.3ms | ascontiguous=3.6ms numpy_to_vtk=1.6ms | shape=(194, 353, 105) bytes=13.7MB downsampled=False
18:22:42.398 [background-load] comp=2 gen=40 total=317.2ms |  | channels=1 stage=1/1 queue_wait=173ms
18:22:42.539 [apply-main] comp=2 channels=1 total=40.9ms | gpu-upload[ch0]=0.3ms render=40.3ms | end_to_end_latency=631ms
18:22:42.982 [load] comp=4 ch=0 roi=(0:681,0:344) total=0.0ms |  | src=MEM-HIT bytes=86.7MB shape=(194, 344, 681) mem=mem-cache[hits=3 misses=12 rate=20% evict=0 entries=12 size=960.0MB]
18:22:43.029 [vtk-image] view=main total=47.0ms | ascontiguous=35.9ms numpy_to_vtk=10.9ms | shape=(194, 344, 681) bytes=86.7MB downsampled=False
18:22:43.032 [background-load] comp=4 gen=43 total=50.1ms |  | channels=1 stage=1/1 queue_wait=209ms
18:22:43.253 [apply-main] comp=4 channels=1 total=170.2ms | gpu-upload[ch0]=0.2ms render=169.8ms | end_to_end_latency=480ms
18:22:44.566 [load] comp=4 ch=0 roi=(680:681,63:332) total=183.7ms | dask-build=1.3ms compute=182.3ms | src=DISK bytes=101.9KB shape=(194, 269, 1) fetch=chunks(disk=194,remote=0) downloaded=0.0B mem=mem-cache[hits=3 misses=13 rate=19% evict=0 entries=13 size=960.1MB] disk=disk-cache[hits=3304 misses(remote)=12 rate=100% evict=0 size=0.0B/8.0GB keys=0]
18:22:44.567 [vtk-image] view=main total=0.3ms | ascontiguous=0.1ms numpy_to_vtk=0.2ms | shape=(194, 269, 1) bytes=101.9KB downsampled=False
18:22:44.567 [background-load] comp=4 gen=46 total=184.4ms |  | channels=1 stage=1/1 queue_wait=214ms
18:22:44.606 [apply-main] comp=4 channels=1 total=21.0ms | gpu-upload[ch0]=0.3ms render=20.4ms | end_to_end_latency=437ms
18:22:45.817 [load] comp=4 ch=0 roi=(0:681,0:261) total=249.1ms | dask-build=1.2ms compute=247.8ms | src=DISK bytes=65.8MB shape=(194, 261, 681) fetch=chunks(disk=194,remote=0) downloaded=0.0B mem=mem-cache[hits=3 misses=14 rate=18% evict=0 entries=14 size=1.0GB] disk=disk-cache[hits=3498 misses(remote)=12 rate=100% evict=0 size=0.0B/8.0GB keys=0]
18:22:45.860 [vtk-image] view=main total=41.8ms | ascontiguous=26.9ms numpy_to_vtk=14.7ms | shape=(194, 261, 681) bytes=65.8MB downsampled=False
18:22:45.865 [background-load] comp=4 gen=47 total=297.1ms |  | channels=1 stage=1/1 queue_wait=213ms
18:22:46.031 [apply-main] comp=4 channels=1 total=126.5ms | gpu-upload[ch0]=0.1ms render=126.2ms | end_to_end_latency=676ms
18:22:46.282 [load] comp=6 ch=0 roi=(0:170,0:86) total=0.1ms |  | src=MEM-HIT bytes=5.4MB shape=(194, 86, 170) mem=mem-cache[hits=4 misses=14 rate=22% evict=0 entries=14 size=1.0GB]
18:22:46.287 [vtk-image] view=main total=3.9ms | ascontiguous=2.6ms numpy_to_vtk=1.2ms | shape=(194, 86, 170) bytes=5.4MB downsampled=False
18:22:46.287 [background-load] comp=6 gen=52 total=4.5ms |  | channels=1 stage=1/1 queue_wait=184ms
18:22:46.430 [apply-main] comp=6 channels=1 total=33.4ms | gpu-upload[ch0]=0.3ms render=32.9ms | end_to_end_latency=331ms
18:22:54.415 [load] comp=4 ch=0 roi=(0:624,0:344) total=230.7ms | dask-build=1.3ms compute=229.2ms | src=DISK bytes=79.4MB shape=(194, 344, 624) fetch=chunks(disk=194,remote=0) downloaded=0.0B mem=mem-cache[hits=4 misses=15 rate=21% evict=0 entries=15 size=1.1GB] disk=disk-cache[hits=3692 misses(remote)=12 rate=100% evict=0 size=0.0B/8.0GB keys=0]
18:22:54.453 [vtk-image] view=main total=37.4ms | ascontiguous=24.3ms numpy_to_vtk=13.0ms | shape=(194, 344, 624) bytes=79.4MB downsampled=False
18:22:54.456 [background-load] comp=4 gen=56 total=271.4ms |  | channels=1 stage=1/1 queue_wait=158ms
18:22:54.637 [apply-main] comp=4 channels=1 total=119.9ms | gpu-upload[ch0]=0.1ms render=119.6ms | end_to_end_latency=610ms
18:23:02.129 [load] comp=4 ch=3 roi=(0:624,0:344) total=372.3ms | dask-build=1.1ms compute=371.1ms | src=DISK bytes=79.4MB shape=(194, 344, 624) fetch=chunks(disk=194,remote=0) downloaded=0.0B mem=mem-cache[hits=4 misses=16 rate=20% evict=0 entries=16 size=1.2GB] disk=disk-cache[hits=3886 misses(remote)=12 rate=100% evict=0 size=0.0B/8.0GB keys=0]
18:23:02.191 [vtk-image] view=main total=61.1ms | ascontiguous=28.0ms numpy_to_vtk=33.0ms | shape=(194, 344, 624) bytes=79.4MB downsampled=False
18:23:23.538 [load] comp=4 ch=13 roi=(0:624,0:344) total=487.6ms | dask-build=0.8ms compute=486.5ms | src=DISK bytes=79.4MB shape=(194, 344, 624) fetch=chunks(disk=194,remote=0) downloaded=0.0B mem=mem-cache[hits=4 misses=17 rate=19% evict=0 entries=17 size=1.2GB] disk=disk-cache[hits=4080 misses(remote)=12 rate=100% evict=0 size=0.0B/8.0GB keys=0]
18:23:23.622 [vtk-image] view=main total=82.4ms | ascontiguous=33.0ms numpy_to_vtk=49.2ms | shape=(194, 344, 624) bytes=79.4MB downsampled=False
18:23:29.831 [load] comp=2 ch=0 roi=(880:1721,443:931) total=861.7ms | dask-build=1.5ms compute=860.1ms | src=DISK bytes=151.9MB shape=(194, 488, 841) fetch=chunks(disk=388,remote=0) downloaded=0.0B mem=mem-cache[hits=4 misses=18 rate=18% evict=0 entries=18 size=1.4GB] disk=disk-cache[hits=4468 misses(remote)=12 rate=100% evict=0 size=0.0B/8.0GB keys=0]
18:23:29.924 [vtk-image] view=main total=92.9ms | ascontiguous=66.0ms numpy_to_vtk=26.7ms | shape=(194, 488, 841) bytes=151.9MB downsampled=False
18:23:30.842 [load] comp=2 ch=3 roi=(880:1721,443:931) total=906.5ms | dask-build=1.3ms compute=905.1ms | src=DISK bytes=151.9MB shape=(194, 488, 841) fetch=chunks(disk=388,remote=0) downloaded=0.0B mem=mem-cache[hits=4 misses=19 rate=17% evict=0 entries=19 size=1.5GB] disk=disk-cache[hits=4856 misses(remote)=12 rate=100% evict=0 size=0.0B/8.0GB keys=0]
18:23:30.918 [vtk-image] view=main total=76.3ms | ascontiguous=48.8ms numpy_to_vtk=27.4ms | shape=(194, 488, 841) bytes=151.9MB downsampled=False
18:24:05.611 [load] comp=2 ch=13 roi=(880:1721,443:931) total=34683.5ms | dask-build=1.1ms compute=34682.2ms | src=REMOTE bytes=151.9MB shape=(194, 488, 841) fetch=chunks(disk=0,remote=388) downloaded=147.4MB mem=mem-cache[hits=4 misses=20 rate=17% evict=0 entries=20 size=1.7GB] disk=disk-cache[hits=4856 misses(remote)=400 rate=92% evict=0 size=147.4MB/8.0GB keys=388]
18:24:05.695 [vtk-image] view=main total=83.9ms | ascontiguous=56.5ms numpy_to_vtk=27.3ms | shape=(194, 488, 841) bytes=151.9MB downsampled=False
18:24:05.996 [load] comp=3 ch=0 roi=(499:755,225:372) total=257.0ms | dask-build=1.1ms compute=255.8ms | src=DISK bytes=13.9MB shape=(194, 147, 256) fetch=chunks(disk=194,remote=0) downloaded=0.0B mem=mem-cache[hits=4 misses=21 rate=16% evict=0 entries=21 size=1.7GB] disk=disk-cache[hits=5050 misses(remote)=400 rate=93% evict=0 size=147.4MB/8.0GB keys=388]
18:24:06.002 [vtk-image] view=main total=5.9ms | ascontiguous=4.1ms numpy_to_vtk=1.8ms | shape=(194, 147, 256) bytes=13.9MB downsampled=False
18:24:06.371 [load] comp=3 ch=3 roi=(499:755,225:372) total=368.4ms | dask-build=0.9ms compute=367.4ms | src=DISK bytes=13.9MB shape=(194, 147, 256) fetch=chunks(disk=194,remote=0) downloaded=0.0B mem=mem-cache[hits=4 misses=22 rate=15% evict=0 entries=22 size=1.7GB] disk=disk-cache[hits=5244 misses(remote)=400 rate=93% evict=0 size=147.4MB/8.0GB keys=388]
18:24:06.378 [vtk-image] view=main total=7.3ms | ascontiguous=5.0ms numpy_to_vtk=2.2ms | shape=(194, 147, 256) bytes=13.9MB downsampled=False
18:24:06.793 [load] comp=3 ch=13 roi=(499:755,225:372) total=413.7ms | dask-build=1.1ms compute=412.5ms | src=DISK bytes=13.9MB shape=(194, 147, 256) fetch=chunks(disk=194,remote=0) downloaded=0.0B mem=mem-cache[hits=4 misses=23 rate=15% evict=0 entries=23 size=1.7GB] disk=disk-cache[hits=5438 misses(remote)=400 rate=93% evict=0 size=147.4MB/8.0GB keys=388]
18:24:06.799 [vtk-image] view=main total=5.9ms | ascontiguous=4.1ms numpy_to_vtk=1.8ms | shape=(194, 147, 256) bytes=13.9MB downsampled=False
18:24:06.800 [background-load] comp=3 gen=88 total=1061.1ms |  | channels=3 stage=1/2 queue_wait=14464ms
18:24:07.043 [apply-main] comp=3 channels=3 total=222.2ms | gpu-upload[ch0]=0.1ms gpu-upload[ch3]=0.1ms gpu-upload[ch13]=0.1ms render=221.8ms | end_to_end_latency=15768ms
18:24:08.256 [load] comp=1 ch=0 roi=(1999:3019,900:1488) total=1456.7ms | dask-build=3.2ms compute=1453.4ms | src=DISK bytes=221.9MB shape=(194, 588, 1020) fetch=chunks(disk=776,remote=0) downloaded=0.0B mem=mem-cache[hits=4 misses=24 rate=14% evict=0 entries=24 size=1.9GB] disk=disk-cache[hits=6214 misses(remote)=400 rate=94% evict=0 size=147.4MB/8.0GB keys=388]
18:24:08.397 [vtk-image] view=main total=139.6ms | ascontiguous=82.0ms numpy_to_vtk=57.4ms | shape=(194, 588, 1020) bytes=221.9MB downsampled=False
18:24:36.881 [load] comp=1 ch=3 roi=(1999:3019,900:1488) total=28473.4ms | dask-build=3.5ms compute=28469.7ms | src=MIXED bytes=221.9MB shape=(194, 588, 1020) fetch=chunks(disk=388,remote=388) downloaded=289.0MB mem=mem-cache[hits=4 misses=25 rate=14% evict=0 entries=25 size=2.2GB] disk=disk-cache[hits=6602 misses(remote)=788 rate=89% evict=0 size=436.3MB/8.0GB keys=776]
18:24:37.047 [vtk-image] view=main total=154.9ms | ascontiguous=97.0ms numpy_to_vtk=57.8ms | shape=(194, 588, 1020) bytes=221.9MB downsampled=False
18:24:37.126 [load] comp=4 ch=0 roi=(0:681,0:344) total=0.1ms |  | src=MEM-HIT bytes=86.7MB shape=(194, 344, 681) mem=mem-cache[hits=5 misses=25 rate=17% evict=0 entries=25 size=2.2GB]
18:24:37.180 [vtk-image] view=main total=54.1ms | ascontiguous=43.5ms numpy_to_vtk=10.5ms | shape=(194, 344, 681) bytes=86.7MB downsampled=False
18:24:37.531 [load] comp=4 ch=3 roi=(0:681,0:344) total=348.0ms | dask-build=0.9ms compute=347.0ms | src=DISK bytes=86.7MB shape=(194, 344, 681) fetch=chunks(disk=194,remote=0) downloaded=0.0B mem=mem-cache[hits=5 misses=26 rate=16% evict=0 entries=26 size=2.2GB] disk=disk-cache[hits=6796 misses(remote)=788 rate=90% evict=0 size=436.3MB/8.0GB keys=776]
18:24:37.586 [vtk-image] view=main total=55.1ms | ascontiguous=37.3ms numpy_to_vtk=17.7ms | shape=(194, 344, 681) bytes=86.7MB downsampled=False
18:24:37.894 [load] comp=4 ch=13 roi=(0:681,0:344) total=301.7ms | dask-build=2.3ms compute=299.0ms | src=DISK bytes=86.7MB shape=(194, 344, 681) fetch=chunks(disk=194,remote=0) downloaded=0.0B mem=mem-cache[hits=5 misses=27 rate=16% evict=0 entries=27 size=2.3GB] disk=disk-cache[hits=6990 misses(remote)=788 rate=90% evict=0 size=436.3MB/8.0GB keys=776]
18:24:37.948 [vtk-image] view=main total=53.8ms | ascontiguous=32.2ms numpy_to_vtk=21.5ms | shape=(194, 344, 681) bytes=86.7MB downsampled=False
18:24:37.957 [background-load] comp=4 gen=99 total=831.0ms |  | channels=3 stage=1/1 queue_wait=244ms
18:24:38.593 [apply-main] comp=4 channels=3 total=569.0ms | gpu-upload[ch0]=0.2ms gpu-upload[ch3]=0.1ms gpu-upload[ch13]=0.1ms render=568.4ms | end_to_end_latency=1711ms
18:24:39.689 [load] comp=5 ch=0 roi=(0:340,0:172) total=201.4ms | dask-build=1.2ms compute=200.1ms | src=DISK bytes=21.6MB shape=(194, 172, 340) fetch=chunks(disk=194,remote=0) downloaded=0.0B mem=mem-cache[hits=5 misses=28 rate=15% evict=0 entries=28 size=2.3GB] disk=disk-cache[hits=7184 misses(remote)=788 rate=90% evict=0 size=436.3MB/8.0GB keys=776]
18:24:39.705 [vtk-image] view=main total=16.3ms | ascontiguous=10.7ms numpy_to_vtk=5.5ms | shape=(194, 172, 340) bytes=21.6MB downsampled=False
18:24:40.105 [load] comp=5 ch=3 roi=(0:340,0:172) total=398.4ms | dask-build=1.0ms compute=397.3ms | src=DISK bytes=21.6MB shape=(194, 172, 340) fetch=chunks(disk=194,remote=0) downloaded=0.0B mem=mem-cache[hits=5 misses=29 rate=15% evict=0 entries=29 size=2.4GB] disk=disk-cache[hits=7378 misses(remote)=788 rate=90% evict=0 size=436.3MB/8.0GB keys=776]
18:24:40.127 [vtk-image] view=main total=21.3ms | ascontiguous=10.4ms numpy_to_vtk=10.8ms | shape=(194, 172, 340) bytes=21.6MB downsampled=False
18:24:40.707 [load] comp=3 ch=0 roi=(290:1018,79:496) total=435.4ms | dask-build=1.1ms compute=434.2ms | src=DISK bytes=112.3MB shape=(194, 417, 728) fetch=chunks(disk=194,remote=0) downloaded=0.0B mem=mem-cache[hits=5 misses=30 rate=14% evict=0 entries=30 size=2.5GB] disk=disk-cache[hits=7572 misses(remote)=788 rate=91% evict=0 size=436.3MB/8.0GB keys=776]
18:24:40.811 [vtk-image] view=main total=84.5ms | ascontiguous=50.1ms numpy_to_vtk=34.3ms | shape=(194, 417, 728) bytes=112.3MB downsampled=False
18:24:41.589 [load] comp=2 ch=0 roi=(942:1658,375:786) total=647.8ms | dask-build=2.3ms compute=645.4ms | src=DISK bytes=108.9MB shape=(194, 411, 716) fetch=chunks(disk=388,remote=0) downloaded=0.0B mem=mem-cache[hits=5 misses=31 rate=14% evict=0 entries=31 size=2.6GB] disk=disk-cache[hits=7960 misses(remote)=788 rate=91% evict=0 size=436.3MB/8.0GB keys=776]
18:24:41.667 [vtk-image] view=main total=77.2ms | ascontiguous=45.7ms numpy_to_vtk=31.5ms | shape=(194, 411, 716) bytes=108.9MB downsampled=False
18:24:42.598 [load] comp=2 ch=3 roi=(942:1658,375:786) total=922.8ms | dask-build=1.8ms compute=920.8ms | src=DISK bytes=108.9MB shape=(194, 411, 716) fetch=chunks(disk=388,remote=0) downloaded=0.0B mem=mem-cache[hits=5 misses=32 rate=14% evict=0 entries=32 size=2.7GB] disk=disk-cache[hits=8348 misses(remote)=788 rate=91% evict=0 size=436.3MB/8.0GB keys=776]
18:24:42.657 [vtk-image] view=main total=59.0ms | ascontiguous=32.3ms numpy_to_vtk=26.6ms | shape=(194, 411, 716) bytes=108.9MB downsampled=False
18:24:43.004 [load] comp=3 ch=0 roi=(556:741,238:345) total=316.5ms | dask-build=1.2ms compute=264.1ms | src=DISK bytes=7.3MB shape=(194, 107, 185) fetch=chunks(disk=194,remote=0) downloaded=0.0B mem=mem-cache[hits=5 misses=33 rate=13% evict=16 entries=17 size=1.5GB] disk=disk-cache[hits=8542 misses(remote)=788 rate=92% evict=0 size=436.3MB/8.0GB keys=776]
18:24:43.010 [vtk-image] view=main total=4.8ms | ascontiguous=3.4ms numpy_to_vtk=1.3ms | shape=(194, 107, 185) bytes=7.3MB downsampled=False
18:24:43.304 [load] comp=3 ch=3 roi=(556:741,238:345) total=294.1ms | dask-build=1.0ms compute=293.1ms | src=DISK bytes=7.3MB shape=(194, 107, 185) fetch=chunks(disk=194,remote=0) downloaded=0.0B mem=mem-cache[hits=5 misses=34 rate=13% evict=16 entries=18 size=1.5GB] disk=disk-cache[hits=8736 misses(remote)=788 rate=92% evict=0 size=436.3MB/8.0GB keys=776]
18:24:43.308 [vtk-image] view=main total=3.4ms | ascontiguous=2.2ms numpy_to_vtk=1.1ms | shape=(194, 107, 185) bytes=7.3MB downsampled=False
18:24:43.555 [load] comp=3 ch=13 roi=(556:741,238:345) total=246.8ms | dask-build=0.8ms compute=245.8ms | src=DISK bytes=7.3MB shape=(194, 107, 185) fetch=chunks(disk=194,remote=0) downloaded=0.0B mem=mem-cache[hits=5 misses=35 rate=12% evict=16 entries=19 size=1.6GB] disk=disk-cache[hits=8930 misses(remote)=788 rate=92% evict=0 size=436.3MB/8.0GB keys=776]
18:24:43.561 [vtk-image] view=main total=5.4ms | ascontiguous=3.2ms numpy_to_vtk=2.1ms | shape=(194, 107, 185) bytes=7.3MB downsampled=False
18:24:43.561 [background-load] comp=3 gen=112 total=873.3ms |  | channels=3 stage=1/2 queue_wait=265ms
18:24:43.815 [apply-main] comp=3 channels=3 total=112.1ms | gpu-upload[ch0]=0.1ms gpu-upload[ch3]=0.0ms gpu-upload[ch13]=0.0ms render=111.7ms | end_to_end_latency=1393ms
18:24:44.398 [load] comp=1 ch=0 roi=(2224:2962,955:1378) total=836.4ms | dask-build=1.6ms compute=834.6ms | src=DISK bytes=115.5MB shape=(194, 423, 738) fetch=chunks(disk=388,remote=0) downloaded=0.0B mem=mem-cache[hits=5 misses=36 rate=12% evict=16 entries=20 size=1.7GB] disk=disk-cache[hits=9318 misses(remote)=788 rate=92% evict=0 size=436.3MB/8.0GB keys=776]
18:24:44.452 [vtk-image] view=main total=53.1ms | ascontiguous=36.3ms numpy_to_vtk=16.7ms | shape=(194, 423, 738) bytes=115.5MB downsampled=False
18:24:45.638 [load] comp=1 ch=3 roi=(2224:2962,955:1378) total=1182.0ms | dask-build=2.0ms compute=1179.9ms | src=DISK bytes=115.5MB shape=(194, 423, 738) fetch=chunks(disk=388,remote=0) downloaded=0.0B mem=mem-cache[hits=5 misses=37 rate=12% evict=16 entries=21 size=1.8GB] disk=disk-cache[hits=9706 misses(remote)=788 rate=92% evict=0 size=436.3MB/8.0GB keys=776]
18:24:45.713 [vtk-image] view=main total=74.5ms | ascontiguous=55.3ms numpy_to_vtk=19.1ms | shape=(194, 423, 738) bytes=115.5MB downsampled=False
