# BioSET profiling started 2026-06-30T18:38:13
18:38:24.086 [load] comp=6 ch=0 roi=(0:170,0:86) total=199.1ms | dask-build=0.9ms compute=198.1ms | src=DISK bytes=5.4MB shape=(194, 86, 170) fetch=chunks(disk=194,remote=0) downloaded=0.0B mem=mem-cache[hits=0 misses=1 rate=0% evict=0 entries=1 size=5.4MB] disk=disk-cache[hits=195 misses(remote)=2 rate=99% evict=0 size=0.0B/8.0GB keys=0]
18:38:24.090 [vtk-image] view=main total=3.9ms | ascontiguous=1.9ms numpy_to_vtk=1.9ms | shape=(194, 86, 170) bytes=5.4MB downsampled=False
18:38:27.151 [load] comp=5 ch=0 roi=(64:274,27:143) total=210.9ms | dask-build=0.7ms compute=210.2ms | src=DISK bytes=9.0MB shape=(194, 116, 210) fetch=chunks(disk=194,remote=0) downloaded=0.0B mem=mem-cache[hits=0 misses=2 rate=0% evict=0 entries=2 size=14.4MB] disk=disk-cache[hits=392 misses(remote)=8 rate=98% evict=0 size=0.0B/8.0GB keys=0]
18:38:27.158 [vtk-image] view=main total=5.8ms | ascontiguous=3.3ms numpy_to_vtk=2.4ms | shape=(194, 116, 210) bytes=9.0MB downsampled=False
18:38:27.159 [background-load] comp=5 gen=5 total=219.9ms |  | channels=1 stage=1/2 queue_wait=694ms
18:38:27.205 [apply-main] comp=5 channels=1 total=0.2ms | gpu-upload[ch0]=0.2ms | end_to_end_latency=959ms
18:38:27.881 [load] comp=3 ch=0 roi=(259:1093,111:569) total=721.0ms | dask-build=1.9ms compute=719.0ms | src=MIXED bytes=141.3MB shape=(194, 458, 834) fetch=chunks(disk=389,remote=2) downloaded=0.0B mem=mem-cache[hits=0 misses=3 rate=0% evict=0 entries=3 size=155.8MB] disk=disk-cache[hits=781 misses(remote)=10 rate=99% evict=0 size=0.0B/8.0GB keys=0]
18:38:27.953 [vtk-image] view=main total=71.9ms | ascontiguous=53.8ms numpy_to_vtk=18.0ms | shape=(194, 458, 834) bytes=141.3MB downsampled=False
18:38:28.892 [load] comp=4 ch=0 roi=(237:439,114:226) total=438.6ms | dask-build=1.0ms compute=437.5ms | src=MIXED bytes=8.4MB shape=(194, 112, 202) fetch=chunks(disk=195,remote=2) downloaded=0.0B mem=mem-cache[hits=0 misses=4 rate=0% evict=0 entries=4 size=164.1MB] disk=disk-cache[hits=976 misses(remote)=12 rate=99% evict=0 size=0.0B/8.0GB keys=0]
18:38:28.896 [vtk-image] view=main total=3.7ms | ascontiguous=2.4ms numpy_to_vtk=1.2ms | shape=(194, 112, 202) bytes=8.4MB downsampled=False
18:38:29.941 [load] comp=3 ch=0 roi=(575:777,284:396) total=602.6ms | dask-build=1.1ms compute=601.5ms | src=DISK bytes=8.4MB shape=(194, 112, 202) fetch=chunks(disk=194,remote=0) downloaded=0.0B mem=mem-cache[hits=0 misses=5 rate=0% evict=0 entries=5 size=172.5MB] disk=disk-cache[hits=1170 misses(remote)=12 rate=99% evict=0 size=0.0B/8.0GB keys=0]
18:38:29.947 [vtk-image] view=main total=5.8ms | ascontiguous=3.6ms numpy_to_vtk=2.1ms | shape=(194, 112, 202) bytes=8.4MB downsampled=False
18:38:30.202 [load] comp=3 ch=0 roi=(612:740,304:376) total=242.5ms | dask-build=1.7ms compute=240.8ms | src=DISK bytes=3.4MB shape=(194, 72, 128) fetch=chunks(disk=194,remote=0) downloaded=0.0B mem=mem-cache[hits=0 misses=6 rate=0% evict=0 entries=6 size=175.9MB] disk=disk-cache[hits=1364 misses(remote)=12 rate=99% evict=0 size=0.0B/8.0GB keys=0]
18:38:30.204 [vtk-image] view=main total=1.5ms | ascontiguous=0.9ms numpy_to_vtk=0.5ms | shape=(194, 72, 128) bytes=3.4MB downsampled=False
18:38:30.204 [background-load] comp=3 gen=16 total=244.6ms |  | channels=1 stage=1/2 queue_wait=236ms
18:38:30.289 [apply-main] comp=3 channels=1 total=0.3ms | gpu-upload[ch0]=0.2ms | end_to_end_latency=565ms
18:38:30.709 [load] comp=1 ch=0 roi=(2448:2960,1216:1503) total=504.2ms | dask-build=0.7ms compute=503.4ms | src=DISK bytes=54.4MB shape=(194, 287, 512) fetch=chunks(disk=194,remote=0) downloaded=0.0B mem=mem-cache[hits=0 misses=7 rate=0% evict=0 entries=7 size=230.3MB] disk=disk-cache[hits=1558 misses(remote)=12 rate=99% evict=0 size=0.0B/8.0GB keys=0]
18:38:30.737 [vtk-image] view=main total=27.7ms | ascontiguous=20.8ms numpy_to_vtk=6.8ms | shape=(194, 287, 512) bytes=54.4MB downsampled=False
18:38:30.739 [background-load] comp=1 gen=16 total=534.5ms |  | channels=1 stage=2/2 queue_wait=480ms
18:38:30.756 [apply-main] comp=1 channels=1 total=0.2ms | gpu-upload[ch0]=0.1ms | end_to_end_latency=1032ms
18:38:32.589 [load] comp=1 ch=0 roi=(2408:3000,1195:1525) total=517.6ms | dask-build=1.2ms compute=516.3ms | src=DISK bytes=72.3MB shape=(194, 330, 592) fetch=chunks(disk=194,remote=0) downloaded=0.0B mem=mem-cache[hits=0 misses=8 rate=0% evict=0 entries=8 size=302.6MB] disk=disk-cache[hits=1752 misses(remote)=12 rate=99% evict=0 size=0.0B/8.0GB keys=0]
18:38:32.617 [vtk-image] view=main total=27.7ms | ascontiguous=20.0ms numpy_to_vtk=7.6ms | shape=(194, 330, 592) bytes=72.3MB downsampled=False
18:38:33.435 [load] comp=1 ch=0 roi=(2144:3264,1055:1665) total=764.7ms | dask-build=1.9ms compute=762.7ms | src=DISK bytes=252.8MB shape=(194, 610, 1120) fetch=chunks(disk=388,remote=0) downloaded=0.0B mem=mem-cache[hits=0 misses=9 rate=0% evict=0 entries=9 size=555.4MB] disk=disk-cache[hits=2140 misses(remote)=12 rate=99% evict=0 size=0.0B/8.0GB keys=0]
18:38:33.548 [vtk-image] view=main total=112.1ms | ascontiguous=81.7ms numpy_to_vtk=30.3ms | shape=(194, 610, 1120) bytes=252.8MB downsampled=False
18:38:34.377 [load] comp=2 ch=0 roi=(873:1831,418:942) total=812.3ms | dask-build=1.5ms compute=810.7ms | src=DISK bytes=185.7MB shape=(194, 524, 958) fetch=chunks(disk=388,remote=0) downloaded=0.0B mem=mem-cache[hits=0 misses=10 rate=0% evict=0 entries=10 size=741.1MB] disk=disk-cache[hits=2528 misses(remote)=12 rate=100% evict=0 size=0.0B/8.0GB keys=0]
18:38:34.477 [vtk-image] view=main total=98.7ms | ascontiguous=70.2ms numpy_to_vtk=28.4ms | shape=(194, 524, 958) bytes=185.7MB downsampled=False
18:38:34.521 [load] comp=3 ch=0 roi=(259:1093,111:569) total=0.1ms |  | src=MEM-HIT bytes=141.3MB shape=(194, 458, 834) mem=mem-cache[hits=1 misses=10 rate=9% evict=0 entries=10 size=741.1MB]
18:38:34.589 [vtk-image] view=main total=67.7ms | ascontiguous=48.0ms numpy_to_vtk=19.6ms | shape=(194, 458, 834) bytes=141.3MB downsampled=False
18:38:34.595 [background-load] comp=3 gen=27 total=73.6ms |  | channels=1 stage=1/1 queue_wait=278ms
18:38:34.623 [apply-main] comp=3 channels=1 total=0.3ms | gpu-upload[ch0]=0.2ms | end_to_end_latency=380ms
18:38:36.177 [load] comp=5 ch=0 roi=(0:340,0:172) total=251.0ms | dask-build=0.8ms compute=250.1ms | src=DISK bytes=21.6MB shape=(194, 172, 340) fetch=chunks(disk=194,remote=0) downloaded=0.0B mem=mem-cache[hits=1 misses=11 rate=8% evict=0 entries=11 size=762.8MB] disk=disk-cache[hits=2722 misses(remote)=12 rate=100% evict=0 size=0.0B/8.0GB keys=0]
18:38:36.187 [vtk-image] view=main total=9.6ms | ascontiguous=6.7ms numpy_to_vtk=2.8ms | shape=(194, 172, 340) bytes=21.6MB downsampled=False
18:38:36.472 [load] comp=6 ch=0 roi=(0:170,0:86) total=0.0ms |  | src=MEM-HIT bytes=5.4MB shape=(194, 86, 170) mem=mem-cache[hits=2 misses=11 rate=15% evict=0 entries=11 size=762.8MB]
18:38:36.476 [vtk-image] view=main total=3.7ms | ascontiguous=1.8ms numpy_to_vtk=1.7ms | shape=(194, 86, 170) bytes=5.4MB downsampled=False
18:38:36.477 [background-load] comp=6 gen=35 total=4.6ms |  | channels=1 stage=1/1 queue_wait=232ms
18:38:36.587 [apply-main] comp=6 channels=1 total=0.3ms | gpu-upload[ch0]=0.2ms | end_to_end_latency=347ms
18:38:48.312 [load] comp=6 ch=1 roi=(0:170,0:86) total=7648.5ms | dask-build=1.1ms compute=7647.3ms | src=REMOTE bytes=5.4MB shape=(194, 86, 170) fetch=chunks(disk=0,remote=194) downloaded=2.6MB mem=mem-cache[hits=2 misses=12 rate=14% evict=0 entries=12 size=768.2MB] disk=disk-cache[hits=2722 misses(remote)=206 rate=93% evict=0 size=2.6MB/8.0GB keys=194]
18:38:48.315 [vtk-image] view=main total=2.8ms | ascontiguous=1.9ms numpy_to_vtk=0.9ms | shape=(194, 86, 170) bytes=5.4MB downsampled=False
18:38:53.670 [load] comp=4 ch=0 roi=(0:681,0:344) total=632.0ms | dask-build=1.1ms compute=630.8ms | src=MIXED bytes=86.7MB shape=(194, 344, 681) fetch=chunks(disk=194,remote=20) downloaded=0.0B mem=mem-cache[hits=2 misses=14 rate=12% evict=0 entries=13 size=854.9MB] disk=disk-cache[hits=2916 misses(remote)=226 rate=93% evict=0 size=2.6MB/8.0GB keys=194]
18:38:53.705 [vtk-image] view=main total=34.3ms | ascontiguous=25.3ms numpy_to_vtk=8.9ms | shape=(194, 344, 681) bytes=86.7MB downsampled=False
18:38:53.823 [apply-main] comp=4 channels=1 total=0.2ms | gpu-upload[ch0]=0.2ms | end_to_end_latency=1091ms
18:39:08.048 [load] comp=4 ch=1 roi=(0:681,0:344) total=15008.5ms | dask-build=0.8ms compute=15007.6ms | src=MIXED bytes=86.7MB shape=(194, 344, 681) fetch=chunks(disk=194,remote=194) downloaded=41.2MB mem=mem-cache[hits=2 misses=14 rate=12% evict=0 entries=14 size=941.5MB] disk=disk-cache[hits=2916 misses(remote)=400 rate=88% evict=0 size=43.8MB/8.0GB keys=388]
18:39:08.232 [vtk-image] view=main total=89.7ms | ascontiguous=75.2ms numpy_to_vtk=14.3ms | shape=(194, 344, 681) bytes=86.7MB downsampled=False
18:39:08.291 [background-load] comp=4 gen=37 total=15252.9ms |  | channels=1 stage=1/1 queue_wait=306ms
18:39:10.374 [load] comp=2 ch=0 roi=(1012:1692,491:868) total=2020.9ms | dask-build=3.6ms compute=2017.3ms | src=MIXED bytes=94.9MB shape=(194, 377, 680) fetch=chunks(disk=388,remote=20) downloaded=0.0B mem=mem-cache[hits=2 misses=16 rate=11% evict=0 entries=15 size=1.0GB] disk=disk-cache[hits=3304 misses(remote)=420 rate=89% evict=0 size=43.8MB/8.0GB keys=388]
18:39:10.427 [vtk-image] view=main total=52.7ms | ascontiguous=36.7ms numpy_to_vtk=15.9ms | shape=(194, 377, 680) bytes=94.9MB downsampled=False
18:39:10.923 [load] comp=3 ch=0 roi=(557:795,275:405) total=482.2ms | dask-build=1.4ms compute=480.6ms | src=MIXED bytes=11.4MB shape=(194, 130, 238) fetch=chunks(disk=194,remote=20) downloaded=0.0B mem=mem-cache[hits=2 misses=18 rate=10% evict=0 entries=16 size=1.0GB] disk=disk-cache[hits=3498 misses(remote)=440 rate=89% evict=0 size=43.8MB/8.0GB keys=388]
18:39:10.930 [vtk-image] view=main total=6.1ms | ascontiguous=4.2ms numpy_to_vtk=1.8ms | shape=(194, 130, 238) bytes=11.4MB downsampled=False
18:39:10.982 [apply-main] comp=3 channels=1 total=0.2ms | gpu-upload[ch0]=0.1ms | end_to_end_latency=2337ms
18:39:58.082 [load] comp=3 ch=1 roi=(557:795,275:405) total=47639.5ms | dask-build=0.9ms compute=47638.5ms | src=MIXED bytes=11.4MB shape=(194, 130, 238) fetch=chunks(disk=194,remote=562) downloaded=516.0MB mem=mem-cache[hits=2 misses=18 rate=10% evict=0 entries=17 size=1.0GB] disk=disk-cache[hits=3498 misses(remote)=982 rate=78% evict=0 size=559.8MB/8.0GB keys=969]
18:39:58.088 [vtk-image] view=main total=5.5ms | ascontiguous=3.7ms numpy_to_vtk=1.7ms | shape=(194, 130, 238) bytes=11.4MB downsampled=False
18:39:58.089 [background-load] comp=3 gen=82 total=47648.1ms |  | channels=1 stage=1/2 queue_wait=1796ms
18:39:58.112 [load] comp=5 ch=0 roi=(0:340,0:172) total=0.0ms |  | src=MEM-HIT bytes=21.6MB shape=(194, 172, 340) mem=mem-cache[hits=3 misses=19 rate=14% evict=0 entries=17 size=1.0GB]
18:39:58.140 [vtk-image] view=main total=28.1ms | ascontiguous=24.5ms numpy_to_vtk=3.5ms | shape=(194, 172, 340) bytes=21.6MB downsampled=False
18:39:58.211 [apply-main] comp=5 channels=1 total=0.3ms | gpu-upload[ch0]=0.2ms | end_to_end_latency=13192ms
18:40:06.728 [load] comp=5 ch=1 roi=(0:340,0:172) total=8617.8ms | dask-build=1.2ms compute=8616.5ms | src=REMOTE bytes=21.6MB shape=(194, 172, 340) fetch=chunks(disk=0,remote=194) downloaded=10.3MB mem=mem-cache[hits=3 misses=19 rate=14% evict=0 entries=18 size=1.1GB] disk=disk-cache[hits=3498 misses(remote)=1176 rate=75% evict=0 size=570.1MB/8.0GB keys=1163]
18:40:06.738 [vtk-image] view=main total=9.9ms | ascontiguous=7.4ms numpy_to_vtk=2.4ms | shape=(194, 172, 340) bytes=21.6MB downsampled=False
18:40:06.739 [background-load] comp=5 gen=153 total=8629.1ms |  | channels=2 stage=1/1 queue_wait=13090ms
18:40:06.844 [apply-main] comp=5 channels=1 total=0.2ms | gpu-upload[ch1]=0.2ms | end_to_end_latency=21825ms
18:40:32.358 [load] comp=2 ch=1 roi=(1012:1692,491:868) total=84006.9ms | dask-build=1.6ms compute=84005.2ms | src=MIXED bytes=94.9MB shape=(194, 377, 680) fetch=chunks(disk=582,remote=776) downloaded=528.4MB mem=mem-cache[hits=3 misses=19 rate=14% evict=0 entries=19 size=1.1GB] disk=disk-cache[hits=3498 misses(remote)=1176 rate=75% evict=0 size=572.1MB/8.0GB keys=1164]
18:40:32.395 [vtk-image] view=main total=36.3ms | ascontiguous=26.5ms numpy_to_vtk=9.8ms | shape=(194, 377, 680) bytes=94.9MB downsampled=False
18:43:11.101 [load] comp=3 ch=0 roi=(324:1031,133:535) total=2406.0ms | dask-build=1.7ms compute=2404.2ms | src=MIXED bytes=105.2MB shape=(194, 402, 707) fetch=chunks(disk=407,remote=20) downloaded=0.0B mem=mem-cache[hits=3 misses=21 rate=12% evict=0 entries=20 size=1.3GB] disk=disk-cache[hits=3905 misses(remote)=1196 rate=77% evict=0 size=572.1MB/8.0GB keys=1164]
18:43:11.148 [vtk-image] view=main total=46.7ms | ascontiguous=32.7ms numpy_to_vtk=13.9ms | shape=(194, 402, 707) bytes=105.2MB downsampled=False
18:43:11.155 [apply-main] comp=3 channels=1 total=0.2ms | gpu-upload[ch0]=0.2ms | end_to_end_latency=2744ms
18:43:21.319 [background-load] comp=3 gen=159 total=12624.4ms |  | channels=1 stage=1/1 queue_wait=284ms
