# BioSET profiling started 2026-07-15T01:13:08
01:13:17.000 [load] comp=6 ch=0 roi=(0:170,0:86) total=168.6ms | assemble=95.6ms | src=CHUNK bytes=5.4MB shape=(194, 86, 170) chunk=chunk-cache[hi:hits=0 miss=0 rate=0% evict=0 entries=0 size=0.0B | lo:entries=1 size=5.4MB evict=0] fetched=5.4MB] disk=disk-cache[hits=198 misses(remote)=6 rate=97% evict=0 size=0.0B/8.0GB keys=0]
01:13:17.002 [vtk-image] view=main total=2.3ms | ascontiguous=0.0ms numpy_to_vtk=2.2ms | shape=(194, 86, 170) bytes=5.4MB downsampled=False
01:13:20.008 [vtk-image] view=main total=72.9ms | ascontiguous=0.0ms downsample=67.7ms numpy_to_vtk=5.0ms | shape=(146, 259, 512) bytes=36.9MB downsampled=True
01:13:20.049 [apply-main] comp=4 channels=1 total=0.2ms | gpu-upload[ch0]=0.2ms | end_to_end_latency=1008ms hires=False capped=True
01:13:20.144 [render] kind=interactive total=95.6ms | gpu=75.3ms | 
01:13:20.337 [vtk-image] view=main total=61.0ms | ascontiguous=0.0ms downsample=56.7ms numpy_to_vtk=4.2ms | shape=(146, 259, 512) bytes=36.9MB downsampled=True
01:13:20.383 [apply-main] comp=4 channels=1 total=0.2ms | gpu-upload[ch0]=0.1ms | end_to_end_latency=1343ms hires=False capped=True
01:13:20.397 [vtk-image] view=main total=58.4ms | ascontiguous=0.0ms downsample=54.1ms numpy_to_vtk=4.2ms | shape=(146, 259, 512) bytes=36.9MB downsampled=True
01:13:20.400 [background-load] comp=4 gen=7 total=1175.8ms |  | channels=1 stage=1/2 queue_wait=184ms chunk=chunk-cache[hi:hits=0 miss=3 rate=0% evict=0 entries=1 size=86.7MB | lo:entries=1 size=5.4MB evict=0] fetched=92.1MB]
01:13:20.728 [render] kind=interactive total=344.8ms | gpu=322.5ms | 
01:13:20.853 [apply-main] comp=4 channels=1 total=0.3ms | gpu-upload[ch0]=0.2ms | end_to_end_latency=1812ms hires=False capped=True
01:13:20.908 [render] kind=interactive total=55.0ms | gpu=42.0ms | 
01:13:21.819 [vtk-image] view=main total=35.7ms | ascontiguous=0.0ms downsample=33.3ms numpy_to_vtk=2.2ms | shape=(48, 256, 512) bytes=12.0MB downsampled=True
01:13:21.915 [apply-main] comp=2 channels=1 total=0.2ms | gpu-upload[ch0]=0.2ms | end_to_end_latency=2874ms hires=False capped=True
01:13:21.948 [render] kind=interactive total=32.4ms | gpu=24.3ms | 
01:13:22.444 [vtk-image] view=main total=22.5ms | ascontiguous=0.0ms downsample=20.7ms numpy_to_vtk=1.7ms | shape=(48, 256, 512) bytes=12.0MB downsampled=True
01:13:22.506 [apply-main] comp=2 channels=1 total=0.3ms | gpu-upload[ch0]=0.2ms | end_to_end_latency=3465ms hires=False capped=True
01:13:22.513 [vtk-image] view=main total=23.7ms | ascontiguous=0.0ms downsample=21.4ms numpy_to_vtk=2.1ms | shape=(48, 256, 512) bytes=12.0MB downsampled=True
01:13:22.544 [render] kind=interactive total=38.1ms | gpu=21.4ms | 
01:13:22.547 [vtk-image] view=main total=32.4ms | ascontiguous=0.0ms downsample=30.2ms numpy_to_vtk=2.1ms | shape=(48, 256, 512) bytes=12.0MB downsampled=True
01:13:22.589 [background-load] comp=2 gen=7 total=2188.5ms |  | channels=1 stage=2/2 queue_wait=1359ms chunk=chunk-cache[hi:hits=1 miss=9 rate=10% evict=0 entries=3 size=862.7MB | lo:entries=1 size=5.4MB evict=0] fetched=868.1MB]
01:13:22.677 [apply-main] comp=2 channels=1 total=0.5ms | gpu-upload[ch0]=0.3ms | end_to_end_latency=3636ms hires=False capped=True
01:13:22.678 [apply-main] comp=2 channels=1 total=0.8ms | gpu-upload[ch0]=0.8ms | end_to_end_latency=3637ms hires=False capped=True
01:13:22.715 [render] kind=interactive total=37.6ms | gpu=21.4ms | 
01:13:24.367 [vtk-image] view=main total=81.8ms | ascontiguous=0.0ms numpy_to_vtk=81.8ms | shape=(194, 1024, 2048) bytes=776.0MB downsampled=False
01:13:24.498 [vtk-image] view=main total=87.6ms | ascontiguous=0.0ms numpy_to_vtk=87.5ms | shape=(194, 1024, 2048) bytes=776.0MB downsampled=False
01:13:24.542 [apply-main] comp=2 channels=1 total=0.2ms | gpu-upload[ch0]=0.2ms | end_to_end_latency=175ms hires=True capped=False
01:13:24.561 [apply-main] comp=2 channels=1 total=18.4ms | gpu-upload[ch0]=18.3ms | end_to_end_latency=63ms hires=True capped=False
01:13:25.380 [render] kind=interactive total=819.5ms | gpu=802.6ms | 
01:13:31.540 [background-load] comp=1 gen=13 total=5630.4ms |  | channels=1 stage=1/1 queue_wait=213ms chunk=chunk-cache[hi:hits=6 miss=14 rate=30% evict=0 entries=3 size=862.7MB | lo:entries=1 size=5.4MB evict=0] fetched=868.1MB]
01:14:04.411 [background-load] comp=0 gen=22 total=32641.0ms |  | channels=1 stage=1/1 queue_wait=153ms chunk=chunk-cache[hi:hits=8 miss=18 rate=31% evict=0 entries=3 size=862.7MB | lo:entries=1 size=5.4MB evict=0] fetched=868.1MB]
01:14:31.938 [background-load] comp=0 gen=26 total=27512.7ms |  | channels=1 stage=1/1 queue_wait=1042ms chunk=chunk-cache[hi:hits=10 miss=22 rate=31% evict=0 entries=3 size=862.7MB | lo:entries=1 size=5.4MB evict=0] fetched=868.1MB]
01:14:38.627 [vtk-image] view=main total=227.1ms | ascontiguous=1.0ms downsample=163.5ms numpy_to_vtk=62.3ms | shape=(97, 512, 512) bytes=48.5MB downsampled=True
01:14:43.707 [background-load] comp=1 gen=33 total=11412.8ms |  | channels=1 stage=1/1 queue_wait=7893ms chunk=chunk-cache[hi:hits=12 miss=26 rate=32% evict=1 entries=3 size=862.7MB | lo:entries=1 size=5.4MB evict=0] fetched=1.2GB]
01:14:43.916 [vtk-image] view=main total=77.0ms | ascontiguous=0.0ms downsample=71.1ms numpy_to_vtk=5.4ms | shape=(146, 259, 512) bytes=36.9MB downsampled=True
01:14:43.919 [background-load] comp=4 gen=41 total=159.2ms |  | channels=1 stage=1/1 queue_wait=473ms chunk=chunk-cache[hi:hits=13 miss=27 rate=32% evict=1 entries=3 size=862.7MB | lo:entries=1 size=5.4MB evict=0] fetched=1.2GB]
01:14:43.984 [apply-main] comp=4 channels=1 total=6.7ms | gpu-upload[ch0]=3.8ms | end_to_end_latency=697ms hires=False capped=True
01:14:44.122 [render] kind=interactive total=137.4ms | gpu=114.0ms | 
01:14:44.451 [vtk-image] view=main total=10.6ms | ascontiguous=0.0ms numpy_to_vtk=10.5ms | shape=(194, 344, 681) bytes=86.7MB downsampled=False
01:14:44.477 [apply-main] comp=4 channels=1 total=0.3ms | gpu-upload[ch0]=0.2ms | end_to_end_latency=25ms hires=True capped=False
01:14:44.626 [render] kind=interactive total=149.3ms | gpu=133.9ms | 
01:14:44.951 [render] kind=still total=100.0ms | gpu=58.4ms | 
01:14:47.155 [render] kind=still total=48.1ms | gpu=23.6ms | 
01:14:49.450 [background-load] comp=2 gen=44 total=1668.5ms |  | channels=1 stage=1/1 queue_wait=313ms chunk=chunk-cache[hi:hits=16 miss=32 rate=33% evict=1 entries=3 size=862.7MB | lo:entries=1 size=5.4MB evict=0] fetched=1.2GB]
01:14:50.206 [vtk-image] view=main total=74.6ms | ascontiguous=0.0ms downsample=69.1ms numpy_to_vtk=5.3ms | shape=(144, 512, 252) bytes=35.4MB downsampled=True
01:14:50.250 [apply-main] comp=3 channels=1 total=0.3ms | gpu-upload[ch0]=0.2ms | end_to_end_latency=1167ms hires=False capped=True
01:14:50.373 [render] kind=interactive total=122.8ms | gpu=99.3ms | 
01:14:50.527 [vtk-image] view=main total=55.3ms | ascontiguous=0.0ms downsample=51.2ms numpy_to_vtk=4.0ms | shape=(144, 512, 252) bytes=35.4MB downsampled=True
01:14:50.583 [vtk-image] view=main total=54.8ms | ascontiguous=0.0ms downsample=50.9ms numpy_to_vtk=3.7ms | shape=(144, 512, 252) bytes=35.4MB downsampled=True
01:14:50.586 [background-load] comp=3 gen=48 total=1008.6ms |  | channels=1 stage=1/2 queue_wait=495ms chunk=chunk-cache[hi:hits=17 miss=35 rate=33% evict=1 entries=4 size=949.0MB | lo:entries=1 size=5.4MB evict=0] fetched=1.3GB]
01:14:50.800 [apply-main] comp=3 channels=1 total=0.2ms | gpu-upload[ch0]=0.1ms | end_to_end_latency=1717ms hires=False capped=True
01:14:51.547 [apply-main] comp=3 channels=1 total=1.0ms | gpu-upload[ch0]=0.9ms | end_to_end_latency=2464ms hires=False capped=True
01:14:51.632 [render] kind=interactive total=79.5ms | gpu=59.8ms | 
01:14:55.143 [vtk-image] view=main total=42.9ms | ascontiguous=0.0ms downsample=40.2ms numpy_to_vtk=2.6ms | shape=(48, 512, 340) bytes=15.9MB downsampled=True
01:14:55.176 [apply-main] comp=1 channels=1 total=0.2ms | gpu-upload[ch0]=0.1ms | end_to_end_latency=6093ms hires=False capped=True
01:14:55.224 [render] kind=interactive total=46.2ms | gpu=37.1ms | 
01:14:56.621 [vtk-image] view=main total=32.2ms | ascontiguous=0.0ms downsample=30.2ms numpy_to_vtk=1.9ms | shape=(48, 512, 340) bytes=15.9MB downsampled=True
01:14:56.697 [apply-main] comp=1 channels=1 total=0.3ms | gpu-upload[ch0]=0.2ms | end_to_end_latency=7614ms hires=False capped=True
01:14:56.734 [render] kind=interactive total=37.3ms | gpu=26.6ms | 
01:15:04.293 [vtk-image] view=main total=38.3ms | ascontiguous=0.0ms downsample=35.3ms numpy_to_vtk=2.8ms | shape=(48, 512, 340) bytes=15.9MB downsampled=True
01:15:04.302 [apply-main] comp=1 channels=1 total=0.3ms | gpu-upload[ch0]=0.2ms | end_to_end_latency=15219ms hires=False capped=True
01:15:04.335 [render] kind=interactive total=32.5ms | gpu=32.4ms | 
01:15:09.439 [background-load] comp=1 gen=48 total=18852.8ms |  | channels=1 stage=2/2 queue_wait=1503ms chunk=chunk-cache[hi:hits=19 miss=45 rate=30% evict=3 entries=5 size=814.1MB | lo:entries=1 size=5.4MB evict=0] fetched=1.9GB]
01:15:15.029 [background-load] comp=1 gen=50 total=5483.6ms |  | channels=1 stage=1/1 queue_wait=2138ms chunk=chunk-cache[hi:hits=23 miss=51 rate=31% evict=5 entries=4 size=949.0MB | lo:entries=1 size=5.4MB evict=0] fetched=2.3GB]
01:15:20.320 [vtk-image] view=main total=46.7ms | ascontiguous=0.0ms downsample=43.5ms numpy_to_vtk=3.1ms | shape=(48, 512, 512) bytes=24.0MB downsampled=True
01:15:20.395 [apply-main] comp=1 channels=1 total=0.3ms | gpu-upload[ch0]=0.2ms | end_to_end_latency=9693ms hires=False capped=True
01:15:20.479 [render] kind=interactive total=83.6ms | gpu=65.1ms | 
01:15:21.114 [vtk-image] view=main total=49.6ms | ascontiguous=0.0ms downsample=46.2ms numpy_to_vtk=3.3ms | shape=(48, 512, 512) bytes=24.0MB downsampled=True
01:15:21.143 [apply-main] comp=1 channels=1 total=0.3ms | gpu-upload[ch0]=0.2ms | end_to_end_latency=10442ms hires=False capped=True
01:15:21.182 [render] kind=interactive total=39.1ms | gpu=28.5ms | 
01:15:21.212 [vtk-image] view=main total=54.4ms | ascontiguous=0.0ms downsample=51.2ms numpy_to_vtk=3.1ms | shape=(48, 512, 512) bytes=24.0MB downsampled=True
01:15:21.265 [vtk-image] view=main total=51.7ms | ascontiguous=0.0ms downsample=48.9ms numpy_to_vtk=2.7ms | shape=(48, 512, 512) bytes=24.0MB downsampled=True
01:15:21.309 [apply-main] comp=1 channels=1 total=0.2ms | gpu-upload[ch0]=0.1ms | end_to_end_latency=10608ms hires=False capped=True
01:15:21.310 [apply-main] comp=1 channels=1 total=0.7ms | gpu-upload[ch0]=0.6ms | end_to_end_latency=10609ms hires=False capped=True
01:15:21.310 [background-load] comp=1 gen=51 total=6168.9ms |  | channels=1 stage=1/1 queue_wait=4440ms chunk=chunk-cache[hi:hits=27 miss=59 rate=31% evict=9 entries=2 size=776.0MB | lo:entries=1 size=5.4MB evict=0] fetched=3.1GB]
01:15:21.348 [render] kind=interactive total=37.8ms | gpu=27.4ms | 
01:15:23.974 [vtk-image] view=main total=234.3ms | ascontiguous=0.0ms numpy_to_vtk=234.2ms | shape=(194, 2048, 2048) bytes=1.5GB downsampled=False
01:15:24.076 [apply-main] comp=1 channels=1 total=0.2ms | gpu-upload[ch0]=0.2ms | end_to_end_latency=102ms hires=True capped=False
01:15:25.029 [vtk-image] view=main total=172.2ms | ascontiguous=0.0ms numpy_to_vtk=172.1ms | shape=(194, 2048, 2048) bytes=1.5GB downsampled=False
01:15:25.828 [render] kind=interactive total=1751.7ms | gpu=1732.6ms | 
01:15:25.955 [apply-main] comp=1 channels=1 total=0.2ms | gpu-upload[ch0]=0.1ms | end_to_end_latency=926ms hires=True capped=False
01:15:26.930 [render] kind=interactive total=975.2ms | gpu=975.1ms | 
01:15:29.132 [vtk-image] view=main total=51.0ms | ascontiguous=0.0ms downsample=47.6ms numpy_to_vtk=3.3ms | shape=(48, 512, 512) bytes=24.0MB downsampled=True
01:15:29.166 [apply-main] comp=1 channels=1 total=0.2ms | gpu-upload[ch0]=0.1ms | end_to_end_latency=2218ms hires=False capped=True
01:15:29.265 [render] kind=interactive total=98.4ms | gpu=98.3ms | 
01:15:30.397 [vtk-image] view=main total=47.0ms | ascontiguous=0.0ms downsample=41.5ms numpy_to_vtk=5.4ms | shape=(48, 512, 512) bytes=24.0MB downsampled=True
01:15:30.411 [apply-main] comp=1 channels=1 total=0.4ms | gpu-upload[ch0]=0.3ms | end_to_end_latency=3463ms hires=False capped=True
01:15:30.504 [vtk-image] view=main total=54.6ms | ascontiguous=0.0ms downsample=51.4ms numpy_to_vtk=3.0ms | shape=(48, 512, 512) bytes=24.0MB downsampled=True
01:15:30.560 [render] kind=interactive total=148.2ms | gpu=129.2ms | 
01:15:30.642 [vtk-image] view=main total=82.2ms | ascontiguous=0.0ms downsample=77.7ms numpy_to_vtk=4.4ms | shape=(48, 512, 512) bytes=24.0MB downsampled=True
01:15:30.676 [apply-main] comp=1 channels=1 total=0.6ms | gpu-upload[ch0]=0.4ms | end_to_end_latency=3728ms hires=False capped=True
01:15:30.678 [apply-main] comp=1 channels=1 total=1.4ms | gpu-upload[ch0]=1.3ms | end_to_end_latency=3730ms hires=False capped=True
01:15:30.691 [vtk-image] view=main total=47.6ms | ascontiguous=0.0ms downsample=44.7ms numpy_to_vtk=2.7ms | shape=(48, 512, 512) bytes=24.0MB downsampled=True
01:15:30.773 [background-load] comp=1 gen=52 total=3594.3ms |  | channels=1 stage=1/1 queue_wait=230ms chunk=chunk-cache[hi:hits=29 miss=78 rate=27% evict=15 entries=2 size=776.0MB | lo:entries=1 size=5.4MB evict=0] fetched=5.3GB]
01:15:30.787 [render] kind=interactive total=109.0ms | gpu=95.0ms | 
01:15:30.898 [apply-main] comp=1 channels=1 total=0.4ms | gpu-upload[ch0]=0.3ms | end_to_end_latency=3950ms hires=False capped=True
01:15:30.945 [render] kind=interactive total=46.4ms | gpu=35.8ms | 
01:15:35.017 [vtk-image] view=main total=39.0ms | ascontiguous=0.0ms downsample=37.2ms numpy_to_vtk=1.7ms | shape=(48, 256, 512) bytes=12.0MB downsampled=True
01:15:35.044 [background-load] comp=1 gen=53 total=1834.8ms |  | channels=1 stage=1/1 queue_wait=240ms chunk=chunk-cache[hi:hits=30 miss=88 rate=25% evict=15 entries=2 size=776.0MB | lo:entries=1 size=5.4MB evict=0] fetched=5.3GB]
01:15:37.004 [vtk-image] view=main total=21.8ms | ascontiguous=0.0ms downsample=20.1ms numpy_to_vtk=1.6ms | shape=(48, 256, 512) bytes=12.0MB downsampled=True
01:15:37.028 [background-load] comp=1 gen=54 total=1883.7ms |  | channels=1 stage=1/1 queue_wait=160ms chunk=chunk-cache[hi:hits=32 miss=92 rate=26% evict=16 entries=2 size=776.0MB | lo:entries=1 size=5.4MB evict=0] fetched=5.7GB]
01:15:37.041 [apply-main] comp=1 channels=1 total=0.2ms | gpu-upload[ch0]=0.2ms | end_to_end_latency=2057ms hires=False capped=True
01:15:37.096 [render] kind=interactive total=54.9ms | gpu=38.2ms | 
01:15:39.185 [vtk-image] view=main total=154.2ms | ascontiguous=0.0ms numpy_to_vtk=154.1ms | shape=(194, 1024, 2048) bytes=776.0MB downsampled=False
01:15:39.227 [apply-main] comp=1 channels=1 total=0.3ms | gpu-upload[ch0]=0.2ms | end_to_end_latency=20ms hires=True capped=False
01:15:39.406 [vtk-image] view=main total=124.4ms | ascontiguous=0.0ms numpy_to_vtk=124.3ms | shape=(194, 1024, 2048) bytes=776.0MB downsampled=False
01:15:40.097 [render] kind=interactive total=870.3ms | gpu=847.9ms | 
01:15:40.658 [apply-main] comp=1 channels=1 total=0.2ms | gpu-upload[ch0]=0.1ms | end_to_end_latency=1251ms hires=True capped=False
01:15:41.286 [render] kind=interactive total=628.4ms | gpu=610.9ms | 
01:15:41.617 [render] kind=still total=105.7ms | gpu=62.0ms | 
01:15:46.911 [background-load] comp=1 gen=55 total=2303.4ms |  | channels=1 stage=1/1 queue_wait=357ms chunk=chunk-cache[hi:hits=36 miss=106 rate=25% evict=16 entries=2 size=776.0MB | lo:entries=1 size=5.4MB evict=0] fetched=5.7GB]
01:15:48.992 [vtk-image] view=main total=46.9ms | ascontiguous=0.0ms downsample=44.7ms numpy_to_vtk=2.0ms | shape=(32, 341, 512) bytes=10.7MB downsampled=True
01:15:49.035 [apply-main] comp=1 channels=1 total=0.4ms | gpu-upload[ch0]=0.3ms | end_to_end_latency=2943ms hires=False capped=True
01:15:49.107 [render] kind=interactive total=70.8ms | gpu=56.6ms | 
01:15:50.369 [vtk-image] view=main total=22.9ms | ascontiguous=0.0ms downsample=21.4ms numpy_to_vtk=1.4ms | shape=(32, 341, 512) bytes=10.7MB downsampled=True
01:15:50.403 [apply-main] comp=1 channels=1 total=0.2ms | gpu-upload[ch0]=0.2ms | end_to_end_latency=4310ms hires=False capped=True
01:15:50.441 [render] kind=interactive total=38.5ms | gpu=24.4ms | 
01:15:50.469 [vtk-image] view=main total=28.4ms | ascontiguous=0.0ms downsample=27.0ms numpy_to_vtk=1.3ms | shape=(32, 341, 512) bytes=10.7MB downsampled=True
01:15:50.540 [vtk-image] view=main total=19.6ms | ascontiguous=0.0ms downsample=18.1ms numpy_to_vtk=1.4ms | shape=(32, 341, 512) bytes=10.7MB downsampled=True
01:15:50.566 [apply-main] comp=1 channels=1 total=0.3ms | gpu-upload[ch0]=0.2ms | end_to_end_latency=4473ms hires=False capped=True
01:15:50.566 [apply-main] comp=1 channels=1 total=0.5ms | gpu-upload[ch0]=0.5ms | end_to_end_latency=4474ms hires=False capped=True
01:15:50.604 [render] kind=interactive total=37.7ms | gpu=24.2ms | 
01:15:50.619 [vtk-image] view=main total=30.2ms | ascontiguous=0.0ms downsample=28.3ms numpy_to_vtk=1.8ms | shape=(32, 341, 512) bytes=10.7MB downsampled=True
01:15:50.647 [vtk-image] view=main total=28.2ms | ascontiguous=0.0ms downsample=25.2ms numpy_to_vtk=2.8ms | shape=(32, 341, 512) bytes=10.7MB downsampled=True
01:15:50.739 [apply-main] comp=1 channels=1 total=0.4ms | gpu-upload[ch0]=0.3ms | end_to_end_latency=4646ms hires=False capped=True
01:15:50.740 [apply-main] comp=1 channels=1 total=0.6ms | gpu-upload[ch0]=0.6ms | end_to_end_latency=4647ms hires=False capped=True
01:15:50.740 [background-load] comp=1 gen=56 total=3789.7ms |  | channels=1 stage=1/1 queue_wait=858ms chunk=chunk-cache[hi:hits=38 miss=120 rate=24% evict=20 entries=2 size=776.0MB | lo:entries=1 size=5.4MB evict=0] fetched=7.2GB]
01:15:50.779 [render] kind=interactive total=39.2ms | gpu=24.7ms | 
01:15:54.704 [background-load] comp=1 gen=57 total=1683.1ms |  | channels=1 stage=1/1 queue_wait=205ms chunk=chunk-cache[hi:hits=39 miss=135 rate=22% evict=20 entries=2 size=776.0MB | lo:entries=1 size=5.4MB evict=0] fetched=7.2GB]
01:15:56.355 [vtk-image] view=main total=27.5ms | ascontiguous=0.0ms downsample=25.5ms numpy_to_vtk=1.9ms | shape=(48, 256, 512) bytes=12.0MB downsampled=True
01:15:56.921 [background-load] comp=1 gen=58 total=2198.6ms |  | channels=1 stage=1/1 queue_wait=158ms chunk=chunk-cache[hi:hits=40 miss=141 rate=22% evict=22 entries=2 size=776.0MB | lo:entries=1 size=5.4MB evict=0] fetched=8.0GB]
01:15:58.499 [vtk-image] view=main total=27.6ms | ascontiguous=0.0ms downsample=24.3ms numpy_to_vtk=3.0ms | shape=(48, 256, 512) bytes=12.0MB downsampled=True
01:15:58.525 [apply-main] comp=1 channels=1 total=0.3ms | gpu-upload[ch0]=0.2ms | end_to_end_latency=2138ms hires=False capped=True
01:15:58.581 [render] kind=interactive total=55.6ms | gpu=38.4ms | 
01:15:59.005 [vtk-image] view=main total=28.7ms | ascontiguous=0.0ms downsample=27.0ms numpy_to_vtk=1.6ms | shape=(48, 256, 512) bytes=12.0MB downsampled=True
01:15:59.011 [apply-main] comp=1 channels=1 total=0.3ms | gpu-upload[ch0]=0.2ms | end_to_end_latency=2623ms hires=False capped=True
01:15:59.028 [vtk-image] view=main total=22.6ms | ascontiguous=0.0ms downsample=21.0ms numpy_to_vtk=1.6ms | shape=(48, 256, 512) bytes=12.0MB downsampled=True
01:15:59.051 [background-load] comp=1 gen=59 total=1996.8ms |  | channels=1 stage=1/1 queue_wait=667ms chunk=chunk-cache[hi:hits=41 miss=147 rate=22% evict=23 entries=2 size=776.0MB | lo:entries=1 size=5.4MB evict=0] fetched=8.4GB]
01:15:59.069 [render] kind=interactive total=57.2ms | gpu=39.9ms | 
01:15:59.197 [apply-main] comp=1 channels=1 total=0.2ms | gpu-upload[ch0]=0.1ms | end_to_end_latency=2809ms hires=False capped=True
01:15:59.233 [render] kind=interactive total=36.2ms | gpu=25.8ms | 
01:16:01.526 [vtk-image] view=main total=29.5ms | ascontiguous=0.0ms downsample=27.3ms numpy_to_vtk=2.0ms | shape=(48, 344, 512) bytes=16.1MB downsampled=True
01:16:01.555 [apply-main] comp=2 channels=1 total=0.3ms | gpu-upload[ch0]=0.2ms | end_to_end_latency=902ms hires=False capped=True
01:16:01.613 [render] kind=interactive total=58.0ms | gpu=41.4ms | 
01:16:02.318 [vtk-image] view=main total=54.2ms | ascontiguous=0.0ms downsample=51.7ms numpy_to_vtk=2.4ms | shape=(48, 344, 512) bytes=16.1MB downsampled=True
01:16:02.371 [vtk-image] view=main total=33.7ms | ascontiguous=0.0ms downsample=31.5ms numpy_to_vtk=2.0ms | shape=(48, 344, 512) bytes=16.1MB downsampled=True
01:16:02.397 [apply-main] comp=2 channels=1 total=0.3ms | gpu-upload[ch0]=0.2ms | end_to_end_latency=1744ms hires=False capped=True
01:16:02.398 [apply-main] comp=2 channels=1 total=0.7ms | gpu-upload[ch0]=0.6ms | end_to_end_latency=1745ms hires=False capped=True
01:16:02.435 [render] kind=interactive total=36.8ms | gpu=26.1ms | 
01:16:02.459 [vtk-image] view=main total=38.7ms | ascontiguous=0.0ms downsample=36.1ms numpy_to_vtk=2.4ms | shape=(48, 344, 512) bytes=16.1MB downsampled=True
01:16:02.553 [apply-main] comp=2 channels=1 total=0.2ms | gpu-upload[ch0]=0.1ms | end_to_end_latency=1900ms hires=False capped=True
01:16:02.558 [vtk-image] view=main total=29.7ms | ascontiguous=0.0ms downsample=27.7ms numpy_to_vtk=1.9ms | shape=(48, 344, 512) bytes=16.1MB downsampled=True
01:16:02.588 [render] kind=interactive total=34.7ms | gpu=24.0ms | 
01:16:02.601 [vtk-image] view=main total=42.4ms | ascontiguous=0.0ms downsample=39.7ms numpy_to_vtk=2.6ms | shape=(48, 344, 512) bytes=16.1MB downsampled=True
01:16:02.636 [background-load] comp=2 gen=63 total=1733.4ms |  | channels=1 stage=1/1 queue_wait=250ms chunk=chunk-cache[hi:hits=41 miss=162 rate=20% evict=26 entries=3 size=909.8MB | lo:entries=1 size=5.4MB evict=0] fetched=9.4GB]
01:16:02.707 [apply-main] comp=2 channels=1 total=0.3ms | gpu-upload[ch0]=0.2ms | end_to_end_latency=2054ms hires=False capped=True
01:16:02.708 [apply-main] comp=2 channels=1 total=0.6ms | gpu-upload[ch0]=0.6ms | end_to_end_latency=2055ms hires=False capped=True
01:16:02.742 [render] kind=interactive total=34.2ms | gpu=22.7ms | 
01:16:03.734 [vtk-image] view=main total=131.7ms | ascontiguous=0.0ms numpy_to_vtk=131.6ms | shape=(194, 1377, 2048) bytes=1.0GB downsampled=False
01:16:03.836 [apply-main] comp=2 channels=1 total=0.2ms | gpu-upload[ch0]=0.2ms | end_to_end_latency=102ms hires=True capped=False
01:16:04.162 [vtk-image] view=main total=142.8ms | ascontiguous=0.0ms numpy_to_vtk=142.7ms | shape=(194, 1377, 2048) bytes=1.0GB downsampled=False
01:16:04.937 [render] kind=interactive total=1101.3ms | gpu=1086.8ms | 
01:16:05.053 [apply-main] comp=2 channels=1 total=0.2ms | gpu-upload[ch0]=0.2ms | end_to_end_latency=891ms hires=True capped=False
01:16:05.855 [render] kind=interactive total=802.1ms | gpu=802.1ms | 
01:16:06.463 [render] kind=still total=58.3ms | gpu=27.8ms | 
01:16:09.050 [render] kind=still total=60.4ms | gpu=28.1ms | 
01:16:10.639 [vtk-image] view=main total=28.2ms | ascontiguous=0.0ms downsample=27.2ms numpy_to_vtk=1.0ms | shape=(48, 88, 512) bytes=4.1MB downsampled=True
01:16:10.646 [background-load] comp=2 gen=64 total=656.9ms |  | channels=1 stage=1/1 queue_wait=282ms chunk=chunk-cache[hi:hits=46 miss=169 rate=21% evict=27 entries=3 size=655.5MB | lo:entries=1 size=5.4MB evict=0] fetched=9.5GB]
01:16:10.722 [apply-main] comp=2 channels=1 total=0.2ms | gpu-upload[ch0]=0.1ms | end_to_end_latency=1015ms hires=False capped=True
01:16:10.783 [render] kind=interactive total=61.0ms | gpu=60.9ms | 
01:16:11.898 [vtk-image] view=main total=57.0ms | ascontiguous=0.0ms downsample=49.4ms numpy_to_vtk=7.4ms | shape=(72, 512, 381) bytes=26.8MB downsampled=True
01:16:12.004 [apply-main] comp=2 channels=1 total=0.2ms | gpu-upload[ch0]=0.1ms | end_to_end_latency=1017ms hires=False capped=True
01:16:12.078 [render] kind=interactive total=73.9ms | gpu=55.3ms | 
01:16:12.511 [vtk-image] view=main total=72.4ms | ascontiguous=0.0ms downsample=68.2ms numpy_to_vtk=4.1ms | shape=(72, 512, 381) bytes=26.8MB downsampled=True
01:16:12.552 [apply-main] comp=2 channels=1 total=0.5ms | gpu-upload[ch0]=0.4ms | end_to_end_latency=1565ms hires=False capped=True
01:16:12.589 [vtk-image] view=main total=76.8ms | ascontiguous=0.0ms downsample=72.8ms numpy_to_vtk=3.9ms | shape=(72, 512, 381) bytes=26.8MB downsampled=True
01:16:12.608 [background-load] comp=2 gen=65 total=1448.9ms |  | channels=1 stage=1/1 queue_wait=172ms chunk=chunk-cache[hi:hits=47 miss=174 rate=21% evict=28 entries=3 size=655.5MB | lo:entries=1 size=5.4MB evict=0] fetched=9.9GB]
01:16:12.621 [render] kind=interactive total=68.3ms | gpu=55.3ms | 
01:16:12.740 [apply-main] comp=2 channels=1 total=0.6ms | gpu-upload[ch0]=0.4ms | end_to_end_latency=1752ms hires=False capped=True
01:16:12.800 [render] kind=interactive total=59.8ms | gpu=45.6ms | 
01:16:13.782 [vtk-image] view=main total=91.7ms | ascontiguous=0.0ms numpy_to_vtk=91.6ms | shape=(194, 1377, 1024) bytes=521.8MB downsampled=False
01:16:13.882 [vtk-image] view=main total=83.2ms | ascontiguous=0.0ms numpy_to_vtk=83.1ms | shape=(194, 1377, 1024) bytes=521.8MB downsampled=False
01:16:14.347 [vtk-image] view=main total=77.5ms | ascontiguous=0.0ms downsample=72.7ms numpy_to_vtk=4.7ms | shape=(146, 259, 512) bytes=36.9MB downsampled=True
01:16:14.432 [apply-main] comp=4 channels=1 total=0.2ms | gpu-upload[ch0]=0.1ms | end_to_end_latency=450ms hires=False capped=True
01:16:14.501 [render] kind=interactive total=68.6ms | gpu=56.2ms | 
01:16:14.618 [vtk-image] view=main total=97.2ms | ascontiguous=0.0ms downsample=91.5ms numpy_to_vtk=5.5ms | shape=(146, 259, 512) bytes=36.9MB downsampled=True
01:16:14.621 [apply-main] comp=4 channels=1 total=0.2ms | gpu-upload[ch0]=0.1ms | end_to_end_latency=638ms hires=False capped=True
01:16:14.668 [render] kind=interactive total=47.3ms | gpu=37.9ms | 
01:16:14.697 [vtk-image] view=main total=77.1ms | ascontiguous=0.0ms downsample=71.5ms numpy_to_vtk=5.4ms | shape=(146, 259, 512) bytes=36.9MB downsampled=True
01:16:14.703 [background-load] comp=4 gen=69 total=492.2ms |  | channels=1 stage=1/1 queue_wait=228ms chunk=chunk-cache[hi:hits=49 miss=180 rate=21% evict=28 entries=4 size=742.2MB | lo:entries=1 size=5.4MB evict=0] fetched=10.0GB]
01:16:14.790 [apply-main] comp=4 channels=1 total=0.4ms | gpu-upload[ch0]=0.3ms | end_to_end_latency=808ms hires=False capped=True
01:16:14.831 [render] kind=interactive total=40.0ms | gpu=31.0ms | 
01:16:15.143 [vtk-image] view=main total=10.7ms | ascontiguous=0.0ms numpy_to_vtk=10.6ms | shape=(194, 344, 681) bytes=86.7MB downsampled=False
01:16:15.168 [apply-main] comp=4 channels=1 total=0.4ms | gpu-upload[ch0]=0.3ms | end_to_end_latency=24ms hires=True capped=False
01:16:15.292 [render] kind=interactive total=124.2ms | gpu=114.3ms | 
01:16:15.563 [render] kind=still total=38.3ms | gpu=38.2ms | 
01:16:16.717 [render] kind=still total=50.7ms | gpu=24.5ms | 
01:16:17.011 [vtk-image] view=main total=3.1ms | ascontiguous=0.0ms numpy_to_vtk=3.0ms | shape=(194, 172, 340) bytes=21.6MB downsampled=False
01:16:17.060 [apply-main] comp=5 channels=1 total=0.3ms | gpu-upload[ch0]=0.2ms | end_to_end_latency=284ms hires=False capped=False
01:16:17.132 [render] kind=interactive total=72.0ms | gpu=54.2ms | 
01:16:17.377 [vtk-image] view=main total=3.3ms | ascontiguous=0.0ms numpy_to_vtk=3.3ms | shape=(194, 172, 340) bytes=21.6MB downsampled=False
01:16:17.380 [vtk-image] view=main total=2.4ms | ascontiguous=0.0ms numpy_to_vtk=2.4ms | shape=(194, 172, 340) bytes=21.6MB downsampled=False
01:16:17.381 [background-load] comp=5 gen=70 total=429.4ms |  | channels=1 stage=1/1 queue_wait=175ms chunk=chunk-cache[hi:hits=50 miss=183 rate=21% evict=28 entries=5 size=763.8MB | lo:entries=1 size=5.4MB evict=0] fetched=10.0GB]
01:16:17.403 [apply-main] comp=5 channels=1 total=0.2ms | gpu-upload[ch0]=0.1ms | end_to_end_latency=627ms hires=False capped=False
01:16:17.404 [apply-main] comp=5 channels=1 total=0.9ms | gpu-upload[ch0]=0.8ms | end_to_end_latency=628ms hires=False capped=False
01:16:17.450 [render] kind=interactive total=45.3ms | gpu=33.3ms | 
01:16:17.748 [render] kind=still total=58.4ms | gpu=28.9ms | 
01:16:21.637 [load] comp=6 ch=1 roi=(0:170,0:86) total=132.5ms | assemble=132.1ms | src=CHUNK bytes=5.4MB shape=(194, 86, 170) chunk=chunk-cache[hi:hits=50 miss=183 rate=21% evict=28 entries=5 size=763.8MB | lo:entries=2 size=10.8MB evict=0] fetched=10.0GB] disk=disk-cache[hits=6236 misses(remote)=624 rate=91% evict=0 size=244.6MB/8.0GB keys=582]
01:16:21.638 [vtk-image] view=main total=0.8ms | ascontiguous=0.0ms numpy_to_vtk=0.7ms | shape=(194, 86, 170) bytes=5.4MB downsampled=False
01:16:22.176 [vtk-image] view=main total=2.8ms | ascontiguous=0.0ms numpy_to_vtk=2.8ms | shape=(194, 172, 340) bytes=21.6MB downsampled=False
01:16:22.184 [vtk-image] view=main total=2.5ms | ascontiguous=0.0ms numpy_to_vtk=2.5ms | shape=(194, 172, 340) bytes=21.6MB downsampled=False
01:16:22.242 [apply-main] comp=5 channels=1 total=0.2ms | gpu-upload[ch1]=0.1ms | end_to_end_latency=371ms hires=False capped=False
01:16:22.242 [apply-main] comp=5 channels=1 total=0.2ms | gpu-upload[ch0]=0.1ms | end_to_end_latency=371ms hires=False capped=False
01:16:22.303 [vtk-image] view=main total=3.4ms | ascontiguous=0.0ms numpy_to_vtk=3.4ms | shape=(194, 172, 340) bytes=21.6MB downsampled=False
01:16:22.306 [vtk-image] view=main total=3.0ms | ascontiguous=0.0ms numpy_to_vtk=2.9ms | shape=(194, 172, 340) bytes=21.6MB downsampled=False
01:16:22.307 [background-load] comp=5 gen=71 total=174.5ms |  | channels=2 stage=1/1 queue_wait=262ms chunk=chunk-cache[hi:hits=51 miss=185 rate=22% evict=28 entries=6 size=785.5MB | lo:entries=2 size=10.8MB evict=0] fetched=10.0GB]
01:16:22.380 [render] kind=interactive total=138.3ms | gpu=106.5ms | 
01:16:22.507 [apply-main] comp=5 channels=1 total=0.6ms | gpu-upload[ch1]=0.4ms | end_to_end_latency=636ms hires=False capped=False
01:16:22.509 [apply-main] comp=5 channels=1 total=1.1ms | gpu-upload[ch1]=1.1ms | end_to_end_latency=638ms hires=False capped=False
01:16:22.561 [render] kind=interactive total=52.4ms | gpu=36.9ms | 
01:16:22.887 [render] kind=still total=99.5ms | gpu=57.4ms | 
01:16:28.649 [background-load] comp=3 gen=76 total=1294.2ms |  | channels=2 stage=1/1 queue_wait=211ms chunk=chunk-cache[hi:hits=54 miss=190 rate=22% evict=28 entries=6 size=785.5MB | lo:entries=2 size=10.8MB evict=0] fetched=10.0GB]
01:16:28.651 [vtk-image] view=main total=202.0ms | ascontiguous=0.0ms downsample=176.7ms numpy_to_vtk=2.4ms | shape=(73, 258, 512) bytes=18.4MB downsampled=True
01:16:29.187 [vtk-image] view=main total=128.4ms | ascontiguous=0.0ms downsample=122.2ms numpy_to_vtk=6.0ms | shape=(146, 259, 512) bytes=36.9MB downsampled=True
01:16:29.203 [apply-main] comp=4 channels=1 total=0.2ms | gpu-upload[ch0]=0.1ms | end_to_end_latency=541ms hires=False capped=True
01:16:29.196 [vtk-image] view=main total=137.4ms | ascontiguous=0.0ms downsample=132.1ms numpy_to_vtk=5.1ms | shape=(146, 259, 512) bytes=36.9MB downsampled=True
01:16:29.379 [render] kind=interactive total=176.0ms | gpu=138.5ms | 
01:16:29.473 [vtk-image] view=main total=81.3ms | ascontiguous=0.0ms downsample=71.9ms numpy_to_vtk=9.2ms | shape=(146, 259, 512) bytes=36.9MB downsampled=True
01:16:29.500 [apply-main] comp=4 channels=1 total=0.2ms | gpu-upload[ch1]=0.2ms | end_to_end_latency=839ms hires=False capped=True
01:16:29.502 [apply-main] comp=4 channels=1 total=1.1ms | gpu-upload[ch1]=1.1ms | end_to_end_latency=840ms hires=False capped=True
01:16:29.544 [vtk-image] view=main total=69.9ms | ascontiguous=0.0ms downsample=64.1ms numpy_to_vtk=5.6ms | shape=(146, 259, 512) bytes=36.9MB downsampled=True
01:16:29.548 [background-load] comp=4 gen=80 total=733.4ms |  | channels=2 stage=1/2 queue_wait=153ms chunk=chunk-cache[hi:hits=57 miss=192 rate=23% evict=28 entries=7 size=872.2MB | lo:entries=2 size=10.8MB evict=0] fetched=10.1GB]
01:16:29.971 [render] kind=interactive total=469.9ms | gpu=253.0ms | 
01:16:32.883 [apply-main] comp=4 channels=1 total=0.2ms | gpu-upload[ch1]=0.1ms | end_to_end_latency=4221ms hires=False capped=True
01:16:32.941 [vtk-image] view=main total=73.7ms | ascontiguous=0.0ms downsample=70.9ms numpy_to_vtk=2.7ms | shape=(48, 256, 512) bytes=12.0MB downsampled=True
01:16:32.964 [render] kind=interactive total=81.2ms | gpu=58.8ms | 
01:16:33.099 [apply-main] comp=2 channels=1 total=0.3ms | gpu-upload[ch1]=0.2ms | end_to_end_latency=4437ms hires=False capped=True
01:16:33.146 [render] kind=interactive total=45.7ms | gpu=28.5ms | 
01:16:33.271 [vtk-image] view=main total=65.8ms | ascontiguous=0.0ms downsample=63.6ms numpy_to_vtk=2.1ms | shape=(48, 256, 512) bytes=12.0MB downsampled=True
01:16:34.814 [background-load] comp=2 gen=80 total=5265.2ms |  | channels=2 stage=2/2 queue_wait=887ms chunk=chunk-cache[hi:hits=62 miss=200 rate=24% evict=36 entries=2 size=776.0MB | lo:entries=2 size=10.8MB evict=0] fetched=11.3GB]
01:16:36.081 [vtk-image] view=main total=72.3ms | ascontiguous=0.0ms downsample=69.5ms numpy_to_vtk=2.1ms | shape=(48, 256, 512) bytes=12.0MB downsampled=True
01:16:36.083 [apply-main] comp=2 channels=1 total=0.4ms | gpu-upload[ch1]=0.3ms | end_to_end_latency=2756ms hires=False capped=True
01:16:36.116 [vtk-image] view=main total=27.5ms | ascontiguous=0.0ms downsample=25.3ms numpy_to_vtk=2.1ms | shape=(48, 256, 512) bytes=12.0MB downsampled=True
01:16:36.187 [render] kind=interactive total=104.1ms | gpu=73.9ms | 
01:16:36.962 [background-load] comp=2 gen=81 total=2041.8ms |  | channels=2 stage=1/1 queue_wait=1594ms chunk=chunk-cache[hi:hits=64 miss=210 rate=23% evict=37 entries=2 size=776.0MB | lo:entries=2 size=10.8MB evict=0] fetched=11.6GB]
01:16:44.385 [background-load] comp=1 gen=84 total=7377.9ms |  | channels=2 stage=1/1 queue_wait=628ms chunk=chunk-cache[hi:hits=66 miss=222 rate=23% evict=38 entries=2 size=776.0MB | lo:entries=2 size=10.8MB evict=0] fetched=12.0GB]
01:16:47.350 [vtk-image] view=main total=246.4ms | ascontiguous=0.0ms downsample=240.2ms numpy_to_vtk=6.0ms | shape=(97, 512, 512) bytes=48.5MB downsampled=True
01:16:47.358 [vtk-image] view=main total=103.9ms | ascontiguous=0.0ms downsample=97.3ms numpy_to_vtk=6.5ms | shape=(97, 512, 512) bytes=48.5MB downsampled=True
01:16:47.361 [apply-main] comp=1 channels=1 total=0.2ms | gpu-upload[ch0]=0.1ms | end_to_end_latency=3417ms hires=False capped=True
01:16:47.367 [apply-main] comp=1 channels=1 total=0.1ms | gpu-upload[ch1]=0.1ms | end_to_end_latency=3423ms hires=False capped=True
01:16:47.618 [render] kind=interactive total=250.6ms | gpu=212.9ms | 
01:16:48.220 [vtk-image] view=main total=107.7ms | ascontiguous=0.0ms downsample=98.9ms numpy_to_vtk=8.6ms | shape=(97, 512, 512) bytes=48.5MB downsampled=True
01:16:48.231 [vtk-image] view=main total=118.9ms | ascontiguous=0.0ms downsample=109.0ms numpy_to_vtk=9.8ms | shape=(97, 512, 512) bytes=48.5MB downsampled=True
01:16:48.297 [apply-main] comp=1 channels=1 total=0.3ms | gpu-upload[ch1]=0.2ms | end_to_end_latency=4353ms hires=False capped=True
01:16:48.298 [apply-main] comp=1 channels=1 total=0.1ms | gpu-upload[ch0]=0.1ms | end_to_end_latency=4353ms hires=False capped=True
01:16:48.339 [vtk-image] view=main total=117.8ms | ascontiguous=0.0ms downsample=110.3ms numpy_to_vtk=7.4ms | shape=(97, 512, 512) bytes=48.5MB downsampled=True
01:16:48.363 [vtk-image] view=main total=129.4ms | ascontiguous=0.0ms downsample=105.7ms numpy_to_vtk=23.5ms | shape=(97, 512, 512) bytes=48.5MB downsampled=True
01:16:48.375 [background-load] comp=1 gen=88 total=3811.2ms |  | channels=2 stage=1/1 queue_wait=619ms chunk=chunk-cache[hi:hits=66 miss=238 rate=22% evict=40 entries=2 size=776.0MB | lo:entries=2 size=10.8MB evict=0] fetched=12.8GB]
01:16:48.430 [render] kind=interactive total=131.8ms | gpu=110.8ms | 
01:16:48.548 [apply-main] comp=1 channels=1 total=0.2ms | gpu-upload[ch1]=0.1ms | end_to_end_latency=4603ms hires=False capped=True
01:16:48.548 [apply-main] comp=1 channels=1 total=0.1ms | gpu-upload[ch0]=0.1ms | end_to_end_latency=4604ms hires=False capped=True
01:16:48.643 [render] kind=interactive total=94.8ms | gpu=79.4ms | 
01:16:53.011 [vtk-image] view=main total=227.2ms | ascontiguous=0.0ms downsample=223.4ms numpy_to_vtk=3.7ms | shape=(48, 512, 512) bytes=24.0MB downsampled=True
01:16:53.230 [apply-main] comp=1 channels=1 total=0.2ms | gpu-upload[ch0]=0.2ms | end_to_end_latency=3154ms hires=False capped=True
01:16:53.260 [vtk-image] view=main total=136.3ms | ascontiguous=0.0ms downsample=132.0ms numpy_to_vtk=4.1ms | shape=(48, 512, 512) bytes=24.0MB downsampled=True
01:16:53.316 [render] kind=interactive total=85.9ms | gpu=66.0ms | 
01:16:53.575 [apply-main] comp=1 channels=1 total=0.3ms | gpu-upload[ch1]=0.2ms | end_to_end_latency=3499ms hires=False capped=True
01:16:53.626 [render] kind=interactive total=50.7ms | gpu=35.8ms | 
01:16:54.951 [background-load] comp=1 gen=91 total=4645.0ms |  | channels=2 stage=1/1 queue_wait=229ms chunk=chunk-cache[hi:hits=69 miss=264 rate=21% evict=43 entries=2 size=776.0MB | lo:entries=2 size=10.8MB evict=0] fetched=13.9GB]
01:16:56.013 [vtk-image] view=main total=37.9ms | ascontiguous=0.0ms downsample=34.9ms numpy_to_vtk=2.4ms | shape=(48, 256, 512) bytes=12.0MB downsampled=True
01:16:56.015 [vtk-image] view=main total=39.5ms | ascontiguous=0.0ms downsample=37.8ms numpy_to_vtk=1.6ms | shape=(48, 256, 512) bytes=12.0MB downsampled=True
01:16:56.586 [apply-main] comp=2 channels=1 total=0.2ms | gpu-upload[ch0]=0.1ms | end_to_end_latency=2375ms hires=False capped=True
01:16:56.587 [apply-main] comp=2 channels=1 total=0.3ms | gpu-upload[ch1]=0.2ms | end_to_end_latency=2375ms hires=False capped=True
01:16:56.648 [render] kind=interactive total=60.8ms | gpu=46.6ms | 
01:16:57.744 [vtk-image] view=main total=28.6ms | ascontiguous=0.0ms downsample=26.1ms numpy_to_vtk=2.3ms | shape=(48, 256, 512) bytes=12.0MB downsampled=True
01:16:57.746 [vtk-image] view=main total=31.2ms | ascontiguous=0.0ms downsample=29.0ms numpy_to_vtk=2.0ms | shape=(48, 256, 512) bytes=12.0MB downsampled=True
01:16:57.796 [apply-main] comp=2 channels=1 total=0.5ms | gpu-upload[ch1]=0.3ms | end_to_end_latency=3585ms hires=False capped=True
01:16:57.797 [apply-main] comp=2 channels=1 total=0.2ms | gpu-upload[ch0]=0.1ms | end_to_end_latency=3586ms hires=False capped=True
01:16:57.867 [render] kind=interactive total=69.5ms | gpu=48.7ms | 
01:16:57.942 [vtk-image] view=main total=44.2ms | ascontiguous=0.0ms downsample=42.1ms numpy_to_vtk=2.0ms | shape=(48, 256, 512) bytes=12.0MB downsampled=True
01:16:57.945 [vtk-image] view=main total=41.8ms | ascontiguous=0.0ms downsample=40.2ms numpy_to_vtk=1.6ms | shape=(48, 256, 512) bytes=12.0MB downsampled=True
01:16:57.979 [vtk-image] view=main total=35.7ms | ascontiguous=0.0ms downsample=34.1ms numpy_to_vtk=1.6ms | shape=(48, 256, 512) bytes=12.0MB downsampled=True
01:16:58.021 [vtk-image] view=main total=75.3ms | ascontiguous=0.0ms downsample=73.5ms numpy_to_vtk=1.7ms | shape=(48, 256, 512) bytes=12.0MB downsampled=True
01:16:58.040 [background-load] comp=2 gen=94 total=3068.7ms |  | channels=2 stage=1/1 queue_wait=760ms chunk=chunk-cache[hi:hits=69 miss=278 rate=20% evict=48 entries=2 size=776.0MB | lo:entries=2 size=10.8MB evict=0] fetched=15.8GB]
01:16:58.040 [apply-main] comp=2 channels=1 total=0.2ms | gpu-upload[ch1]=0.1ms | end_to_end_latency=3829ms hires=False capped=True
01:16:58.040 [apply-main] comp=2 channels=1 total=0.1ms | gpu-upload[ch0]=0.1ms | end_to_end_latency=3829ms hires=False capped=True
01:16:58.041 [apply-main] comp=2 channels=1 total=0.4ms | gpu-upload[ch1]=0.3ms | end_to_end_latency=3830ms hires=False capped=True
01:16:58.041 [apply-main] comp=2 channels=1 total=0.4ms | gpu-upload[ch0]=0.3ms | end_to_end_latency=3830ms hires=False capped=True
01:16:58.083 [render] kind=interactive total=41.7ms | gpu=31.6ms | 
01:16:59.035 [vtk-image] view=main total=102.8ms | ascontiguous=0.0ms numpy_to_vtk=102.8ms | shape=(194, 1024, 2048) bytes=776.0MB downsampled=False
01:16:59.199 [vtk-image] view=main total=96.2ms | ascontiguous=0.0ms numpy_to_vtk=96.1ms | shape=(194, 1024, 2048) bytes=776.0MB downsampled=False
01:16:59.216 [apply-main] comp=2 channels=1 total=0.2ms | gpu-upload[ch0]=0.1ms | end_to_end_latency=177ms hires=True capped=False
01:16:59.689 [apply-main] comp=2 channels=1 total=305.4ms | gpu-upload[ch0]=305.1ms | end_to_end_latency=477ms hires=True capped=False
01:17:00.462 [vtk-image] view=main total=99.5ms | ascontiguous=0.0ms numpy_to_vtk=99.5ms | shape=(194, 1024, 2048) bytes=776.0MB downsampled=False
01:17:00.661 [render] kind=interactive total=971.8ms | gpu=971.7ms | 
01:17:00.763 [apply-main] comp=2 channels=1 total=0.3ms | gpu-upload[ch1]=0.2ms | end_to_end_latency=301ms hires=True capped=False
01:17:01.091 [vtk-image] view=main total=85.2ms | ascontiguous=0.0ms numpy_to_vtk=85.1ms | shape=(194, 1024, 2048) bytes=776.0MB downsampled=False
01:17:01.527 [render] kind=interactive total=763.3ms | gpu=763.2ms | 
01:17:04.373 [vtk-image] view=main total=121.8ms | ascontiguous=0.0ms downsample=63.7ms numpy_to_vtk=2.8ms | shape=(58, 308, 512) bytes=17.4MB downsampled=True
01:17:04.433 [vtk-image] view=main total=62.8ms | ascontiguous=0.0ms downsample=58.9ms numpy_to_vtk=3.7ms | shape=(58, 308, 512) bytes=17.4MB downsampled=True
01:17:14.374 [background-load] comp=2 gen=95 total=11180.1ms |  | channels=2 stage=1/1 queue_wait=1649ms chunk=chunk-cache[hi:hits=72 miss=300 rate=19% evict=53 entries=3 size=902.6MB | lo:entries=2 size=10.8MB evict=0] fetched=17.8GB]
01:17:14.591 [vtk-image] view=main total=75.0ms | ascontiguous=0.0ms downsample=70.5ms numpy_to_vtk=4.3ms | shape=(146, 259, 512) bytes=36.9MB downsampled=True
01:17:14.596 [vtk-image] view=main total=77.4ms | ascontiguous=0.0ms downsample=72.4ms numpy_to_vtk=4.9ms | shape=(146, 259, 512) bytes=36.9MB downsampled=True
01:17:14.615 [apply-main] comp=4 channels=1 total=0.2ms | gpu-upload[ch0]=0.2ms | end_to_end_latency=9755ms hires=False capped=True
01:17:14.615 [apply-main] comp=4 channels=1 total=0.1ms | gpu-upload[ch1]=0.1ms | end_to_end_latency=9756ms hires=False capped=True
01:17:14.917 [render] kind=interactive total=301.5ms | gpu=251.3ms | 
01:17:15.059 [vtk-image] view=main total=91.1ms | ascontiguous=0.0ms downsample=81.7ms numpy_to_vtk=9.4ms | shape=(146, 259, 512) bytes=36.9MB downsampled=True
01:17:15.067 [vtk-image] view=main total=105.7ms | ascontiguous=0.0ms downsample=98.0ms numpy_to_vtk=7.6ms | shape=(146, 259, 512) bytes=36.9MB downsampled=True
01:17:15.147 [vtk-image] view=main total=80.3ms | ascontiguous=0.0ms downsample=75.0ms numpy_to_vtk=5.2ms | shape=(146, 259, 512) bytes=36.9MB downsampled=True
01:17:15.151 [vtk-image] view=main total=82.7ms | ascontiguous=0.0ms downsample=78.5ms numpy_to_vtk=4.1ms | shape=(146, 259, 512) bytes=36.9MB downsampled=True
01:17:15.159 [background-load] comp=4 gen=99 total=761.6ms |  | channels=2 stage=1/1 queue_wait=9538ms chunk=chunk-cache[hi:hits=72 miss=306 rate=19% evict=54 entries=4 size=818.6MB | lo:entries=2 size=10.8MB evict=0] fetched=18.0GB]
01:17:15.172 [apply-main] comp=4 channels=1 total=0.2ms | gpu-upload[ch1]=0.2ms | end_to_end_latency=10313ms hires=False capped=True
01:17:15.172 [apply-main] comp=4 channels=1 total=0.1ms | gpu-upload[ch0]=0.1ms | end_to_end_latency=10313ms hires=False capped=True
01:17:15.173 [apply-main] comp=4 channels=1 total=1.1ms | gpu-upload[ch1]=1.0ms | end_to_end_latency=10314ms hires=False capped=True
01:17:15.174 [apply-main] comp=4 channels=1 total=1.2ms | gpu-upload[ch0]=1.1ms | end_to_end_latency=10315ms hires=False capped=True
01:17:15.278 [render] kind=interactive total=103.5ms | gpu=85.3ms | 
01:17:15.595 [vtk-image] view=main total=11.2ms | ascontiguous=0.0ms numpy_to_vtk=11.1ms | shape=(194, 344, 681) bytes=86.7MB downsampled=False
01:17:15.650 [apply-main] comp=4 channels=1 total=0.3ms | gpu-upload[ch0]=0.2ms | end_to_end_latency=55ms hires=True capped=False
01:17:15.685 [vtk-image] view=main total=11.4ms | ascontiguous=0.0ms numpy_to_vtk=11.3ms | shape=(194, 344, 681) bytes=86.7MB downsampled=False
01:17:15.917 [render] kind=interactive total=266.5ms | gpu=246.1ms | 
01:17:16.044 [apply-main] comp=4 channels=1 total=0.3ms | gpu-upload[ch1]=0.2ms | end_to_end_latency=358ms hires=True capped=False
01:17:16.156 [render] kind=interactive total=111.9ms | gpu=89.6ms | 
01:17:16.549 [render] kind=still total=166.8ms | gpu=106.3ms | 
