# BioSET profiling started 2026-06-30T18:08:56
18:09:08.618 [load] comp=6 ch=0 roi=(0:170,0:86) total=226.4ms | dask-build=0.6ms compute=225.7ms | src=DISK bytes=5.4MB shape=(194, 86, 170) fetch=chunks(disk=194,remote=0) downloaded=0.0B mem=mem-cache[hits=0 misses=1 rate=0% evict=0 entries=1 size=5.4MB] disk=disk-cache[hits=195 misses(remote)=2 rate=99% evict=0 size=0.0B/8.0GB keys=0]
18:09:08.621 [vtk-image] view=main total=2.7ms | ascontiguous=1.7ms numpy_to_vtk=0.9ms | shape=(194, 86, 170) bytes=5.4MB downsampled=False
18:09:12.969 [load] comp=4 ch=0 roi=(80:595,25:314) total=250.0ms | dask-build=1.1ms compute=248.9ms | src=DISK bytes=55.1MB shape=(194, 289, 515) fetch=chunks(disk=194,remote=0) downloaded=0.0B mem=mem-cache[hits=0 misses=2 rate=0% evict=0 entries=2 size=60.5MB] disk=disk-cache[hits=390 misses(remote)=4 rate=99% evict=0 size=0.0B/8.0GB keys=0]
18:09:13.017 [vtk-image] view=main total=29.7ms | ascontiguous=21.6ms numpy_to_vtk=7.9ms | shape=(194, 289, 515) bytes=55.1MB downsampled=False
18:09:13.022 [background-load] comp=4 gen=4 total=303.2ms |  | channels=1 stage=1/1 queue_wait=259ms
18:09:13.146 [apply-main] comp=4 channels=1 total=94.6ms | gpu-upload[ch0]=0.3ms render=94.0ms | end_to_end_latency=686ms
18:09:16.766 [load] comp=2 ch=0 roi=(873:1831,418:942) total=746.0ms | dask-build=1.8ms compute=744.1ms | src=DISK bytes=185.7MB shape=(194, 524, 958) fetch=chunks(disk=388,remote=0) downloaded=0.0B mem=mem-cache[hits=0 misses=3 rate=0% evict=0 entries=3 size=246.2MB] disk=disk-cache[hits=780 misses(remote)=8 rate=99% evict=0 size=0.0B/8.0GB keys=0]
18:09:16.867 [vtk-image] view=main total=100.2ms | ascontiguous=58.0ms numpy_to_vtk=42.2ms | shape=(194, 524, 958) bytes=185.7MB downsampled=False
18:09:16.874 [background-load] comp=2 gen=8 total=853.5ms |  | channels=1 stage=1/1 queue_wait=219ms
18:09:17.265 [apply-main] comp=2 channels=1 total=295.3ms | gpu-upload[ch0]=0.4ms render=294.6ms | end_to_end_latency=1464ms
18:09:19.766 [load] comp=1 ch=0 roi=(2230:3178,1100:1619) total=828.1ms | dask-build=2.2ms compute=825.8ms | src=DISK bytes=182.1MB shape=(194, 519, 948) fetch=chunks(disk=388,remote=0) downloaded=0.0B mem=mem-cache[hits=0 misses=4 rate=0% evict=0 entries=4 size=428.3MB] disk=disk-cache[hits=1169 misses(remote)=10 rate=99% evict=0 size=0.0B/8.0GB keys=0]
18:09:19.882 [vtk-image] view=main total=115.1ms | ascontiguous=73.9ms numpy_to_vtk=41.0ms | shape=(194, 519, 948) bytes=182.1MB downsampled=False
18:09:19.897 [background-load] comp=1 gen=12 total=959.9ms |  | channels=1 stage=1/1 queue_wait=221ms
18:09:20.159 [apply-main] comp=1 channels=1 total=240.2ms | gpu-upload[ch0]=0.2ms render=239.8ms | end_to_end_latency=1443ms
18:09:22.072 [load] comp=2 ch=0 roi=(780:1923,369:991) total=704.1ms | dask-build=1.7ms compute=702.3ms | src=DISK bytes=263.1MB shape=(194, 622, 1143) fetch=chunks(disk=388,remote=0) downloaded=0.0B mem=mem-cache[hits=0 misses=5 rate=0% evict=0 entries=5 size=691.4MB] disk=disk-cache[hits=1557 misses(remote)=10 rate=99% evict=0 size=0.0B/8.0GB keys=0]
18:09:22.206 [vtk-image] view=main total=133.9ms | ascontiguous=78.7ms numpy_to_vtk=55.2ms | shape=(194, 622, 1143) bytes=263.1MB downsampled=False
18:09:22.870 [load] comp=3 ch=0 roi=(259:1093,111:569) total=636.5ms | dask-build=1.7ms compute=634.7ms | src=DISK bytes=141.3MB shape=(194, 458, 834) fetch=chunks(disk=388,remote=0) downloaded=0.0B mem=mem-cache[hits=0 misses=6 rate=0% evict=0 entries=6 size=832.7MB] disk=disk-cache[hits=1945 misses(remote)=10 rate=99% evict=0 size=0.0B/8.0GB keys=0]
18:09:22.926 [vtk-image] view=main total=55.7ms | ascontiguous=39.0ms numpy_to_vtk=16.6ms | shape=(194, 458, 834) bytes=141.3MB downsampled=False
18:09:22.931 [background-load] comp=3 gen=19 total=697.2ms |  | channels=1 stage=1/1 queue_wait=600ms
18:09:23.185 [apply-main] comp=3 channels=1 total=184.4ms | gpu-upload[ch0]=0.2ms render=183.9ms | end_to_end_latency=1551ms
18:09:25.015 [load] comp=5 ch=0 roi=(0:340,0:172) total=300.6ms | dask-build=1.4ms compute=299.0ms | src=DISK bytes=21.6MB shape=(194, 172, 340) fetch=chunks(disk=194,remote=0) downloaded=0.0B mem=mem-cache[hits=0 misses=7 rate=0% evict=0 entries=7 size=854.3MB] disk=disk-cache[hits=2140 misses(remote)=12 rate=99% evict=0 size=0.0B/8.0GB keys=0]
18:09:25.026 [vtk-image] view=main total=10.5ms | ascontiguous=7.7ms numpy_to_vtk=2.7ms | shape=(194, 172, 340) bytes=21.6MB downsampled=False
18:09:25.153 [load] comp=6 ch=0 roi=(0:170,0:86) total=0.0ms |  | src=MEM-HIT bytes=5.4MB shape=(194, 86, 170) mem=mem-cache[hits=1 misses=7 rate=12% evict=0 entries=7 size=854.3MB]
18:09:25.156 [vtk-image] view=main total=2.8ms | ascontiguous=2.0ms numpy_to_vtk=0.7ms | shape=(194, 86, 170) bytes=5.4MB downsampled=False
18:09:25.156 [background-load] comp=6 gen=27 total=3.3ms |  | channels=1 stage=1/1 queue_wait=186ms
18:09:25.304 [apply-main] comp=6 channels=1 total=35.1ms | gpu-upload[ch0]=0.2ms render=34.8ms | end_to_end_latency=337ms
18:09:34.609 [load] comp=6 ch=2 roi=(0:170,0:86) total=5227.7ms | dask-build=1.1ms compute=5226.6ms | src=REMOTE bytes=5.4MB shape=(194, 86, 170) fetch=chunks(disk=0,remote=194) downloaded=2.6MB mem=mem-cache[hits=1 misses=8 rate=11% evict=0 entries=8 size=859.7MB] disk=disk-cache[hits=2140 misses(remote)=206 rate=91% evict=0 size=2.6MB/8.0GB keys=194]
18:09:34.612 [vtk-image] view=main total=2.9ms | ascontiguous=1.9ms numpy_to_vtk=1.0ms | shape=(194, 86, 170) bytes=5.4MB downsampled=False
18:09:40.429 [load] comp=6 ch=7 roi=(0:170,0:86) total=295.7ms | dask-build=1.1ms compute=294.4ms | src=DISK bytes=5.4MB shape=(194, 86, 170) fetch=chunks(disk=194,remote=0) downloaded=0.0B mem=mem-cache[hits=1 misses=9 rate=10% evict=0 entries=9 size=865.2MB] disk=disk-cache[hits=2334 misses(remote)=206 rate=92% evict=0 size=2.6MB/8.0GB keys=194]
18:09:40.431 [vtk-image] view=main total=2.4ms | ascontiguous=1.6ms numpy_to_vtk=0.8ms | shape=(194, 86, 170) bytes=5.4MB downsampled=False
18:09:42.565 [load] comp=4 ch=0 roi=(31:645,0:340) total=329.2ms | dask-build=2.1ms compute=327.1ms | src=DISK bytes=77.2MB shape=(194, 340, 614) fetch=chunks(disk=194,remote=0) downloaded=0.0B mem=mem-cache[hits=1 misses=10 rate=9% evict=0 entries=10 size=942.4MB] disk=disk-cache[hits=2528 misses(remote)=206 rate=92% evict=0 size=2.6MB/8.0GB keys=194]
18:09:42.596 [vtk-image] view=main total=30.8ms | ascontiguous=20.7ms numpy_to_vtk=10.0ms | shape=(194, 340, 614) bytes=77.2MB downsampled=False
18:10:01.279 [load] comp=4 ch=2 roi=(31:645,0:340) total=18679.9ms | dask-build=0.9ms compute=18678.9ms | src=REMOTE bytes=77.2MB shape=(194, 340, 614) fetch=chunks(disk=0,remote=194) downloaded=41.0MB mem=mem-cache[hits=1 misses=11 rate=8% evict=0 entries=11 size=1019.6MB] disk=disk-cache[hits=2528 misses(remote)=400 rate=86% evict=0 size=43.6MB/8.0GB keys=388]
18:10:01.325 [vtk-image] view=main total=45.7ms | ascontiguous=30.9ms numpy_to_vtk=14.7ms | shape=(194, 340, 614) bytes=77.2MB downsampled=False
18:10:01.659 [load] comp=4 ch=0 roi=(0:681,0:344) total=270.6ms | dask-build=1.2ms compute=269.3ms | src=DISK bytes=86.7MB shape=(194, 344, 681) fetch=chunks(disk=194,remote=0) downloaded=0.0B mem=mem-cache[hits=1 misses=12 rate=8% evict=0 entries=12 size=1.1GB] disk=disk-cache[hits=2722 misses(remote)=400 rate=87% evict=0 size=43.6MB/8.0GB keys=388]
18:10:01.705 [vtk-image] view=main total=44.6ms | ascontiguous=32.3ms numpy_to_vtk=12.2ms | shape=(194, 344, 681) bytes=86.7MB downsampled=False
18:10:02.092 [load] comp=4 ch=2 roi=(0:681,0:344) total=383.7ms | dask-build=1.2ms compute=382.4ms | src=DISK bytes=86.7MB shape=(194, 344, 681) fetch=chunks(disk=194,remote=0) downloaded=0.0B mem=mem-cache[hits=1 misses=13 rate=7% evict=0 entries=13 size=1.2GB] disk=disk-cache[hits=2916 misses(remote)=400 rate=88% evict=0 size=43.6MB/8.0GB keys=388]
18:10:02.152 [vtk-image] view=main total=59.4ms | ascontiguous=40.1ms numpy_to_vtk=19.2ms | shape=(194, 344, 681) bytes=86.7MB downsampled=False
18:10:02.255 [load] comp=5 ch=0 roi=(0:340,0:172) total=0.0ms |  | src=MEM-HIT bytes=21.6MB shape=(194, 172, 340) mem=mem-cache[hits=2 misses=13 rate=13% evict=0 entries=13 size=1.2GB]
18:10:02.265 [vtk-image] view=main total=10.1ms | ascontiguous=7.1ms numpy_to_vtk=2.9ms | shape=(194, 172, 340) bytes=21.6MB downsampled=False
18:10:09.071 [load] comp=5 ch=2 roi=(0:340,0:172) total=6804.4ms | dask-build=1.0ms compute=6803.3ms | src=REMOTE bytes=21.6MB shape=(194, 172, 340) fetch=chunks(disk=0,remote=194) downloaded=10.3MB mem=mem-cache[hits=2 misses=14 rate=12% evict=0 entries=14 size=1.2GB] disk=disk-cache[hits=2916 misses(remote)=594 rate=83% evict=0 size=53.9MB/8.0GB keys=582]
18:10:09.082 [vtk-image] view=main total=11.5ms | ascontiguous=8.5ms numpy_to_vtk=3.0ms | shape=(194, 172, 340) bytes=21.6MB downsampled=False
18:10:09.188 [load] comp=4 ch=0 roi=(80:595,25:314) total=0.0ms |  | src=MEM-HIT bytes=55.1MB shape=(194, 289, 515) mem=mem-cache[hits=3 misses=14 rate=18% evict=0 entries=14 size=1.2GB]
18:10:09.210 [vtk-image] view=main total=21.9ms | ascontiguous=16.0ms numpy_to_vtk=5.9ms | shape=(194, 289, 515) bytes=55.1MB downsampled=False
18:10:09.434 [load] comp=4 ch=2 roi=(80:595,25:314) total=222.2ms | dask-build=0.8ms compute=221.3ms | src=DISK bytes=55.1MB shape=(194, 289, 515) fetch=chunks(disk=194,remote=0) downloaded=0.0B mem=mem-cache[hits=3 misses=15 rate=17% evict=0 entries=15 size=1.2GB] disk=disk-cache[hits=3110 misses(remote)=594 rate=84% evict=0 size=53.9MB/8.0GB keys=582]
18:10:09.464 [vtk-image] view=main total=29.7ms | ascontiguous=20.5ms numpy_to_vtk=9.1ms | shape=(194, 289, 515) bytes=55.1MB downsampled=False
18:10:09.783 [load] comp=4 ch=7 roi=(80:595,25:314) total=316.6ms | dask-build=1.1ms compute=315.4ms | src=DISK bytes=55.1MB shape=(194, 289, 515) fetch=chunks(disk=194,remote=0) downloaded=0.0B mem=mem-cache[hits=3 misses=16 rate=16% evict=0 entries=16 size=1.3GB] disk=disk-cache[hits=3304 misses(remote)=594 rate=85% evict=0 size=53.9MB/8.0GB keys=582]
18:10:09.814 [vtk-image] view=main total=30.7ms | ascontiguous=21.0ms numpy_to_vtk=9.6ms | shape=(194, 289, 515) bytes=55.1MB downsampled=False
18:10:09.817 [background-load] comp=4 gen=51 total=628.5ms |  | channels=3 stage=1/1 queue_wait=6007ms
18:10:10.119 [apply-main] comp=4 channels=3 total=296.0ms | gpu-upload[ch0]=0.2ms gpu-upload[ch2]=0.1ms gpu-upload[ch7]=0.1ms render=295.4ms | end_to_end_latency=6938ms
18:10:13.271 [load] comp=2 ch=0 roi=(949:1755,458:901) total=949.6ms | dask-build=1.5ms compute=948.0ms | src=DISK bytes=132.1MB shape=(194, 443, 806) fetch=chunks(disk=388,remote=0) downloaded=0.0B mem=mem-cache[hits=3 misses=17 rate=15% evict=0 entries=17 size=1.4GB] disk=disk-cache[hits=3692 misses(remote)=594 rate=86% evict=0 size=53.9MB/8.0GB keys=582]
18:10:13.368 [vtk-image] view=main total=97.5ms | ascontiguous=53.8ms numpy_to_vtk=43.5ms | shape=(194, 443, 806) bytes=132.1MB downsampled=False
18:10:13.754 [load] comp=3 ch=0 roi=(589:762,292:388) total=282.1ms | dask-build=1.2ms compute=280.8ms | src=DISK bytes=6.1MB shape=(194, 96, 173) fetch=chunks(disk=194,remote=0) downloaded=0.0B mem=mem-cache[hits=3 misses=18 rate=14% evict=0 entries=18 size=1.4GB] disk=disk-cache[hits=3886 misses(remote)=594 rate=87% evict=0 size=53.9MB/8.0GB keys=582]
18:10:13.758 [vtk-image] view=main total=3.2ms | ascontiguous=2.1ms numpy_to_vtk=1.0ms | shape=(194, 96, 173) bytes=6.1MB downsampled=False
18:10:55.227 [load] comp=3 ch=2 roi=(589:762,292:388) total=41469.5ms | dask-build=1.0ms compute=41468.3ms | src=MIXED bytes=6.1MB shape=(194, 96, 173) fetch=chunks(disk=1,remote=196) downloaded=130.9MB mem=mem-cache[hits=3 misses=19 rate=14% evict=0 entries=19 size=1.4GB] disk=disk-cache[hits=3887 misses(remote)=790 rate=83% evict=0 size=184.8MB/8.0GB keys=776]
18:10:55.231 [vtk-image] view=main total=2.7ms | ascontiguous=1.7ms numpy_to_vtk=1.0ms | shape=(194, 96, 173) bytes=6.1MB downsampled=False
18:10:55.556 [load] comp=2 ch=0 roi=(1279:1425,639:721) total=314.2ms | dask-build=1.4ms compute=312.7ms | src=DISK bytes=4.4MB shape=(194, 82, 146) fetch=chunks(disk=194,remote=0) downloaded=0.0B mem=mem-cache[hits=3 misses=20 rate=13% evict=0 entries=20 size=1.4GB] disk=disk-cache[hits=4081 misses(remote)=790 rate=84% evict=0 size=184.8MB/8.0GB keys=776]
18:10:55.558 [vtk-image] view=main total=1.9ms | ascontiguous=1.2ms numpy_to_vtk=0.7ms | shape=(194, 82, 146) bytes=4.4MB downsampled=False
18:12:25.566 [load] comp=2 ch=2 roi=(1279:1425,639:721) total=90007.7ms | dask-build=0.8ms compute=90006.8ms | src=REMOTE bytes=4.4MB shape=(194, 82, 146) fetch=chunks(disk=0,remote=194) downloaded=283.5MB mem=mem-cache[hits=3 misses=21 rate=12% evict=0 entries=21 size=1.4GB] disk=disk-cache[hits=4081 misses(remote)=984 rate=81% evict=0 size=468.3MB/8.0GB keys=970]
18:12:25.569 [vtk-image] view=main total=2.5ms | ascontiguous=1.6ms numpy_to_vtk=0.9ms | shape=(194, 82, 146) bytes=4.4MB downsampled=False
18:12:25.972 [load] comp=3 ch=0 roi=(503:652,196:279) total=308.5ms | dask-build=1.2ms compute=307.2ms | src=DISK bytes=4.6MB shape=(194, 83, 149) fetch=chunks(disk=194,remote=0) downloaded=0.0B mem=mem-cache[hits=3 misses=22 rate=12% evict=0 entries=22 size=1.4GB] disk=disk-cache[hits=4275 misses(remote)=984 rate=81% evict=0 size=468.3MB/8.0GB keys=970]
18:12:25.974 [vtk-image] view=main total=2.6ms | ascontiguous=1.7ms numpy_to_vtk=0.9ms | shape=(194, 83, 149) bytes=4.6MB downsampled=False
18:12:26.406 [load] comp=3 ch=2 roi=(503:652,196:279) total=430.9ms | dask-build=1.0ms compute=429.8ms | src=DISK bytes=4.6MB shape=(194, 83, 149) fetch=chunks(disk=194,remote=0) downloaded=0.0B mem=mem-cache[hits=3 misses=23 rate=12% evict=0 entries=23 size=1.5GB] disk=disk-cache[hits=4469 misses(remote)=984 rate=82% evict=0 size=468.3MB/8.0GB keys=970]
18:12:26.408 [vtk-image] view=main total=2.5ms | ascontiguous=1.6ms numpy_to_vtk=0.8ms | shape=(194, 83, 149) bytes=4.6MB downsampled=False
18:12:26.742 [load] comp=3 ch=7 roi=(503:652,196:279) total=333.6ms | dask-build=1.0ms compute=332.5ms | src=DISK bytes=4.6MB shape=(194, 83, 149) fetch=chunks(disk=194,remote=0) downloaded=0.0B mem=mem-cache[hits=3 misses=24 rate=11% evict=0 entries=24 size=1.5GB] disk=disk-cache[hits=4663 misses(remote)=984 rate=83% evict=0 size=468.3MB/8.0GB keys=970]
18:12:26.745 [vtk-image] view=main total=2.5ms | ascontiguous=1.6ms numpy_to_vtk=0.9ms | shape=(194, 83, 149) bytes=4.6MB downsampled=False
18:12:26.745 [background-load] comp=3 gen=102 total=1082.4ms |  | channels=3 stage=1/2 queue_wait=65322ms
18:12:27.000 [apply-main] comp=3 channels=3 total=111.1ms | gpu-upload[ch0]=0.2ms gpu-upload[ch2]=0.0ms gpu-upload[ch7]=0.0ms render=110.6ms | end_to_end_latency=66659ms
18:12:28.675 [load] comp=1 ch=0 roi=(2014:2606,786:1116) total=1929.7ms | dask-build=4.3ms compute=1925.3ms | src=DISK bytes=72.3MB shape=(194, 330, 592) fetch=chunks(disk=776,remote=0) downloaded=0.0B mem=mem-cache[hits=3 misses=25 rate=11% evict=0 entries=25 size=1.5GB] disk=disk-cache[hits=5439 misses(remote)=984 rate=85% evict=0 size=468.3MB/8.0GB keys=970]
18:12:28.754 [vtk-image] view=main total=77.6ms | ascontiguous=51.3ms numpy_to_vtk=26.2ms | shape=(194, 330, 592) bytes=72.3MB downsampled=False
