# BioSET profiling started 2026-07-15T01:42:13
01:42:21.557 [load] comp=6 ch=0 roi=(0:170,0:86) total=301.2ms | assemble=205.6ms | src=CHUNK bytes=5.4MB shape=(194, 86, 170) chunk=chunk-cache[hi:hits=0 miss=0 rate=0% evict=0 entries=0 size=0.0B | lo:entries=1 size=5.4MB evict=0] fetched=5.4MB] disk=disk-cache[hits=198 misses(remote)=6 rate=97% evict=0 size=0.0B/8.0GB keys=0]
01:42:21.558 [vtk-image] view=main total=0.9ms | ascontiguous=0.0ms numpy_to_vtk=0.9ms | shape=(194, 86, 170) bytes=5.4MB downsampled=False
01:42:21.732 [load] comp=6 ch=0 roi=(0:170,0:86) total=1.1ms | assemble=1.0ms | src=CHUNK bytes=5.4MB shape=(194, 86, 170) chunk=chunk-cache[hi:hits=0 miss=0 rate=0% evict=0 entries=0 size=0.0B | lo:entries=1 size=5.4MB evict=0] fetched=5.4MB] disk=disk-cache[hits=198 misses(remote)=6 rate=97% evict=0 size=0.0B/8.0GB keys=0]
01:42:21.734 [vtk-image] view=main total=1.1ms | ascontiguous=0.0ms numpy_to_vtk=1.1ms | shape=(194, 86, 170) bytes=5.4MB downsampled=False
01:42:24.097 [vtk-image] view=main total=60.4ms | ascontiguous=0.0ms downsample=54.3ms numpy_to_vtk=6.0ms | shape=(146, 259, 512) bytes=36.9MB downsampled=True
01:42:24.386 [apply-main] comp=4 channels=1 total=0.2ms | gpu-upload[ch0]=0.1ms | end_to_end_latency=723ms hires=False capped=True
01:42:24.469 [render] kind=interactive total=83.4ms | gpu=66.5ms | 
01:42:24.726 [vtk-image] view=main total=59.8ms | ascontiguous=0.0ms downsample=55.5ms numpy_to_vtk=4.2ms | shape=(146, 259, 512) bytes=36.9MB downsampled=True
01:42:24.787 [vtk-image] view=main total=59.5ms | ascontiguous=0.0ms downsample=55.3ms numpy_to_vtk=4.1ms | shape=(146, 259, 512) bytes=36.9MB downsampled=True
01:42:24.790 [background-load] comp=4 gen=7 total=911.6ms |  | channels=1 stage=1/2 queue_wait=215ms chunk=chunk-cache[hi:hits=0 miss=3 rate=0% evict=0 entries=1 size=86.7MB | lo:entries=1 size=5.4MB evict=0] fetched=92.1MB]
01:42:24.897 [apply-main] comp=4 channels=1 total=0.2ms | gpu-upload[ch0]=0.1ms | end_to_end_latency=1234ms hires=False capped=True
01:42:25.170 [render] kind=interactive total=74.4ms | gpu=55.6ms | 
01:42:26.172 [vtk-image] view=main total=32.5ms | ascontiguous=0.0ms downsample=30.3ms numpy_to_vtk=2.1ms | shape=(48, 256, 512) bytes=12.0MB downsampled=True
01:42:26.187 [apply-main] comp=2 channels=1 total=0.2ms | gpu-upload[ch0]=0.2ms | end_to_end_latency=2524ms hires=False capped=True
01:42:26.227 [render] kind=interactive total=39.7ms | gpu=29.2ms | 
01:42:27.028 [vtk-image] view=main total=21.3ms | ascontiguous=0.0ms downsample=19.8ms numpy_to_vtk=1.5ms | shape=(48, 256, 512) bytes=12.0MB downsampled=True
01:42:27.105 [vtk-image] view=main total=30.4ms | ascontiguous=0.0ms downsample=28.5ms numpy_to_vtk=1.8ms | shape=(48, 256, 512) bytes=12.0MB downsampled=True
01:42:27.126 [background-load] comp=2 gen=7 total=2335.7ms |  | channels=1 stage=2/2 queue_wait=1127ms chunk=chunk-cache[hi:hits=1 miss=9 rate=10% evict=0 entries=3 size=862.7MB | lo:entries=1 size=5.4MB evict=0] fetched=868.1MB]
01:42:27.126 [apply-main] comp=2 channels=1 total=0.2ms | gpu-upload[ch0]=0.1ms | end_to_end_latency=3464ms hires=False capped=True
01:42:27.163 [render] kind=interactive total=35.9ms | gpu=19.9ms | 
01:42:28.870 [vtk-image] view=main total=109.7ms | ascontiguous=0.0ms numpy_to_vtk=109.6ms | shape=(194, 1024, 2048) bytes=776.0MB downsampled=False
01:42:28.997 [apply-main] comp=2 channels=1 total=0.2ms | gpu-upload[ch0]=0.1ms | end_to_end_latency=127ms hires=True capped=False
01:42:28.997 [vtk-image] view=main total=83.0ms | ascontiguous=0.0ms numpy_to_vtk=82.9ms | shape=(194, 1024, 2048) bytes=776.0MB downsampled=False
01:42:29.701 [render] kind=interactive total=703.8ms | gpu=689.8ms | 
01:42:29.752 [render] kind=interactive total=38.1ms | gpu=38.0ms | 
01:42:36.424 [vtk-image] view=main total=41.7ms | ascontiguous=0.0ms downsample=39.2ms numpy_to_vtk=2.1ms | shape=(48, 256, 512) bytes=12.0MB downsampled=True
01:42:38.941 [apply-main] comp=1 channels=1 total=0.5ms | gpu-upload[ch0]=0.3ms | end_to_end_latency=8993ms hires=False capped=True
01:42:39.010 [render] kind=interactive total=63.8ms | gpu=53.7ms | 
01:42:39.908 [vtk-image] view=main total=29.3ms | ascontiguous=0.0ms downsample=27.4ms numpy_to_vtk=1.8ms | shape=(48, 256, 512) bytes=12.0MB downsampled=True
01:42:39.979 [vtk-image] view=main total=24.0ms | ascontiguous=0.0ms downsample=22.4ms numpy_to_vtk=1.5ms | shape=(48, 256, 512) bytes=12.0MB downsampled=True
01:42:40.000 [apply-main] comp=1 channels=1 total=0.2ms | gpu-upload[ch0]=0.1ms | end_to_end_latency=10052ms hires=False capped=True
01:42:40.000 [background-load] comp=1 gen=9 total=9811.6ms |  | channels=1 stage=1/1 queue_wait=241ms chunk=chunk-cache[hi:hits=6 miss=17 rate=26% evict=3 entries=2 size=776.0MB | lo:entries=1 size=5.4MB evict=0] fetched=1.6GB]
01:42:40.049 [render] kind=interactive total=49.1ms | gpu=32.7ms | 
01:42:41.495 [render] kind=interactive total=47.3ms | gpu=47.2ms | 
01:42:42.162 [vtk-image] view=main total=86.7ms | ascontiguous=0.0ms downsample=82.1ms numpy_to_vtk=4.4ms | shape=(73, 258, 512) bytes=18.4MB downsampled=True
01:42:42.802 [background-load] comp=3 gen=15 total=949.8ms |  | channels=1 stage=1/1 queue_wait=355ms chunk=chunk-cache[hi:hits=6 miss=27 rate=18% evict=3 entries=3 size=862.3MB | lo:entries=1 size=5.4MB evict=0] fetched=1.7GB]
01:42:43.038 [vtk-image] view=main total=79.0ms | ascontiguous=0.0ms downsample=74.8ms numpy_to_vtk=4.1ms | shape=(146, 259, 512) bytes=36.9MB downsampled=True
01:42:43.103 [apply-main] comp=4 channels=1 total=0.2ms | gpu-upload[ch0]=0.1ms | end_to_end_latency=510ms hires=False capped=True
01:42:43.188 [render] kind=interactive total=84.1ms | gpu=68.3ms | 
01:42:43.284 [vtk-image] view=main total=86.6ms | ascontiguous=0.0ms downsample=78.6ms numpy_to_vtk=7.8ms | shape=(146, 259, 512) bytes=36.9MB downsampled=True
01:42:43.311 [apply-main] comp=4 channels=1 total=0.2ms | gpu-upload[ch0]=0.2ms | end_to_end_latency=718ms hires=False capped=True
01:42:43.372 [render] kind=interactive total=60.5ms | gpu=49.6ms | 
01:42:43.378 [vtk-image] view=main total=91.9ms | ascontiguous=0.0ms downsample=86.6ms numpy_to_vtk=5.2ms | shape=(146, 259, 512) bytes=36.9MB downsampled=True
01:42:43.408 [background-load] comp=4 gen=18 total=525.1ms |  | channels=1 stage=1/1 queue_wait=289ms chunk=chunk-cache[hi:hits=6 miss=30 rate=17% evict=4 entries=4 size=821.7MB | lo:entries=1 size=5.4MB evict=0] fetched=2.0GB]
01:42:43.507 [apply-main] comp=4 channels=1 total=0.2ms | gpu-upload[ch0]=0.2ms | end_to_end_latency=913ms hires=False capped=True
01:42:43.556 [render] kind=interactive total=48.4ms | gpu=36.6ms | 
01:42:43.881 [vtk-image] view=main total=10.8ms | ascontiguous=0.0ms numpy_to_vtk=10.6ms | shape=(194, 344, 681) bytes=86.7MB downsampled=False
01:42:43.897 [apply-main] comp=4 channels=1 total=0.3ms | gpu-upload[ch0]=0.2ms | end_to_end_latency=16ms hires=True capped=False
01:42:44.053 [render] kind=interactive total=156.2ms | gpu=143.1ms | 
01:42:44.084 [render] kind=interactive total=18.2ms | gpu=18.1ms | 
01:42:47.272 [vtk-image] view=main total=90.6ms | ascontiguous=0.0ms downsample=82.6ms numpy_to_vtk=2.4ms | shape=(48, 256, 512) bytes=12.0MB downsampled=True
01:42:47.514 [apply-main] comp=2 channels=1 total=0.2ms | gpu-upload[ch0]=0.1ms | end_to_end_latency=3340ms hires=False capped=True
01:42:47.551 [render] kind=interactive total=36.4ms | gpu=27.6ms | 
01:42:48.415 [vtk-image] view=main total=29.4ms | ascontiguous=0.0ms downsample=27.7ms numpy_to_vtk=1.6ms | shape=(48, 256, 512) bytes=12.0MB downsampled=True
01:42:48.491 [vtk-image] view=main total=24.3ms | ascontiguous=0.0ms downsample=22.3ms numpy_to_vtk=1.8ms | shape=(48, 256, 512) bytes=12.0MB downsampled=True
01:42:48.519 [apply-main] comp=2 channels=1 total=0.2ms | gpu-upload[ch0]=0.1ms | end_to_end_latency=4344ms hires=False capped=True
01:42:48.519 [background-load] comp=2 gen=22 total=4122.7ms |  | channels=1 stage=1/1 queue_wait=222ms chunk=chunk-cache[hi:hits=9 miss=36 rate=20% evict=8 entries=2 size=776.0MB | lo:entries=1 size=5.4MB evict=0] fetched=2.8GB]
01:42:48.571 [render] kind=interactive total=51.9ms | gpu=33.2ms | 
01:42:49.528 [vtk-image] view=main total=87.4ms | ascontiguous=0.0ms numpy_to_vtk=87.3ms | shape=(194, 1024, 2048) bytes=776.0MB downsampled=False
01:42:49.596 [render] kind=interactive total=66.9ms | gpu=46.0ms | 
01:42:49.737 [vtk-image] view=main total=124.3ms | ascontiguous=0.0ms numpy_to_vtk=124.2ms | shape=(194, 1024, 2048) bytes=776.0MB downsampled=False
01:42:49.801 [apply-main] comp=2 channels=1 total=0.3ms | gpu-upload[ch0]=0.2ms | end_to_end_latency=64ms hires=True capped=False
01:42:50.659 [render] kind=interactive total=858.2ms | gpu=858.1ms | 
01:42:51.841 [vtk-image] view=main total=113.1ms | ascontiguous=0.0ms downsample=109.4ms numpy_to_vtk=3.6ms | shape=(58, 308, 512) bytes=17.4MB downsampled=True
01:42:52.229 [apply-main] comp=2 channels=1 total=0.2ms | gpu-upload[ch0]=0.1ms | end_to_end_latency=1552ms hires=False capped=True
01:42:52.312 [render] kind=interactive total=82.2ms | gpu=69.1ms | 
01:42:52.391 [render] kind=interactive total=45.1ms | gpu=30.8ms | 
01:42:52.901 [vtk-image] view=main total=37.1ms | ascontiguous=0.0ms downsample=34.9ms numpy_to_vtk=2.2ms | shape=(58, 308, 512) bytes=17.4MB downsampled=True
01:42:52.937 [vtk-image] view=main total=36.3ms | ascontiguous=0.0ms downsample=33.6ms numpy_to_vtk=2.5ms | shape=(58, 308, 512) bytes=17.4MB downsampled=True
01:42:52.955 [background-load] comp=2 gen=23 total=1973.2ms |  | channels=1 stage=1/1 queue_wait=304ms chunk=chunk-cache[hi:hits=12 miss=45 rate=21% evict=9 entries=2 size=645.3MB | lo:entries=1 size=5.4MB evict=0] fetched=3.0GB]
01:42:53.000 [apply-main] comp=2 channels=1 total=0.2ms | gpu-upload[ch0]=0.1ms | end_to_end_latency=2323ms hires=False capped=True
01:42:53.018 [render] kind=interactive total=17.5ms | gpu=17.4ms | 
01:42:54.071 [vtk-image] view=main total=98.0ms | ascontiguous=0.0ms numpy_to_vtk=97.9ms | shape=(194, 1024, 1703) bytes=645.3MB downsampled=False
01:42:54.218 [vtk-image] view=main total=102.6ms | ascontiguous=0.0ms numpy_to_vtk=102.5ms | shape=(194, 1024, 1703) bytes=645.3MB downsampled=False
01:42:54.218 [apply-main] comp=2 channels=1 total=0.1ms | gpu-upload[ch0]=0.1ms | end_to_end_latency=147ms hires=True capped=False
01:42:54.878 [render] kind=interactive total=643.3ms | gpu=643.2ms | 
01:42:55.356 [render] kind=interactive total=66.9ms | gpu=66.8ms | 
01:42:55.865 [vtk-image] view=main total=99.0ms | ascontiguous=0.0ms downsample=93.8ms numpy_to_vtk=5.0ms | shape=(146, 259, 512) bytes=36.9MB downsampled=True
01:42:56.062 [apply-main] comp=4 channels=1 total=0.2ms | gpu-upload[ch0]=0.1ms | end_to_end_latency=646ms hires=False capped=True
01:42:56.126 [render] kind=interactive total=63.3ms | gpu=52.6ms | 
01:42:56.387 [vtk-image] view=main total=109.1ms | ascontiguous=0.0ms downsample=99.9ms numpy_to_vtk=8.5ms | shape=(146, 259, 512) bytes=36.9MB downsampled=True
01:42:56.418 [apply-main] comp=4 channels=1 total=0.2ms | gpu-upload[ch0]=0.1ms | end_to_end_latency=1002ms hires=False capped=True
01:42:56.472 [render] kind=interactive total=53.3ms | gpu=42.8ms | 
01:42:56.477 [vtk-image] view=main total=87.9ms | ascontiguous=0.0ms downsample=82.8ms numpy_to_vtk=5.0ms | shape=(146, 259, 512) bytes=36.9MB downsampled=True
01:42:56.494 [background-load] comp=4 gen=27 total=803.4ms |  | channels=1 stage=1/1 queue_wait=274ms chunk=chunk-cache[hi:hits=14 miss=52 rate=21% evict=9 entries=3 size=732.0MB | lo:entries=1 size=5.4MB evict=0] fetched=3.1GB]
01:42:56.605 [apply-main] comp=4 channels=1 total=0.2ms | gpu-upload[ch0]=0.2ms | end_to_end_latency=1189ms hires=False capped=True
01:42:56.654 [render] kind=interactive total=48.6ms | gpu=38.5ms | 
01:42:56.977 [vtk-image] view=main total=8.7ms | ascontiguous=0.0ms numpy_to_vtk=8.7ms | shape=(194, 344, 681) bytes=86.7MB downsampled=False
01:42:56.999 [apply-main] comp=4 channels=1 total=0.4ms | gpu-upload[ch0]=0.3ms | end_to_end_latency=22ms hires=True capped=False
01:42:57.112 [render] kind=interactive total=112.8ms | gpu=101.4ms | 
01:42:57.144 [render] kind=interactive total=16.3ms | gpu=16.3ms | 
01:42:59.529 [vtk-image] view=main total=103.1ms | ascontiguous=0.0ms downsample=75.4ms numpy_to_vtk=2.9ms | shape=(58, 308, 512) bytes=17.4MB downsampled=True
01:42:59.571 [background-load] comp=2 gen=33 total=1949.3ms |  | channels=1 stage=1/1 queue_wait=216ms chunk=chunk-cache[hi:hits=18 miss=56 rate=24% evict=9 entries=3 size=732.0MB | lo:entries=1 size=5.4MB evict=0] fetched=3.1GB]
01:42:59.604 [apply-main] comp=2 channels=1 total=0.1ms | gpu-upload[ch0]=0.1ms | end_to_end_latency=2198ms hires=False capped=True
01:42:59.632 [render] kind=interactive total=27.9ms | gpu=27.8ms | 
01:43:01.423 [vtk-image] view=main total=120.5ms | ascontiguous=0.0ms downsample=93.9ms numpy_to_vtk=6.1ms | shape=(97, 512, 512) bytes=48.5MB downsampled=True
01:43:01.447 [background-load] comp=2 gen=34 total=1595.5ms |  | channels=1 stage=1/1 queue_wait=211ms chunk=chunk-cache[hi:hits=20 miss=58 rate=26% evict=9 entries=3 size=732.0MB | lo:entries=1 size=5.4MB evict=0] fetched=3.1GB]
01:43:01.604 [apply-main] comp=2 channels=1 total=0.2ms | gpu-upload[ch0]=0.1ms | end_to_end_latency=1964ms hires=False capped=True
01:43:01.690 [render] kind=interactive total=85.5ms | gpu=69.9ms | 
01:43:01.890 [render] kind=interactive total=42.2ms | gpu=42.1ms | 
01:43:08.810 [background-load] comp=1 gen=39 total=6385.6ms |  | channels=1 stage=1/1 queue_wait=250ms chunk=chunk-cache[hi:hits=22 miss=62 rate=26% evict=9 entries=3 size=732.0MB | lo:entries=1 size=5.4MB evict=0] fetched=3.1GB]
01:43:17.534 [background-load] comp=1 gen=43 total=6411.2ms |  | channels=1 stage=1/1 queue_wait=2198ms chunk=chunk-cache[hi:hits=24 miss=66 rate=27% evict=9 entries=3 size=732.0MB | lo:entries=1 size=5.4MB evict=0] fetched=3.1GB]
01:43:18.349 [vtk-image] view=main total=41.6ms | ascontiguous=0.0ms downsample=38.1ms numpy_to_vtk=3.3ms | shape=(73, 258, 512) bytes=18.4MB downsampled=True
01:43:18.400 [apply-main] comp=3 channels=1 total=0.2ms | gpu-upload[ch0]=0.1ms | end_to_end_latency=1061ms hires=False capped=True
01:43:18.456 [render] kind=interactive total=55.3ms | gpu=43.2ms | 
01:43:18.730 [vtk-image] view=main total=44.4ms | ascontiguous=0.0ms downsample=41.6ms numpy_to_vtk=2.7ms | shape=(73, 258, 512) bytes=18.4MB downsampled=True
01:43:18.791 [apply-main] comp=3 channels=1 total=0.4ms | gpu-upload[ch0]=0.3ms | end_to_end_latency=1452ms hires=False capped=True
01:43:18.829 [render] kind=interactive total=38.0ms | gpu=27.0ms | 
01:43:18.860 [vtk-image] view=main total=52.1ms | ascontiguous=0.0ms downsample=49.1ms numpy_to_vtk=2.8ms | shape=(73, 258, 512) bytes=18.4MB downsampled=True
01:43:18.875 [background-load] comp=3 gen=46 total=1294.1ms |  | channels=1 stage=1/1 queue_wait=241ms chunk=chunk-cache[hi:hits=25 miss=71 rate=26% evict=10 entries=4 size=821.7MB | lo:entries=1 size=5.4MB evict=0] fetched=3.5GB]
01:43:18.945 [apply-main] comp=3 channels=1 total=0.2ms | gpu-upload[ch0]=0.2ms | end_to_end_latency=1606ms hires=False capped=True
01:43:18.979 [render] kind=interactive total=33.5ms | gpu=21.3ms | 
01:43:19.856 [vtk-image] view=main total=48.9ms | ascontiguous=0.0ms numpy_to_vtk=48.8ms | shape=(194, 688, 1363) bytes=347.0MB downsampled=False
01:43:19.920 [vtk-image] view=main total=49.3ms | ascontiguous=0.0ms numpy_to_vtk=49.2ms | shape=(194, 688, 1363) bytes=347.0MB downsampled=False
01:43:19.971 [apply-main] comp=3 channels=1 total=0.2ms | gpu-upload[ch0]=0.1ms | end_to_end_latency=50ms hires=True capped=False
01:43:20.412 [render] kind=interactive total=440.9ms | gpu=426.8ms | 
01:43:20.762 [render] kind=still total=118.8ms | gpu=72.6ms | 
01:43:20.843 [render] kind=interactive total=42.9ms | gpu=42.8ms | 
01:43:28.135 [background-load] comp=1 gen=52 total=7118.7ms |  | channels=1 stage=1/1 queue_wait=171ms chunk=chunk-cache[hi:hits=31 miss=75 rate=29% evict=10 entries=4 size=821.7MB | lo:entries=1 size=5.4MB evict=0] fetched=3.5GB]
01:43:31.124 [vtk-image] view=main total=131.7ms | ascontiguous=0.0ms downsample=100.0ms numpy_to_vtk=31.5ms | shape=(97, 512, 512) bytes=48.5MB downsampled=True
01:43:31.162 [background-load] comp=2 gen=57 total=2916.2ms |  | channels=1 stage=1/2 queue_wait=253ms chunk=chunk-cache[hi:hits=34 miss=76 rate=31% evict=10 entries=4 size=821.7MB | lo:entries=1 size=5.4MB evict=0] fetched=3.5GB]
01:43:38.388 [apply-main] comp=2 channels=1 total=0.2ms | gpu-upload[ch0]=0.1ms | end_to_end_latency=10396ms hires=False capped=True
01:43:38.581 [render] kind=interactive total=191.7ms | gpu=172.9ms | 
01:43:38.715 [render] kind=interactive total=59.0ms | gpu=41.7ms | 
01:44:21.076 [background-load] comp=0 gen=57 total=49889.7ms |  | channels=1 stage=2/2 queue_wait=3193ms chunk=chunk-cache[hi:hits=37 miss=83 rate=31% evict=10 entries=4 size=821.7MB | lo:entries=1 size=5.4MB evict=0] fetched=3.5GB]
01:44:31.147 [vtk-image] view=main total=125.7ms | ascontiguous=1.1ms downsample=109.8ms numpy_to_vtk=14.5ms | shape=(48, 256, 512) bytes=12.0MB downsampled=True
01:44:33.343 [background-load] comp=1 gen=65 total=11871.1ms |  | channels=1 stage=1/1 queue_wait=11249ms chunk=chunk-cache[hi:hits=40 miss=88 rate=31% evict=14 entries=2 size=776.0MB | lo:entries=1 size=5.4MB evict=0] fetched=4.2GB]
01:44:33.680 [vtk-image] view=main total=41.8ms | ascontiguous=0.0ms downsample=38.2ms numpy_to_vtk=2.8ms | shape=(73, 258, 512) bytes=18.4MB downsampled=True
01:44:33.784 [apply-main] comp=3 channels=1 total=5.6ms | gpu-upload[ch0]=2.6ms | end_to_end_latency=1921ms hires=False capped=True
01:44:33.939 [render] kind=interactive total=153.8ms | gpu=138.8ms | 
01:44:34.204 [vtk-image] view=main total=56.3ms | ascontiguous=0.0ms downsample=53.3ms numpy_to_vtk=2.8ms | shape=(73, 258, 512) bytes=18.4MB downsampled=True
01:44:34.275 [apply-main] comp=3 channels=1 total=0.3ms | gpu-upload[ch0]=0.2ms | end_to_end_latency=2412ms hires=False capped=True
01:44:34.287 [vtk-image] view=main total=37.6ms | ascontiguous=0.0ms downsample=34.7ms numpy_to_vtk=2.7ms | shape=(73, 258, 512) bytes=18.4MB downsampled=True
01:44:34.300 [background-load] comp=3 gen=69 total=877.4ms |  | channels=1 stage=1/1 queue_wait=1560ms chunk=chunk-cache[hi:hits=40 miss=94 rate=30% evict=15 entries=3 size=735.0MB | lo:entries=1 size=5.4MB evict=0] fetched=4.6GB]
01:44:34.319 [render] kind=interactive total=44.1ms | gpu=30.5ms | 
01:44:34.432 [apply-main] comp=3 channels=1 total=0.5ms | gpu-upload[ch0]=0.4ms | end_to_end_latency=2569ms hires=False capped=True
01:44:34.466 [render] kind=interactive total=33.6ms | gpu=20.6ms | 
01:44:35.034 [vtk-image] view=main total=53.1ms | ascontiguous=0.0ms numpy_to_vtk=53.0ms | shape=(194, 688, 1363) bytes=347.0MB downsampled=False
01:44:35.100 [apply-main] comp=3 channels=1 total=0.3ms | gpu-upload[ch0]=0.2ms | end_to_end_latency=66ms hires=True capped=False
01:44:35.100 [vtk-image] view=main total=49.1ms | ascontiguous=0.0ms numpy_to_vtk=49.0ms | shape=(194, 688, 1363) bytes=347.0MB downsampled=False
01:44:35.609 [render] kind=interactive total=508.4ms | gpu=491.1ms | 
01:44:35.738 [apply-main] comp=3 channels=1 total=0.4ms | gpu-upload[ch0]=0.3ms | end_to_end_latency=638ms hires=True capped=False
01:44:36.013 [render] kind=interactive total=274.7ms | gpu=260.0ms | 
01:44:36.338 [render] kind=still total=101.5ms | gpu=57.2ms | 
01:44:36.965 [render] kind=interactive total=89.7ms | gpu=89.6ms | 
01:44:37.299 [vtk-image] view=main total=4.2ms | ascontiguous=0.0ms numpy_to_vtk=4.1ms | shape=(194, 172, 340) bytes=21.6MB downsampled=False
01:44:37.372 [apply-main] comp=5 channels=1 total=0.2ms | gpu-upload[ch0]=0.1ms | end_to_end_latency=345ms hires=False capped=False
01:44:37.618 [render] kind=interactive total=246.3ms | gpu=232.8ms | 
01:44:38.264 [vtk-image] view=main total=3.3ms | ascontiguous=0.0ms numpy_to_vtk=3.2ms | shape=(194, 172, 340) bytes=21.6MB downsampled=False
01:44:38.268 [vtk-image] view=main total=3.9ms | ascontiguous=0.0ms numpy_to_vtk=3.8ms | shape=(194, 172, 340) bytes=21.6MB downsampled=False
01:44:38.269 [background-load] comp=5 gen=74 total=1003.8ms |  | channels=1 stage=1/1 queue_wait=238ms chunk=chunk-cache[hi:hits=42 miss=98 rate=30% evict=15 entries=4 size=756.6MB | lo:entries=1 size=5.4MB evict=0] fetched=4.6GB]
01:44:38.350 [apply-main] comp=5 channels=1 total=0.3ms | gpu-upload[ch0]=0.1ms | end_to_end_latency=1323ms hires=False capped=False
01:44:38.398 [render] kind=interactive total=47.2ms | gpu=36.2ms | 
01:44:38.690 [render] kind=still total=61.1ms | gpu=28.9ms | 
01:44:39.281 [render] kind=interactive total=64.1ms | gpu=43.4ms | 
01:44:39.608 [render] kind=still total=29.9ms | gpu=29.7ms | 
01:44:40.462 [render] kind=still total=59.6ms | gpu=28.0ms | 
01:44:41.447 [vtk-image] view=main total=50.1ms | ascontiguous=0.0ms downsample=47.2ms numpy_to_vtk=2.8ms | shape=(73, 258, 512) bytes=18.4MB downsampled=True
01:44:41.481 [background-load] comp=3 gen=80 total=676.9ms |  | channels=1 stage=1/1 queue_wait=212ms chunk=chunk-cache[hi:hits=45 miss=99 rate=31% evict=15 entries=4 size=756.6MB | lo:entries=1 size=5.4MB evict=0] fetched=4.6GB]
01:44:41.542 [apply-main] comp=3 channels=1 total=0.2ms | gpu-upload[ch0]=0.1ms | end_to_end_latency=950ms hires=False capped=True
01:44:41.580 [render] kind=interactive total=37.9ms | gpu=28.2ms | 
01:44:42.411 [vtk-image] view=main total=41.3ms | ascontiguous=0.0ms numpy_to_vtk=41.2ms | shape=(194, 688, 1363) bytes=347.0MB downsampled=False
01:44:42.478 [apply-main] comp=3 channels=1 total=0.6ms | gpu-upload[ch0]=0.4ms | end_to_end_latency=67ms hires=True capped=False
01:44:42.479 [vtk-image] view=main total=47.0ms | ascontiguous=0.0ms numpy_to_vtk=46.9ms | shape=(194, 688, 1363) bytes=347.0MB downsampled=False
01:44:42.913 [render] kind=interactive total=433.7ms | gpu=420.4ms | 
01:44:42.981 [render] kind=interactive total=38.6ms | gpu=28.4ms | 
01:44:43.041 [apply-main] comp=3 channels=1 total=0.1ms | gpu-upload[ch0]=0.1ms | end_to_end_latency=561ms hires=True capped=False
01:44:43.291 [render] kind=interactive total=250.2ms | gpu=250.1ms | 
01:44:43.573 [render] kind=still total=72.3ms | gpu=72.1ms | 
01:44:44.290 [render] kind=still total=59.0ms | gpu=27.4ms | 
01:44:44.578 [render] kind=interactive total=42.1ms | gpu=41.9ms | 
01:44:48.086 [vtk-image] view=main total=69.6ms | ascontiguous=0.0ms downsample=65.9ms numpy_to_vtk=3.5ms | shape=(58, 308, 512) bytes=17.4MB downsampled=True
01:44:48.467 [apply-main] comp=2 channels=1 total=0.2ms | gpu-upload[ch0]=0.1ms | end_to_end_latency=3848ms hires=False capped=True
01:44:48.523 [render] kind=interactive total=55.0ms | gpu=42.2ms | 
01:44:49.107 [vtk-image] view=main total=39.6ms | ascontiguous=0.0ms downsample=36.6ms numpy_to_vtk=2.8ms | shape=(58, 308, 512) bytes=17.4MB downsampled=True
01:44:49.185 [apply-main] comp=2 channels=1 total=0.3ms | gpu-upload[ch0]=0.2ms | end_to_end_latency=4566ms hires=False capped=True
01:44:49.218 [render] kind=interactive total=32.9ms | gpu=19.7ms | 
01:44:49.233 [vtk-image] view=main total=39.3ms | ascontiguous=0.0ms downsample=36.8ms numpy_to_vtk=2.3ms | shape=(58, 308, 512) bytes=17.4MB downsampled=True
01:44:49.250 [background-load] comp=2 gen=84 total=4417.5ms |  | channels=1 stage=1/1 queue_wait=213ms chunk=chunk-cache[hi:hits=51 miss=105 rate=33% evict=16 entries=5 size=1013.9MB | lo:entries=1 size=5.4MB evict=0] fetched=5.2GB]
01:44:49.342 [apply-main] comp=2 channels=1 total=0.2ms | gpu-upload[ch0]=0.2ms | end_to_end_latency=4723ms hires=False capped=True
01:44:49.387 [render] kind=interactive total=44.6ms | gpu=34.7ms | 
01:44:51.723 [render] kind=interactive total=42.3ms | gpu=24.5ms | 
01:44:52.346 [vtk-image] view=main total=80.3ms | ascontiguous=0.0ms numpy_to_vtk=80.3ms | shape=(194, 1024, 1703) bytes=645.3MB downsampled=False
01:44:52.465 [apply-main] comp=2 channels=1 total=0.2ms | gpu-upload[ch0]=0.1ms | end_to_end_latency=119ms hires=True capped=False
01:44:52.465 [vtk-image] view=main total=71.6ms | ascontiguous=0.0ms numpy_to_vtk=71.5ms | shape=(194, 1024, 1703) bytes=645.3MB downsampled=False
01:44:53.173 [render] kind=interactive total=707.0ms | gpu=707.0ms | 
01:44:53.871 [render] kind=interactive total=97.4ms | gpu=75.5ms | 
01:44:56.321 [background-load] comp=2 gen=85 total=2403.6ms |  | channels=1 stage=1/1 queue_wait=732ms chunk=chunk-cache[hi:hits=59 miss=107 rate=36% evict=16 entries=5 size=1013.9MB | lo:entries=1 size=5.4MB evict=0] fetched=5.2GB]
01:45:00.546 [vtk-image] view=main total=196.8ms | ascontiguous=0.0ms downsample=151.3ms numpy_to_vtk=45.4ms | shape=(97, 512, 512) bytes=48.5MB downsampled=True
01:45:00.584 [background-load] comp=2 gen=86 total=3102.3ms |  | channels=1 stage=1/1 queue_wait=1326ms chunk=chunk-cache[hi:hits=62 miss=108 rate=36% evict=16 entries=5 size=1013.9MB | lo:entries=1 size=5.4MB evict=0] fetched=5.2GB]
01:45:01.518 [apply-main] comp=2 channels=1 total=0.2ms | gpu-upload[ch0]=0.1ms | end_to_end_latency=5362ms hires=False capped=True
01:45:01.601 [render] kind=interactive total=82.9ms | gpu=70.3ms | 
01:45:04.042 [vtk-image] view=main total=47.4ms | ascontiguous=0.0ms numpy_to_vtk=47.3ms | shape=(194, 1024, 1024) bytes=388.0MB downsampled=False
01:45:04.064 [render] kind=interactive total=23.0ms | gpu=22.9ms | 
01:45:05.023 [vtk-image] view=main total=35.4ms | ascontiguous=0.0ms downsample=33.0ms numpy_to_vtk=2.2ms | shape=(73, 258, 512) bytes=18.4MB downsampled=True
01:45:05.100 [background-load] comp=3 gen=91 total=758.8ms |  | channels=1 stage=1/1 queue_wait=174ms chunk=chunk-cache[hi:hits=68 miss=110 rate=38% evict=16 entries=5 size=1013.9MB | lo:entries=1 size=5.4MB evict=0] fetched=5.2GB]
01:45:05.105 [apply-main] comp=3 channels=1 total=0.1ms | gpu-upload[ch0]=0.1ms | end_to_end_latency=938ms hires=False capped=True
01:45:05.171 [render] kind=interactive total=66.1ms | gpu=52.6ms | 
01:45:05.945 [vtk-image] view=main total=41.2ms | ascontiguous=0.0ms numpy_to_vtk=41.1ms | shape=(194, 688, 1363) bytes=347.0MB downsampled=False
01:45:06.014 [vtk-image] view=main total=52.2ms | ascontiguous=0.0ms numpy_to_vtk=52.1ms | shape=(194, 688, 1363) bytes=347.0MB downsampled=False
01:45:06.085 [apply-main] comp=3 channels=1 total=0.4ms | gpu-upload[ch0]=0.2ms | end_to_end_latency=71ms hires=True capped=False
01:45:06.499 [render] kind=interactive total=414.0ms | gpu=402.3ms | 
01:45:06.665 [render] kind=interactive total=28.3ms | gpu=28.2ms | 
01:45:16.045 [load] comp=6 ch=1 roi=(0:170,0:86) total=2508.7ms | assemble=2507.9ms | src=CHUNK bytes=5.4MB shape=(194, 86, 170) chunk=chunk-cache[hi:hits=74 miss=116 rate=39% evict=16 entries=5 size=1013.9MB | lo:entries=2 size=10.8MB evict=0] fetched=5.2GB] disk=disk-cache[hits=4490 misses(remote)=42 rate=99% evict=0 size=0.0B/8.0GB keys=0]
01:45:16.047 [vtk-image] view=main total=1.3ms | ascontiguous=0.0ms numpy_to_vtk=1.3ms | shape=(194, 86, 170) bytes=5.4MB downsampled=False
01:45:16.080 [vtk-image] view=main total=60.2ms | ascontiguous=0.0ms downsample=54.3ms numpy_to_vtk=5.7ms | shape=(48, 512, 512) bytes=24.0MB downsampled=True
01:45:16.544 [load] comp=6 ch=1 roi=(0:170,0:86) total=7.7ms | assemble=7.6ms | src=CHUNK bytes=5.4MB shape=(194, 86, 170) chunk=chunk-cache[hi:hits=74 miss=120 rate=38% evict=16 entries=5 size=1013.9MB | lo:entries=2 size=10.8MB evict=0] fetched=5.2GB] disk=disk-cache[hits=4758 misses(remote)=42 rate=99% evict=0 size=0.0B/8.0GB keys=0]
01:45:16.545 [vtk-image] view=main total=0.9ms | ascontiguous=0.0ms numpy_to_vtk=0.9ms | shape=(194, 86, 170) bytes=5.4MB downsampled=False
01:45:17.452 [background-load] comp=1 gen=97 total=10358.5ms |  | channels=1 stage=1/1 queue_wait=152ms chunk=chunk-cache[hi:hits=74 miss=120 rate=38% evict=23 entries=2 size=776.0MB | lo:entries=2 size=10.8MB evict=0] fetched=6.7GB]
01:45:17.999 [vtk-image] view=main total=83.0ms | ascontiguous=0.0ms downsample=78.4ms numpy_to_vtk=4.4ms | shape=(97, 344, 512) bytes=32.6MB downsampled=True
01:45:18.077 [vtk-image] view=main total=97.4ms | ascontiguous=0.0ms downsample=93.2ms numpy_to_vtk=4.1ms | shape=(97, 344, 512) bytes=32.6MB downsampled=True
01:45:18.100 [apply-main] comp=3 channels=1 total=0.2ms | gpu-upload[ch0]=0.1ms | end_to_end_latency=1564ms hires=False capped=True
01:45:18.101 [apply-main] comp=3 channels=1 total=0.2ms | gpu-upload[ch1]=0.1ms | end_to_end_latency=1565ms hires=False capped=True
01:45:18.275 [render] kind=interactive total=173.6ms | gpu=143.2ms | 
01:45:18.617 [vtk-image] view=main total=81.6ms | ascontiguous=0.0ms downsample=76.1ms numpy_to_vtk=5.3ms | shape=(97, 344, 512) bytes=32.6MB downsampled=True
01:45:18.630 [apply-main] comp=3 channels=1 total=0.5ms | gpu-upload[ch0]=0.4ms | end_to_end_latency=2095ms hires=False capped=True
01:45:18.699 [vtk-image] view=main total=80.7ms | ascontiguous=0.0ms downsample=76.4ms numpy_to_vtk=4.2ms | shape=(97, 344, 512) bytes=32.6MB downsampled=True
01:45:18.700 [render] kind=interactive total=69.2ms | gpu=43.3ms | 
01:45:18.840 [vtk-image] view=main total=95.3ms | ascontiguous=0.0ms downsample=88.6ms numpy_to_vtk=6.6ms | shape=(97, 344, 512) bytes=32.6MB downsampled=True
01:45:18.848 [apply-main] comp=3 channels=1 total=0.2ms | gpu-upload[ch0]=0.1ms | end_to_end_latency=2312ms hires=False capped=True
01:45:18.848 [apply-main] comp=3 channels=1 total=0.1ms | gpu-upload[ch1]=0.1ms | end_to_end_latency=2313ms hires=False capped=True
01:45:18.920 [vtk-image] view=main total=78.0ms | ascontiguous=0.0ms downsample=72.5ms numpy_to_vtk=5.3ms | shape=(97, 344, 512) bytes=32.6MB downsampled=True
01:45:18.928 [background-load] comp=3 gen=98 total=1360.1ms |  | channels=2 stage=1/2 queue_wait=1032ms chunk=chunk-cache[hi:hits=74 miss=128 rate=37% evict=24 entries=3 size=909.4MB | lo:entries=2 size=10.8MB evict=0] fetched=7.2GB]
01:45:18.946 [render] kind=interactive total=97.9ms | gpu=80.0ms | 
01:45:21.402 [apply-main] comp=3 channels=1 total=0.3ms | gpu-upload[ch1]=0.2ms | end_to_end_latency=4866ms hires=False capped=True
01:45:21.461 [render] kind=interactive total=59.6ms | gpu=40.7ms | 
01:45:29.946 [vtk-image] view=main total=164.0ms | ascontiguous=0.0ms downsample=144.8ms numpy_to_vtk=6.9ms | shape=(48, 512, 512) bytes=24.0MB downsampled=True
01:45:30.189 [vtk-image] view=main total=86.8ms | ascontiguous=0.0ms downsample=83.0ms numpy_to_vtk=3.7ms | shape=(48, 512, 512) bytes=24.0MB downsampled=True
01:45:30.190 [apply-main] comp=1 channels=1 total=0.3ms | gpu-upload[ch1]=0.2ms | end_to_end_latency=13654ms hires=False capped=True
01:45:30.283 [render] kind=interactive total=90.9ms | gpu=73.8ms | 
01:45:30.410 [apply-main] comp=1 channels=1 total=0.2ms | gpu-upload[ch0]=0.2ms | end_to_end_latency=13875ms hires=False capped=True
01:45:30.456 [render] kind=interactive total=44.5ms | gpu=28.8ms | 
01:45:32.674 [vtk-image] view=main total=59.2ms | ascontiguous=0.0ms downsample=55.2ms numpy_to_vtk=3.5ms | shape=(48, 512, 512) bytes=24.0MB downsampled=True
01:45:32.677 [vtk-image] view=main total=65.9ms | ascontiguous=0.0ms downsample=58.9ms numpy_to_vtk=3.1ms | shape=(48, 512, 512) bytes=24.0MB downsampled=True
01:45:32.777 [apply-main] comp=1 channels=1 total=0.4ms | gpu-upload[ch0]=0.3ms | end_to_end_latency=16241ms hires=False capped=True
01:45:32.777 [apply-main] comp=1 channels=1 total=0.2ms | gpu-upload[ch1]=0.1ms | end_to_end_latency=16241ms hires=False capped=True
01:45:32.837 [vtk-image] view=main total=67.6ms | ascontiguous=0.0ms downsample=63.4ms numpy_to_vtk=4.0ms | shape=(48, 512, 512) bytes=24.0MB downsampled=True
01:45:32.844 [vtk-image] view=main total=69.2ms | ascontiguous=0.0ms downsample=65.2ms numpy_to_vtk=3.9ms | shape=(48, 512, 512) bytes=24.0MB downsampled=True
01:45:32.874 [render] kind=interactive total=96.3ms | gpu=80.0ms | 
01:45:33.001 [vtk-image] view=main total=58.4ms | ascontiguous=0.0ms downsample=54.3ms numpy_to_vtk=3.9ms | shape=(48, 512, 512) bytes=24.0MB downsampled=True
01:45:33.008 [apply-main] comp=1 channels=1 total=0.3ms | gpu-upload[ch0]=0.2ms | end_to_end_latency=16472ms hires=False capped=True
01:45:33.008 [apply-main] comp=1 channels=1 total=0.1ms | gpu-upload[ch1]=0.1ms | end_to_end_latency=16473ms hires=False capped=True
01:45:33.012 [vtk-image] view=main total=65.0ms | ascontiguous=0.0ms downsample=61.1ms numpy_to_vtk=3.8ms | shape=(48, 512, 512) bytes=24.0MB downsampled=True
01:45:33.061 [vtk-image] view=main total=58.8ms | ascontiguous=0.0ms downsample=55.6ms numpy_to_vtk=3.1ms | shape=(48, 512, 512) bytes=24.0MB downsampled=True
01:45:33.173 [render] kind=interactive total=164.2ms | gpu=151.9ms | 
01:45:33.301 [apply-main] comp=1 channels=1 total=0.4ms | gpu-upload[ch1]=0.3ms | end_to_end_latency=16766ms hires=False capped=True
01:45:33.302 [apply-main] comp=1 channels=1 total=0.2ms | gpu-upload[ch0]=0.1ms | end_to_end_latency=16766ms hires=False capped=True
01:45:33.366 [render] kind=interactive total=63.8ms | gpu=51.8ms | 
01:45:33.525 [render] kind=interactive total=81.8ms | gpu=59.8ms | 
01:45:49.378 [vtk-image] view=main total=57.5ms | ascontiguous=0.0ms downsample=54.0ms numpy_to_vtk=3.3ms | shape=(48, 512, 512) bytes=24.0MB downsampled=True
01:45:49.390 [apply-main] comp=1 channels=1 total=0.2ms | gpu-upload[ch1]=0.1ms | end_to_end_latency=32855ms hires=False capped=True
01:45:49.431 [vtk-image] view=main total=52.0ms | ascontiguous=0.0ms downsample=48.4ms numpy_to_vtk=3.5ms | shape=(48, 512, 512) bytes=24.0MB downsampled=True
01:45:49.508 [background-load] comp=1 gen=98 total=30562.0ms |  | channels=2 stage=2/2 queue_wait=2410ms chunk=chunk-cache[hi:hits=77 miss=148 rate=34% evict=32 entries=2 size=776.0MB | lo:entries=2 size=10.8MB evict=0] fetched=9.9GB]
01:45:49.556 [render] kind=interactive total=165.8ms | gpu=126.6ms | 
01:45:49.686 [apply-main] comp=1 channels=1 total=0.3ms | gpu-upload[ch1]=0.2ms | end_to_end_latency=33150ms hires=False capped=True
01:45:49.754 [render] kind=interactive total=67.5ms | gpu=47.0ms | 
01:45:52.680 [vtk-image] view=main total=209.5ms | ascontiguous=0.0ms numpy_to_vtk=209.4ms | shape=(194, 2048, 2048) bytes=1.5GB downsampled=False
01:45:52.802 [apply-main] comp=1 channels=1 total=0.4ms | gpu-upload[ch0]=0.3ms | end_to_end_latency=122ms hires=True capped=False
01:45:53.929 [vtk-image] view=main total=263.0ms | ascontiguous=0.0ms numpy_to_vtk=262.9ms | shape=(194, 2048, 2048) bytes=1.5GB downsampled=False
01:45:55.164 [render] kind=interactive total=2360.2ms | gpu=2336.2ms | 
01:45:55.441 [render] kind=interactive total=104.9ms | gpu=104.8ms | 
01:45:56.454 [vtk-image] view=main total=93.0ms | ascontiguous=0.0ms downsample=89.6ms numpy_to_vtk=3.2ms | shape=(73, 258, 512) bytes=18.4MB downsampled=True
01:45:56.524 [apply-main] comp=3 channels=1 total=0.2ms | gpu-upload[ch0]=0.1ms | end_to_end_latency=1082ms hires=False capped=True
01:45:56.543 [vtk-image] view=main total=44.6ms | ascontiguous=0.0ms downsample=42.0ms numpy_to_vtk=2.4ms | shape=(73, 258, 512) bytes=18.4MB downsampled=True
01:45:56.707 [render] kind=interactive total=181.7ms | gpu=160.0ms | 
01:45:56.836 [apply-main] comp=3 channels=1 total=0.3ms | gpu-upload[ch1]=0.1ms | end_to_end_latency=1393ms hires=False capped=True
01:45:56.897 [render] kind=interactive total=60.1ms | gpu=40.3ms | 
01:45:57.318 [vtk-image] view=main total=70.6ms | ascontiguous=0.0ms downsample=65.2ms numpy_to_vtk=2.4ms | shape=(73, 258, 512) bytes=18.4MB downsampled=True
01:45:57.364 [apply-main] comp=3 channels=1 total=0.2ms | gpu-upload[ch0]=0.1ms | end_to_end_latency=1922ms hires=False capped=True
01:45:57.409 [render] kind=interactive total=44.1ms | gpu=29.6ms | 
01:45:57.412 [vtk-image] view=main total=47.9ms | ascontiguous=0.0ms downsample=45.4ms numpy_to_vtk=2.5ms | shape=(73, 258, 512) bytes=18.4MB downsampled=True
01:45:57.427 [vtk-image] view=main total=63.3ms | ascontiguous=0.0ms downsample=60.1ms numpy_to_vtk=3.1ms | shape=(73, 258, 512) bytes=18.4MB downsampled=True
01:45:57.512 [vtk-image] view=main total=49.1ms | ascontiguous=0.0ms downsample=45.3ms numpy_to_vtk=3.6ms | shape=(73, 258, 512) bytes=18.4MB downsampled=True
01:45:57.534 [apply-main] comp=3 channels=1 total=0.4ms | gpu-upload[ch1]=0.2ms | end_to_end_latency=2092ms hires=False capped=True
01:45:57.534 [apply-main] comp=3 channels=1 total=0.2ms | gpu-upload[ch0]=0.1ms | end_to_end_latency=2092ms hires=False capped=True
01:45:57.534 [background-load] comp=3 gen=103 total=1356.9ms |  | channels=2 stage=1/1 queue_wait=735ms chunk=chunk-cache[hi:hits=77 miss=172 rate=31% evict=38 entries=4 size=694.0MB | lo:entries=2 size=10.8MB evict=0] fetched=12.1GB]
01:45:57.593 [render] kind=interactive total=58.5ms | gpu=44.6ms | 
01:45:57.748 [render] kind=interactive total=31.4ms | gpu=31.3ms | 
01:45:58.362 [vtk-image] view=main total=94.3ms | ascontiguous=0.0ms downsample=84.5ms numpy_to_vtk=9.5ms | shape=(146, 259, 512) bytes=36.9MB downsampled=True
01:45:58.382 [vtk-image] view=main total=99.4ms | ascontiguous=0.0ms downsample=86.7ms numpy_to_vtk=12.5ms | shape=(146, 259, 512) bytes=36.9MB downsampled=True
01:45:58.397 [apply-main] comp=4 channels=1 total=0.2ms | gpu-upload[ch1]=0.1ms | end_to_end_latency=466ms hires=False capped=True
01:45:58.398 [apply-main] comp=4 channels=1 total=0.1ms | gpu-upload[ch0]=0.0ms | end_to_end_latency=466ms hires=False capped=True
01:45:58.543 [render] kind=interactive total=145.3ms | gpu=122.2ms | 
01:45:58.821 [vtk-image] view=main total=76.6ms | ascontiguous=0.0ms downsample=71.9ms numpy_to_vtk=4.6ms | shape=(146, 259, 512) bytes=36.9MB downsampled=True
01:45:58.895 [apply-main] comp=4 channels=1 total=0.3ms | gpu-upload[ch0]=0.2ms | end_to_end_latency=963ms hires=False capped=True
01:45:58.903 [vtk-image] view=main total=91.9ms | ascontiguous=0.0ms downsample=87.3ms numpy_to_vtk=4.4ms | shape=(146, 259, 512) bytes=36.9MB downsampled=True
01:45:58.916 [vtk-image] view=main total=93.8ms | ascontiguous=0.0ms downsample=84.8ms numpy_to_vtk=8.9ms | shape=(146, 259, 512) bytes=36.9MB downsampled=True
01:45:58.962 [render] kind=interactive total=66.8ms | gpu=47.6ms | 
01:45:58.984 [vtk-image] view=main total=79.6ms | ascontiguous=0.0ms downsample=75.0ms numpy_to_vtk=4.5ms | shape=(146, 259, 512) bytes=36.9MB downsampled=True
01:45:58.988 [background-load] comp=4 gen=106 total=809.3ms |  | channels=2 stage=1/1 queue_wait=247ms chunk=chunk-cache[hi:hits=77 miss=178 rate=30% evict=38 entries=6 size=867.3MB | lo:entries=2 size=10.8MB evict=0] fetched=12.3GB]
01:45:59.087 [apply-main] comp=4 channels=1 total=0.4ms | gpu-upload[ch1]=0.3ms | end_to_end_latency=1155ms hires=False capped=True
01:45:59.087 [apply-main] comp=4 channels=1 total=0.1ms | gpu-upload[ch0]=0.1ms | end_to_end_latency=1156ms hires=False capped=True
01:45:59.172 [render] kind=interactive total=85.2ms | gpu=70.6ms | 
01:45:59.468 [vtk-image] view=main total=9.0ms | ascontiguous=0.0ms numpy_to_vtk=8.9ms | shape=(194, 344, 681) bytes=86.7MB downsampled=False
01:45:59.517 [apply-main] comp=4 channels=1 total=0.3ms | gpu-upload[ch0]=0.2ms | end_to_end_latency=49ms hires=True capped=False
01:45:59.556 [vtk-image] view=main total=17.4ms | ascontiguous=0.0ms numpy_to_vtk=17.3ms | shape=(194, 344, 681) bytes=86.7MB downsampled=False
01:45:59.634 [render] kind=interactive total=116.8ms | gpu=102.3ms | 
01:45:59.758 [apply-main] comp=4 channels=1 total=0.4ms | gpu-upload[ch1]=0.3ms | end_to_end_latency=202ms hires=True capped=False
01:45:59.867 [render] kind=interactive total=108.5ms | gpu=90.6ms | 
01:46:00.241 [render] kind=still total=136.4ms | gpu=85.0ms | 
01:46:01.547 [render] kind=interactive total=128.0ms | gpu=95.2ms | 
01:46:01.864 [render] kind=still total=72.1ms | gpu=72.0ms | 
01:46:02.571 [render] kind=still total=52.9ms | gpu=25.8ms | 
01:46:21.704 [render] kind=still total=133.5ms | gpu=82.7ms | 
01:46:23.071 [render] kind=still total=59.7ms | gpu=29.0ms | 
01:46:26.452 [render] kind=still total=143.9ms | gpu=90.4ms | 
